roma@roma-Lenovo-IdeaPad-Z510:~$ ssh romanchikus@
ssh: Could not resolve hostname : Name or service not known
roma@roma-Lenovo-IdeaPad-Z510:~$ romanchikus.webfactional.com
romanchikus.webfactional.com: команда не найдена
roma@roma-Lenovo-IdeaPad-Z510:~$ ssh romanchikus@
ssh: Could not resolve hostname : Name or service not known
roma@roma-Lenovo-IdeaPad-Z510:~$ romanchikus.webfactional.com
romanchikus.webfactional.com: команда не найдена
roma@roma-Lenovo-IdeaPad-Z510:~$ ssh romanchikus@romancikus.webfactional.com
ssh: Could not resolve hostname romancikus.webfactional.com: Name or service not known
roma@roma-Lenovo-IdeaPad-Z510:~$ ssh -i "roma_key.pem" ubuntu@ec2-18-216-91-245.us-east-2.compute.amazonaws.com
Warning: Identity file roma_key.pem not accessible: No such file or directory.
The authenticity of host 'ec2-18-216-91-245.us-east-2.compute.amazonaws.com (18.216.91.245)' can't be established.
ECDSA key fingerprint is SHA256:mZLB6kCZ8dKz4XJVO0kBlxPspIvRp+YpJ422Mi7h1X4.
Are you sure you want to continue connecting (yes/no)? yes
Warning: Permanently added 'ec2-18-216-91-245.us-east-2.compute.amazonaws.com,18.216.91.245' (ECDSA) to the list of known hosts.
Permission denied (publickey).
roma@roma-Lenovo-IdeaPad-Z510:~$ ls
1.css                      djangoshop (копия)   speech
1.html                     eclipse              sps
1.o                        eclipse-workspace    Безымянный документ
anaconda3                  examples.desktop     Видео
apache-maven-3.6.1         java                 Документы
bot                        m1mobile             Загрузки
deja-dup                   m1mobile (копия)     Изображения
dj                         nltk_data            Музыка
djad                       Postman              Общедоступные
djangoshop                 python-telegram-bot  Рабочий стол
djangoshop (другая копия)  snap                 Шаблоны
roma@roma-Lenovo-IdeaPad-Z510:~$ cd Загрузки
roma@roma-Lenovo-IdeaPad-Z510:~/Загрузки$ ді
ді: команда не найдена
roma@roma-Lenovo-IdeaPad-Z510:~/Загрузки$ ls
002 Past-Perfect.pdf
00_Открытые вебинары.zip
12_Django.rar
2019-05-10_maksym_baranskyj.pdf
2019-05-10_viktoriya_zborivska.pdf
2019-05-12_nataliya_vojtas.pdf
2019-05-12_oleksandr_yakymchuk.pdf
Advanced.zip
Anaconda3-2019.03-Linux-x86_64.sh
apache-maven-3.6.1-bin.tar.gz
Backup-codes-r.obednyak.txt
bootstrap-4.3.1-dist.zip
cities15000.zip
code_1.33.1-1554971066_amd64.deb
current.city.list.json.gz
Do_it.json
eclipse-installer
eclipse-inst-linux64.tar.gz
exml_export_format.doc
firstName.json
guide_ajax (2).json
jquery.chainedSelect.js
lastName.json
M0045130-1560854842.pdf
[M1G]Voice2Task technical implementation.pdf
microsoft.gpg
pip-19.2.1-py2.py3-none-any.whl
Postman-linux-x64-7.0.9.tar.gz
roma_key.pem
Small-Talk-1256e65172a4.json
Small-Talk-769554f11f51.json
Small-Talk.zip
speech
speech.tar.gz
speechtotext-c5c577d7182b.json
startbootstrap-shop-homepage-3.3.7.zip
startbootstrap-shop-homepage-gh-pages.zip
Task.json
teamviewer_14.3.4730_amd64.deb
teamviewer_14.3.4730_i386.deb
teamviewer_14.4.2669_amd64.deb
teamviewer_i386.deb
Telegram Desktop
test.cpython-37.pyc
views.pyc
Voice2TaskForBitrix-1904 (1).apk
Voice2TaskForBitrix-1904.apk
Интернет-магазин на Django. Урок №17 Сессии.mp4
Интернет-магазин на Django. Урок №18 Удаляем товар из корзины.mp4
Уроки(1).zip
Уроки(2).zip
Уроки(3).zip
Уроки(4).zip
Уроки.zip
roma@roma-Lenovo-IdeaPad-Z510:~/Загрузки$ chmod 400 roma_key.pem
roma@roma-Lenovo-IdeaPad-Z510:~/Загрузки$ ec2-18-216-91-245.us-east-2.compute.amazonaws.com
ec2-18-216-91-245.us-east-2.compute.amazonaws.com: команда не найдена
roma@roma-Lenovo-IdeaPad-Z510:~/Загрузки$ ssh -i "roma_key.pem" ubuntu@ec2-18-216-91-245.us-east-2.compute.amazonaws.com
Welcome to Ubuntu 18.04.3 LTS (GNU/Linux 4.15.0-1051-aws x86_64)

 * Documentation:  https://help.ubuntu.com
 * Management:     https://landscape.canonical.com
 * Support:        https://ubuntu.com/advantage

  System information as of Sun Oct 20 10:07:36 UTC 2019

  System load:  0.0               Processes:           85
  Usage of /:   6.8% of 15.45GB   Users logged in:     0
  Memory usage: 15%               IP address for eth0: 172.31.16.234
  Swap usage:   0%

0 packages can be updated.
0 updates are security updates.



The programs included with the Ubuntu system are free software;
the exact distribution terms for each program are described in the
individual files in /usr/share/doc/*/copyright.

Ubuntu comes with ABSOLUTELY NO WARRANTY, to the extent permitted by
applicable law.

To run a command as administrator (user "root"), use "sudo <command>".
See "man sudo_root" for details.

ubuntu@ip-172-31-16-234:~$ sudo passwd
Enter new UNIX password: 
Retype new UNIX password: 
passwd: password updated successfully
ubuntu@ip-172-31-16-234:~$ su
Password: 
root@ip-172-31-16-234:/home/ubuntu# дд
дд: command not found
root@ip-172-31-16-234:/home/ubuntu# ll
total 32
drwxr-xr-x 5 ubuntu ubuntu 4096 Oct 20 10:09 ./
drwxr-xr-x 3 root   root   4096 Oct 20 10:00 ../
-rw-r--r-- 1 ubuntu ubuntu  220 Apr  4  2018 .bash_logout
-rw-r--r-- 1 ubuntu ubuntu 3771 Apr  4  2018 .bashrc
drwx------ 2 ubuntu ubuntu 4096 Oct 20 10:07 .cache/
drwx------ 3 ubuntu ubuntu 4096 Oct 20 10:07 .gnupg/
-rw-r--r-- 1 ubuntu ubuntu  807 Apr  4  2018 .profile
drwx------ 2 ubuntu ubuntu 4096 Oct 20 10:00 .ssh/
-rw-r--r-- 1 ubuntu ubuntu    0 Oct 20 10:09 .sudo_as_admin_successful
root@ip-172-31-16-234:/home/ubuntu# apt-get
apt 1.6.12 (amd64)
Usage: apt-get [options] command
       apt-get [options] install|remove pkg1 [pkg2 ...]
       apt-get [options] source pkg1 [pkg2 ...]

apt-get is a command line interface for retrieval of packages
and information about them from authenticated sources and
for installation, upgrade and removal of packages together
with their dependencies.

Most used commands:
  update - Retrieve new lists of packages
  upgrade - Perform an upgrade
  install - Install new packages (pkg is libc6 not libc6.deb)
  remove - Remove packages
  purge - Remove packages and config files
  autoremove - Remove automatically all unused packages
  dist-upgrade - Distribution upgrade, see apt-get(8)
  dselect-upgrade - Follow dselect selections
  build-dep - Configure build-dependencies for source packages
  clean - Erase downloaded archive files
  autoclean - Erase old downloaded archive files
  check - Verify that there are no broken dependencies
  source - Download source archives
  download - Download the binary package into the current directory
  changelog - Download and display the changelog for the given package

See apt-get(8) for more information about the available commands.
Configuration options and syntax is detailed in apt.conf(5).
Information about how to configure sources can be found in sources.list(5).
Package and version choices can be expressed via apt_preferences(5).
Security details are available in apt-secure(8).
                                        This APT has Super Cow Powers.
root@ip-172-31-16-234:/home/ubuntu#  pwd
/home/ubuntu
root@ip-172-31-16-234:/home/ubuntu# python3 -m venv env
The virtual environment was not created successfully because ensurepip is not
available.  On Debian/Ubuntu systems, you need to install the python3-venv
package using the following command.

    apt-get install python3-venv

You may need to use sudo with that command.  After installing the python3-venv
package, recreate your virtual environment.

Failing command: ['/home/ubuntu/env/bin/python3', '-Im', 'ensurepip', '--upgrade', '--default-pip']

root@ip-172-31-16-234:/home/ubuntu# apt-get install python3-ven
Reading package lists... Done
Building dependency tree       
Reading state information... Done
E: Unable to locate package python3-ven
root@ip-172-31-16-234:/home/ubuntu# ls
env
root@ip-172-31-16-234:/home/ubuntu# mkdir djaro
root@ip-172-31-16-234:/home/ubuntu# python3 -m venv djaro
The virtual environment was not created successfully because ensurepip is not
available.  On Debian/Ubuntu systems, you need to install the python3-venv
package using the following command.

    apt-get install python3-venv

You may need to use sudo with that command.  After installing the python3-venv
package, recreate your virtual environment.

Failing command: ['/home/ubuntu/djaro/bin/python3', '-Im', 'ensurepip', '--upgrade', '--default-pip']

root@ip-172-31-16-234:/home/ubuntu# apt-get install python3-venv
Reading package lists... Done
Building dependency tree       
Reading state information... Done
Package python3-venv is not available, but is referred to by another package.
This may mean that the package is missing, has been obsoleted, or
is only available from another source

E: Package 'python3-venv' has no installation candidate
root@ip-172-31-16-234:/home/ubuntu# apt-get install python3-venv
Reading package lists... Done
Building dependency tree       
Reading state information... Done
Package python3-venv is not available, but is referred to by another package.
This may mean that the package is missing, has been obsoleted, or
is only available from another source

E: Package 'python3-venv' has no installation candidate
root@ip-172-31-16-234:/home/ubuntu# sudo apt-get install python3-venv
Reading package lists... Done
Building dependency tree       
Reading state information... Done
Package python3-venv is not available, but is referred to by another package.
This may mean that the package is missing, has been obsoleted, or
is only available from another source

E: Package 'python3-venv' has no installation candidate
root@ip-172-31-16-234:/home/ubuntu# sudo !!
sudo sudo apt-get install python3-venv
Reading package lists... Done
Building dependency tree       
Reading state information... Done
Package python3-venv is not available, but is referred to by another package.
This may mean that the package is missing, has been obsoleted, or
is only available from another source

E: Package 'python3-venv' has no installation candidate
root@ip-172-31-16-234:/home/ubuntu# python3
Python 3.6.8 (default, Aug 20 2019, 17:12:48) 
[GCC 8.3.0] on linux
Type "help", "copyright", "credits" or "license" for more information.
>>> exit()
root@ip-172-31-16-234:/home/ubuntu# sudo sudo apt-get
apt 1.6.12 (amd64)
Usage: apt-get [options] command
       apt-get [options] install|remove pkg1 [pkg2 ...]
       apt-get [options] source pkg1 [pkg2 ...]

apt-get is a command line interface for retrieval of packages
and information about them from authenticated sources and
for installation, upgrade and removal of packages together
with their dependencies.

Most used commands:
  update - Retrieve new lists of packages
  upgrade - Perform an upgrade
  install - Install new packages (pkg is libc6 not libc6.deb)
  remove - Remove packages
  purge - Remove packages and config files
  autoremove - Remove automatically all unused packages
  dist-upgrade - Distribution upgrade, see apt-get(8)
  dselect-upgrade - Follow dselect selections
  build-dep - Configure build-dependencies for source packages
  clean - Erase downloaded archive files
  autoclean - Erase old downloaded archive files
  check - Verify that there are no broken dependencies
  source - Download source archives
  download - Download the binary package into the current directory
  changelog - Download and display the changelog for the given package

See apt-get(8) for more information about the available commands.
Configuration options and syntax is detailed in apt.conf(5).
Information about how to configure sources can be found in sources.list(5).
Package and version choices can be expressed via apt_preferences(5).
Security details are available in apt-secure(8).
                                        This APT has Super Cow Powers.
root@ip-172-31-16-234:/home/ubuntu# sudo sudo apt-get upgrade
Reading package lists... Done
Building dependency tree       
Reading state information... Done
Calculating upgrade... Done
0 upgraded, 0 newly installed, 0 to remove and 0 not upgraded.
root@ip-172-31-16-234:/home/ubuntu# sudo sudo apt-get update
Hit:1 http://us-east-2.ec2.archive.ubuntu.com/ubuntu bionic InRelease
Get:2 http://us-east-2.ec2.archive.ubuntu.com/ubuntu bionic-updates InRelease [88.7 kB]
Get:3 http://us-east-2.ec2.archive.ubuntu.com/ubuntu bionic-backports InRelease [74.6 kB]
Get:4 http://us-east-2.ec2.archive.ubuntu.com/ubuntu bionic/universe amd64 Packages [8570 kB]
Get:5 http://security.ubuntu.com/ubuntu bionic-security InRelease [88.7 kB]    
Get:6 http://us-east-2.ec2.archive.ubuntu.com/ubuntu bionic/universe Translation-en [4941 kB]
Get:7 http://us-east-2.ec2.archive.ubuntu.com/ubuntu bionic/multiverse amd64 Packages [151 kB]
Get:8 http://us-east-2.ec2.archive.ubuntu.com/ubuntu bionic/multiverse Translation-en [108 kB]
Get:9 http://us-east-2.ec2.archive.ubuntu.com/ubuntu bionic-updates/main amd64 Packages [753 kB]
Get:10 http://us-east-2.ec2.archive.ubuntu.com/ubuntu bionic-updates/main Translation-en [271 kB]
Get:11 http://us-east-2.ec2.archive.ubuntu.com/ubuntu bionic-updates/restricted amd64 Packages [15.7 kB]
Get:12 http://us-east-2.ec2.archive.ubuntu.com/ubuntu bionic-updates/restricted Translation-en [4956 B]
Get:13 http://us-east-2.ec2.archive.ubuntu.com/ubuntu bionic-updates/universe amd64 Packages [1012 kB]
Get:14 http://us-east-2.ec2.archive.ubuntu.com/ubuntu bionic-updates/universe Translation-en [312 kB]
Get:15 http://us-east-2.ec2.archive.ubuntu.com/ubuntu bionic-updates/multiverse amd64 Packages [7884 B]
Get:16 http://us-east-2.ec2.archive.ubuntu.com/ubuntu bionic-updates/multiverse Translation-en [3944 B]
Get:17 http://us-east-2.ec2.archive.ubuntu.com/ubuntu bionic-backports/main amd64 Packages [2512 B]
Get:18 http://us-east-2.ec2.archive.ubuntu.com/ubuntu bionic-backports/main Translation-en [1644 B]
Get:19 http://us-east-2.ec2.archive.ubuntu.com/ubuntu bionic-backports/universe amd64 Packages [4020 B]
Get:20 http://us-east-2.ec2.archive.ubuntu.com/ubuntu bionic-backports/universe Translation-en [1856 B]
Get:21 http://security.ubuntu.com/ubuntu bionic-security/main amd64 Packages [531 kB]
Get:22 http://security.ubuntu.com/ubuntu bionic-security/main Translation-en [178 kB]
Get:23 http://security.ubuntu.com/ubuntu bionic-security/restricted amd64 Packages [8872 B]
Get:24 http://security.ubuntu.com/ubuntu bionic-security/restricted Translation-en [3296 B]
Get:25 http://security.ubuntu.com/ubuntu bionic-security/universe amd64 Packages [613 kB]
Get:26 http://security.ubuntu.com/ubuntu bionic-security/universe Translation-en [204 kB]
Get:27 http://security.ubuntu.com/ubuntu bionic-security/multiverse amd64 Packages [5260 B]
Get:28 http://security.ubuntu.com/ubuntu bionic-security/multiverse Translation-en [2464 B]
Fetched 18.0 MB in 4s (4103 kB/s)                       
Reading package lists... Done
root@ip-172-31-16-234:/home/ubuntu# sudo sudo apt-get install python3-venv
Reading package lists... Done
Building dependency tree       
Reading state information... Done
The following additional packages will be installed:
  libpython3.6 libpython3.6-minimal libpython3.6-stdlib python-pip-whl
  python3-distutils python3-lib2to3 python3.6 python3.6-minimal python3.6-venv
Suggested packages:
  python3.6-doc binutils binfmt-support
The following NEW packages will be installed:
  python-pip-whl python3-distutils python3-lib2to3 python3-venv python3.6-venv
The following packages will be upgraded:
  libpython3.6 libpython3.6-minimal libpython3.6-stdlib python3.6
  python3.6-minimal
5 upgraded, 5 newly installed, 0 to remove and 14 not upgraded.
Need to get 7349 kB of archives.
After this operation, 4021 kB of additional disk space will be used.
Do you want to continue? [Y/n] y
Get:1 http://us-east-2.ec2.archive.ubuntu.com/ubuntu bionic-updates/main amd64 libpython3.6 amd64 3.6.8-1~18.04.3 [1415 kB]
Get:2 http://us-east-2.ec2.archive.ubuntu.com/ubuntu bionic-updates/main amd64 python3.6 amd64 3.6.8-1~18.04.3 [202 kB]
Get:3 http://us-east-2.ec2.archive.ubuntu.com/ubuntu bionic-updates/main amd64 libpython3.6-stdlib amd64 3.6.8-1~18.04.3 [1712 kB]
Get:4 http://us-east-2.ec2.archive.ubuntu.com/ubuntu bionic-updates/main amd64 python3.6-minimal amd64 3.6.8-1~18.04.3 [1610 kB]
Get:5 http://us-east-2.ec2.archive.ubuntu.com/ubuntu bionic-updates/main amd64 libpython3.6-minimal amd64 3.6.8-1~18.04.3 [533 kB]
Get:6 http://us-east-2.ec2.archive.ubuntu.com/ubuntu bionic-updates/universe amd64 python-pip-whl all 9.0.1-2.3~ubuntu1.18.04.1 [1653 kB]
Get:7 http://us-east-2.ec2.archive.ubuntu.com/ubuntu bionic-updates/main amd64 python3-lib2to3 all 3.6.8-1~18.04 [76.5 kB]
Get:8 http://us-east-2.ec2.archive.ubuntu.com/ubuntu bionic-updates/main amd64 python3-distutils all 3.6.8-1~18.04 [141 kB]
Get:9 http://us-east-2.ec2.archive.ubuntu.com/ubuntu bionic-updates/universe amd64 python3.6-venv amd64 3.6.8-1~18.04.3 [6188 B]
Get:10 http://us-east-2.ec2.archive.ubuntu.com/ubuntu bionic-updates/universe amd64 python3-venv amd64 3.6.7-1~18.04 [1208 B]
Fetched 7349 kB in 0s (61.5 MB/s)  
(Reading database ... 56531 files and directories currently installed.)
Preparing to unpack .../0-libpython3.6_3.6.8-1~18.04.3_amd64.deb ...
Unpacking libpython3.6:amd64 (3.6.8-1~18.04.3) over (3.6.8-1~18.04.2) ...
Preparing to unpack .../1-python3.6_3.6.8-1~18.04.3_amd64.deb ...
Unpacking python3.6 (3.6.8-1~18.04.3) over (3.6.8-1~18.04.2) ...
Preparing to unpack .../2-libpython3.6-stdlib_3.6.8-1~18.04.3_amd64.deb ...
Unpacking libpython3.6-stdlib:amd64 (3.6.8-1~18.04.3) over (3.6.8-1~18.04.2) ...
Preparing to unpack .../3-python3.6-minimal_3.6.8-1~18.04.3_amd64.deb ...
Unpacking python3.6-minimal (3.6.8-1~18.04.3) over (3.6.8-1~18.04.2) ...
Preparing to unpack .../4-libpython3.6-minimal_3.6.8-1~18.04.3_amd64.deb ...
Unpacking libpython3.6-minimal:amd64 (3.6.8-1~18.04.3) over (3.6.8-1~18.04.2) ...
Selecting previously unselected package python-pip-whl.
Preparing to unpack .../5-python-pip-whl_9.0.1-2.3~ubuntu1.18.04.1_all.deb ...
Unpacking python-pip-whl (9.0.1-2.3~ubuntu1.18.04.1) ...
Selecting previously unselected package python3-lib2to3.
Preparing to unpack .../6-python3-lib2to3_3.6.8-1~18.04_all.deb ...
Unpacking python3-lib2to3 (3.6.8-1~18.04) ...
Selecting previously unselected package python3-distutils.
Preparing to unpack .../7-python3-distutils_3.6.8-1~18.04_all.deb ...
Unpacking python3-distutils (3.6.8-1~18.04) ...
Selecting previously unselected package python3.6-venv.
Preparing to unpack .../8-python3.6-venv_3.6.8-1~18.04.3_amd64.deb ...
Unpacking python3.6-venv (3.6.8-1~18.04.3) ...
Selecting previously unselected package python3-venv.
Preparing to unpack .../9-python3-venv_3.6.7-1~18.04_amd64.deb ...
Unpacking python3-venv (3.6.7-1~18.04) ...
Setting up python-pip-whl (9.0.1-2.3~ubuntu1.18.04.1) ...
Setting up libpython3.6-minimal:amd64 (3.6.8-1~18.04.3) ...
Setting up python3-lib2to3 (3.6.8-1~18.04) ...
Setting up python3-distutils (3.6.8-1~18.04) ...
Setting up libpython3.6-stdlib:amd64 (3.6.8-1~18.04.3) ...
Setting up python3.6-minimal (3.6.8-1~18.04.3) ...
Setting up libpython3.6:amd64 (3.6.8-1~18.04.3) ...
Setting up python3.6 (3.6.8-1~18.04.3) ...
Setting up python3.6-venv (3.6.8-1~18.04.3) ...
Setting up python3-venv (3.6.7-1~18.04) ...
Processing triggers for libc-bin (2.27-3ubuntu1) ...
Processing triggers for man-db (2.8.3-2ubuntu0.1) ...
Processing triggers for mime-support (3.60ubuntu1) ...
root@ip-172-31-16-234:/home/ubuntu# ls
djaro  env
root@ip-172-31-16-234:/home/ubuntu# cd djaro
root@ip-172-31-16-234:/home/ubuntu/djaro# python3 -m venv djaroroot@ip-172-31-16-234:/home/ubuntu/djaro# ls
bin  djaro  include  lib  lib64  pyvenv.cfg
root@ip-172-31-16-234:/home/ubuntu/djaro# source djaro/bin/activate
(djaro) root@ip-172-31-16-234:/home/ubuntu/djaro# git
usage: git [--version] [--help] [-C <path>] [-c <name>=<value>]
           [--exec-path[=<path>]] [--html-path] [--man-path] [--info-path]
           [-p | --paginate | --no-pager] [--no-replace-objects] [--bare]
           [--git-dir=<path>] [--work-tree=<path>] [--namespace=<name>]
           <command> [<args>]

These are common Git commands used in various situations:

start a working area (see also: git help tutorial)
   clone      Clone a repository into a new directory
   init       Create an empty Git repository or reinitialize an existing one

work on the current change (see also: git help everyday)
   add        Add file contents to the index
   mv         Move or rename a file, a directory, or a symlink
   reset      Reset current HEAD to the specified state
   rm         Remove files from the working tree and from the index

examine the history and state (see also: git help revisions)
   bisect     Use binary search to find the commit that introduced a bug
   grep       Print lines matching a pattern
   log        Show commit logs
   show       Show various types of objects
   status     Show the working tree status

grow, mark and tweak your common history
   branch     List, create, or delete branches
   checkout   Switch branches or restore working tree files
   commit     Record changes to the repository
   diff       Show changes between commits, commit and working tree, etc
   merge      Join two or more development histories together
   rebase     Reapply commits on top of another base tip
   tag        Create, list, delete or verify a tag object signed with GPG

collaborate (see also: git help workflows)
   fetch      Download objects and refs from another repository
   pull       Fetch from and integrate with another repository or a local branch
   push       Update remote refs along with associated objects

'git help -a' and 'git help -g' list available subcommands and some
concept guides. See 'git help <command>' or 'git help <concept>'
to read about a specific subcommand or concept.
(djaro) root@ip-172-31-16-234:/home/ubuntu/djaro# git clone git@github.com:Romanchikus/site.git
Cloning into 'site'...
The authenticity of host 'github.com (192.30.253.113)' can't be established.
RSA key fingerprint is SHA256:nThbg6kXUpJWGl7E1IGOCspRomTxdCARLviKw6E5SY8.
Are you sure you want to continue connecting (yes/no)? yes
Warning: Permanently added 'github.com,192.30.253.113' (RSA) to the list of known hosts.
git@github.com: Permission denied (publickey).
fatal: Could not read from remote repository.

Please make sure you have the correct access rights
and the repository exists.
(djaro) root@ip-172-31-16-234:/home/ubuntu/djaro# git clone git@github.com:Romanchikus/site.git
Cloning into 'site'...
Warning: Permanently added the RSA host key for IP address '140.82.114.4' to the list of known hosts.
git@github.com: Permission denied (publickey).
fatal: Could not read from remote repository.

Please make sure you have the correct access rights
and the repository exists.
(djaro) root@ip-172-31-16-234:/home/ubuntu/djaro# git clone git@github.com:Romanchikus/site.git
Cloning into 'site'...
git@github.com: Permission denied (publickey).
fatal: Could not read from remote repository.

Please make sure you have the correct access rights
and the repository exists.
(djaro) root@ip-172-31-16-234:/home/ubuntu/djaro# git clone git@github.com:Romanchikus/site.git djaro
fatal: destination path 'djaro' already exists and is not an empty directory.
(djaro) root@ip-172-31-16-234:/home/ubuntu/djaro# cd
(djaro) root@ip-172-31-16-234:~# cd home/ubuntu/
bash: cd: home/ubuntu/: No such file or directory
(djaro) root@ip-172-31-16-234:~# cd ./.
(djaro) root@ip-172-31-16-234:~# cd ../..
(djaro) root@ip-172-31-16-234:/# ls
bin   home            lib64       opt   sbin  tmp      vmlinuz.old
boot  initrd.img      lost+found  proc  snap  usr
dev   initrd.img.old  media       root  srv   var
etc   lib             mnt         run   sys   vmlinuz
(djaro) root@ip-172-31-16-234:/# cd /home/
(djaro) root@ip-172-31-16-234:/home# ls
ubuntu
(djaro) root@ip-172-31-16-234:/home# cd /home/
(djaro) root@ip-172-31-16-234:/home# cd /ubuntu/
bash: cd: /ubuntu/: No such file or directory
(djaro) root@ip-172-31-16-234:/home# cd /ubuntu
bash: cd: /ubuntu: No such file or directory
(djaro) root@ip-172-31-16-234:/home# cd ubuntu/
(djaro) root@ip-172-31-16-234:/home/ubuntu# ls
djaro  env
(djaro) root@ip-172-31-16-234:/home/ubuntu# git clone git@github.com:Romanchikus/site.git djaro
fatal: destination path 'djaro' already exists and is not an empty directory.
(djaro) root@ip-172-31-16-234:/home/ubuntu# ls
djaro  env
(djaro) root@ip-172-31-16-234:/home/ubuntu# cd djaro
(djaro) root@ip-172-31-16-234:/home/ubuntu/djaro# git remote
fatal: not a git repository (or any of the parent directories): .git
(djaro) root@ip-172-31-16-234:/home/ubuntu/djaro# git remote add pb git@github.com:Romanchikus/site.git
fatal: not a git repository (or any of the parent directories): .git
(djaro) root@ip-172-31-16-234:/home/ubuntu/djaro# git init
Initialized empty Git repository in /home/ubuntu/djaro/.git/
(djaro) root@ip-172-31-16-234:/home/ubuntu/djaro# git remote add pb git@github.com:Romanchikus/site.git
(djaro) root@ip-172-31-16-234:/home/ubuntu/djaro# ls
bin  djaro  include  lib  lib64  pyvenv.cfg
(djaro) root@ip-172-31-16-234:/home/ubuntu/djaro# djaro
djaro: command not found
(djaro) root@ip-172-31-16-234:/home/ubuntu/djaro# cd djaro
(djaro) root@ip-172-31-16-234:/home/ubuntu/djaro/djaro# ls
bin  include  lib  lib64  pyvenv.cfg  share
(djaro) root@ip-172-31-16-234:/home/ubuntu/djaro/djaro# cd ./
(djaro) root@ip-172-31-16-234:/home/ubuntu/djaro/djaro# cd ./.
(djaro) root@ip-172-31-16-234:/home/ubuntu/djaro/djaro# cd ../..
(djaro) root@ip-172-31-16-234:/home/ubuntu#  cd djaro
(djaro) root@ip-172-31-16-234:/home/ubuntu/djaro# ld

Command 'ld' not found, but can be installed with:

apt install binutils

(djaro) root@ip-172-31-16-234:/home/ubuntu/djaro# ldl

Command 'ldl' not found, did you mean:

  command 'qdl' from snap qdl (v1.0-17-ga50ec80)
  command 'mdl' from snap mdl (0.5.0)
  command 'ld' from deb binutils
  command 'ldd' from deb libc-bin
  command 'dll' from deb brickos
  command 'ldm' from deb ldm
  command 'gdl' from deb gnudatalanguage
  command 'pdl' from deb pdl

See 'snap info <snapname>' for additional versions.

(djaro) root@ip-172-31-16-234:/home/ubuntu/djaro# l
bin/  djaro/  include/  lib/  lib64@  pyvenv.cfg
(djaro) root@ip-172-31-16-234:/home/ubuntu/djaro# git status
On branch master

No commits yet

Untracked files:
  (use "git add <file>..." to include in what will be committed)

	bin/
	djaro/
	lib64
	pyvenv.cfg

nothing added to commit but untracked files present (use "git add" to track)
(djaro) root@ip-172-31-16-234:/home/ubuntu/djaro# cd djaro
(djaro) root@ip-172-31-16-234:/home/ubuntu/djaro/djaro# ls
bin  include  lib  lib64  pyvenv.cfg  share
(djaro) root@ip-172-31-16-234:/home/ubuntu/djaro/djaro# cd ../..
(djaro) root@ip-172-31-16-234:/home/ubuntu# cd djaro
(djaro) root@ip-172-31-16-234:/home/ubuntu/djaro# git fetch origin
fatal: 'origin' does not appear to be a git repository
fatal: Could not read from remote repository.

Please make sure you have the correct access rights
and the repository exists.
(djaro) root@ip-172-31-16-234:/home/ubuntu/djaro# git remote show origin
fatal: 'origin' does not appear to be a git repository
fatal: Could not read from remote repository.

Please make sure you have the correct access rights
and the repository exists.
(djaro) root@ip-172-31-16-234:/home/ubuntu/djaro# git remote set-url origin git@github.com:Romanchikus/site.git
fatal: No such remote 'origin'
(djaro) root@ip-172-31-16-234:/home/ubuntu/djaro# eval "$ (ssh-agent -s)"
bash: syntax error near unexpected token `ssh-agent'
(djaro) root@ip-172-31-16-234:/home/ubuntu/djaro# ssh-add
Could not open a connection to your authentication agent.
(djaro) root@ip-172-31-16-234:/home/ubuntu/djaro# eval "$(ssh-agent -s)"
Agent pid 13796
(djaro) root@ip-172-31-16-234:/home/ubuntu/djaro# ssh-add -l
The agent has no identities.
(djaro) root@ip-172-31-16-234:/home/ubuntu/djaro# ^C
(djaro) root@ip-172-31-16-234:/home/ubuntu/djaro# ssh-add ~/.ssh/id_rsa
/root/.ssh/id_rsa: No such file or directory
(djaro) root@ip-172-31-16-234:/home/ubuntu/djaro# git
usage: git [--version] [--help] [-C <path>] [-c <name>=<value>]
           [--exec-path[=<path>]] [--html-path] [--man-path] [--info-path]
           [-p | --paginate | --no-pager] [--no-replace-objects] [--bare]
           [--git-dir=<path>] [--work-tree=<path>] [--namespace=<name>]
           <command> [<args>]

These are common Git commands used in various situations:

start a working area (see also: git help tutorial)
   clone      Clone a repository into a new directory
   init       Create an empty Git repository or reinitialize an existing one

work on the current change (see also: git help everyday)
   add        Add file contents to the index
   mv         Move or rename a file, a directory, or a symlink
   reset      Reset current HEAD to the specified state
   rm         Remove files from the working tree and from the index

examine the history and state (see also: git help revisions)
   bisect     Use binary search to find the commit that introduced a bug
   grep       Print lines matching a pattern
   log        Show commit logs
   show       Show various types of objects
   status     Show the working tree status

grow, mark and tweak your common history
   branch     List, create, or delete branches
   checkout   Switch branches or restore working tree files
   commit     Record changes to the repository
   diff       Show changes between commits, commit and working tree, etc
   merge      Join two or more development histories together
   rebase     Reapply commits on top of another base tip
   tag        Create, list, delete or verify a tag object signed with GPG

collaborate (see also: git help workflows)
   fetch      Download objects and refs from another repository
   pull       Fetch from and integrate with another repository or a local branch
   push       Update remote refs along with associated objects

'git help -a' and 'git help -g' list available subcommands and some
concept guides. See 'git help <command>' or 'git help <concept>'
to read about a specific subcommand or concept.
(djaro) root@ip-172-31-16-234:/home/ubuntu/djaro# git list
git: 'list' is not a git command. See 'git --help'.

The most similar commands are
	bisect
	rev-list
(djaro) root@ip-172-31-16-234:/home/ubuntu/djaro# git status
On branch master

No commits yet

Untracked files:
  (use "git add <file>..." to include in what will be committed)

	bin/
	djaro/
	lib64
	pyvenv.cfg

nothing added to commit but untracked files present (use "git add" to track)
(djaro) root@ip-172-31-16-234:/home/ubuntu/djaro# git clone https://github.com/Romanchikus/site.git
Cloning into 'site'...
remote: Enumerating objects: 160, done.
remote: Counting objects: 100% (160/160), done.
remote: Compressing objects: 100% (104/104), done.
remote: Total 160 (delta 46), reused 160 (delta 46), pack-reused 0
Receiving objects: 100% (160/160), 2.54 MiB | 22.58 MiB/s, done.
Resolving deltas: 100% (46/46), done.
(djaro) root@ip-172-31-16-234:/home/ubuntu/djaro# git status
On branch master

No commits yet

Untracked files:
  (use "git add <file>..." to include in what will be committed)

	bin/
	djaro/
	lib64
	pyvenv.cfg
	site/

nothing added to commit but untracked files present (use "git add" to track)
(djaro) root@ip-172-31-16-234:/home/ubuntu/djaro# ls
bin  djaro  include  lib  lib64  pyvenv.cfg  site
(djaro) root@ip-172-31-16-234:/home/ubuntu/djaro# cd bin
(djaro) root@ip-172-31-16-234:/home/ubuntu/djaro/bin# l
python@  python3@
(djaro) root@ip-172-31-16-234:/home/ubuntu/djaro/bin# cd /..
(djaro) root@ip-172-31-16-234:/# cd home/ubuntu
(djaro) root@ip-172-31-16-234:/home/ubuntu# ls
djaro  env
(djaro) root@ip-172-31-16-234:/home/ubuntu# cd djaro
(djaro) root@ip-172-31-16-234:/home/ubuntu/djaro# ls
bin  djaro  include  lib  lib64  pyvenv.cfg  site
(djaro) root@ip-172-31-16-234:/home/ubuntu/djaro# cd site
(djaro) root@ip-172-31-16-234:/home/ubuntu/djaro/site# l
db.sqlite3   ecomapp/    media/           static_in_dev/
djangoshop/  manage.py*  product_images/
(djaro) root@ip-172-31-16-234:/home/ubuntu/djaro/site# python3 manage.py runserver
Traceback (most recent call last):
  File "manage.py", line 10, in main
    from django.core.management import execute_from_command_line
ModuleNotFoundError: No module named 'django'

The above exception was the direct cause of the following exception:

Traceback (most recent call last):
  File "manage.py", line 21, in <module>
    main()
  File "manage.py", line 16, in main
    ) from exc
ImportError: Couldn't import Django. Are you sure it's installed and available on your PYTHONPATH environment variable? Did you forget to activate a virtual environment?
(djaro) root@ip-172-31-16-234:/home/ubuntu/djaro/site# ls
db.sqlite3  ecomapp    media           static_in_dev
djangoshop  manage.py  product_images
(djaro) root@ip-172-31-16-234:/home/ubuntu/djaro/site# cd djangoshop
(djaro) root@ip-172-31-16-234:/home/ubuntu/djaro/site/djangoshop# ls
__init__.py  __pycache__  settings.py  urls.py  wsgi.py
(djaro) root@ip-172-31-16-234:/home/ubuntu/djaro/site/djangoshop# cd ../
(djaro) root@ip-172-31-16-234:/home/ubuntu/djaro/site# cd ecomapp
(djaro) root@ip-172-31-16-234:/home/ubuntu/djaro/site/ecomapp# l
Card.py      __pycache__/  apps.py   migrations/  templates/  urls.py
__init__.py  admin.py      forms.py  models.py    tests.py    views.py
(djaro) root@ip-172-31-16-234:/home/ubuntu/djaro/site/ecomapp# 
(djaro) root@ip-172-31-16-234:/home/ubuntu/djaro/site/ecomapp# ls
Card.py      __pycache__  apps.py   migrations  templates  urls.py
__init__.py  admin.py     forms.py  models.py   tests.py   views.py
(djaro) root@ip-172-31-16-234:/home/ubuntu/djaro/site/ecomapp# cd ../
(djaro) root@ip-172-31-16-234:/home/ubuntu/djaro/site# cd ../
(djaro) root@ip-172-31-16-234:/home/ubuntu/djaro# ls
bin  djaro  include  lib  lib64  pyvenv.cfg  site
(djaro) root@ip-172-31-16-234:/home/ubuntu/djaro# sudo rm -r -f /site/
(djaro) root@ip-172-31-16-234:/home/ubuntu/djaro# ls
bin  djaro  include  lib  lib64  pyvenv.cfg  site
(djaro) root@ip-172-31-16-234:/home/ubuntu/djaro# cd site
(djaro) root@ip-172-31-16-234:/home/ubuntu/djaro/site# ls
db.sqlite3  ecomapp    media           static_in_dev
djangoshop  manage.py  product_images
(djaro) root@ip-172-31-16-234:/home/ubuntu/djaro/site# ls
db.sqlite3  ecomapp    media           static_in_dev
djangoshop  manage.py  product_images
(djaro) root@ip-172-31-16-234:/home/ubuntu/djaro/site# cd ../
(djaro) root@ip-172-31-16-234:/home/ubuntu/djaro# ls
bin  djaro  include  lib  lib64  pyvenv.cfg  site
(djaro) root@ip-172-31-16-234:/home/ubuntu/djaro# sudo rm -r site
(djaro) root@ip-172-31-16-234:/home/ubuntu/djaro# ls
bin  djaro  include  lib  lib64  pyvenv.cfg
(djaro) root@ip-172-31-16-234:/home/ubuntu/djaro# git clone https://github.com/Romanchikus/site.git
Cloning into 'site'...
remote: Enumerating objects: 165, done.
remote: Counting objects: 100% (165/165), done.
remote: Compressing objects: 100% (106/106), done.
remote: Total 165 (delta 49), reused 165 (delta 49), pack-reused 0
Receiving objects: 100% (165/165), 2.54 MiB | 22.80 MiB/s, done.
Resolving deltas: 100% (49/49), done.
(djaro) root@ip-172-31-16-234:/home/ubuntu/djaro# ls
bin  djaro  include  lib  lib64  pyvenv.cfg  site
(djaro) root@ip-172-31-16-234:/home/ubuntu/djaro# cd site
(djaro) root@ip-172-31-16-234:/home/ubuntu/djaro/site# ls
db.sqlite3  ecomapp    media           requirements.txt
djangoshop  manage.py  product_images  static_in_dev
(djaro) root@ip-172-31-16-234:/home/ubuntu/djaro/site# pip install -r requirements.txt
Collecting alabaster==0.7.12 (from -r requirements.txt (line 1))
  Downloading https://files.pythonhosted.org/packages/10/ad/00b090d23a222943eb0eda509720a404f531a439e803f6538f35136cae9e/alabaster-0.7.12-py2.py3-none-any.whl
Collecting anaconda-client==1.7.2 (from -r requirements.txt (line 2))
  Could not find a version that satisfies the requirement anaconda-client==1.7.2 (from -r requirements.txt (line 2)) (from versions: 1.1.1, 1.2.2)
No matching distribution found for anaconda-client==1.7.2 (from -r requirements.txt (line 2))
(djaro) root@ip-172-31-16-234:/home/ubuntu/djaro/site# cd ../
(djaro) root@ip-172-31-16-234:/home/ubuntu/djaro# sudo rm -r site
(djaro) root@ip-172-31-16-234:/home/ubuntu/djaro# ls
bin  djaro  include  lib  lib64  pyvenv.cfg
(djaro) root@ip-172-31-16-234:/home/ubuntu/djaro# git clone https://github.com/Romanchikus/site.git
Cloning into 'site'...
remote: Enumerating objects: 179, done.
remote: Counting objects: 100% (179/179), done.
remote: Compressing objects: 100% (120/120), done.
remote: Total 179 (delta 58), reused 163 (delta 49), pack-reused 0
Receiving objects: 100% (179/179), 2.54 MiB | 22.44 MiB/s, done.
Resolving deltas: 100% (58/58), done.
(djaro) root@ip-172-31-16-234:/home/ubuntu/djaro# ls
bin  djaro  include  lib  lib64  pyvenv.cfg  site
(djaro) root@ip-172-31-16-234:/home/ubuntu/djaro# cd site
(djaro) root@ip-172-31-16-234:/home/ubuntu/djaro/site# ls
db.sqlite3  ecomapp    media           requirements.txt
djangoshop  manage.py  product_images  static_in_dev
(djaro) root@ip-172-31-16-234:/home/ubuntu/djaro/site# pip install -r requirements.txt
Collecting alabaster==0.7.12 (from -r requirements.txt (line 1))
  Using cached https://files.pythonhosted.org/packages/10/ad/00b090d23a222943eb0eda509720a404f531a439e803f6538f35136cae9e/alabaster-0.7.12-py2.py3-none-any.whl
Collecting asn1crypto==0.24.0 (from -r requirements.txt (line 2))
  Downloading https://files.pythonhosted.org/packages/ea/cd/35485615f45f30a510576f1a56d1e0a7ad7bd8ab5ed7cdc600ef7cd06222/asn1crypto-0.24.0-py2.py3-none-any.whl (101kB)
    100% |████████████████████████████████| 102kB 2.6MB/s 
Collecting astroid==2.2.5 (from -r requirements.txt (line 3))
  Downloading https://files.pythonhosted.org/packages/d5/ad/7221a62a2dbce5c3b8c57fd18e1052c7331adc19b3f27f1561aa6e620db2/astroid-2.2.5-py3-none-any.whl (193kB)
    100% |████████████████████████████████| 194kB 4.1MB/s 
Collecting astropy==3.1.2 (from -r requirements.txt (line 4))
  Downloading https://files.pythonhosted.org/packages/7a/f8/2867a9f5c97881985ee98aa19bd89ca357a4395ee7582e3c9c5ca308f1f3/astropy-3.1.2-cp36-cp36m-manylinux1_x86_64.whl (6.2MB)
    100% |████████████████████████████████| 6.2MB 222kB/s 
Collecting atomicwrites==1.3.0 (from -r requirements.txt (line 5))
  Downloading https://files.pythonhosted.org/packages/52/90/6155aa926f43f2b2a22b01be7241be3bfd1ceaf7d0b3267213e8127d41f4/atomicwrites-1.3.0-py2.py3-none-any.whl
Collecting attrs==19.1.0 (from -r requirements.txt (line 6))
  Downloading https://files.pythonhosted.org/packages/23/96/d828354fa2dbdf216eaa7b7de0db692f12c234f7ef888cc14980ef40d1d2/attrs-19.1.0-py2.py3-none-any.whl
Collecting Babel==2.6.0 (from -r requirements.txt (line 7))
  Downloading https://files.pythonhosted.org/packages/b8/ad/c6f60602d3ee3d92fbed87675b6fb6a6f9a38c223343ababdb44ba201f10/Babel-2.6.0-py2.py3-none-any.whl (8.1MB)
    100% |████████████████████████████████| 8.1MB 171kB/s 
Collecting backcall==0.1.0 (from -r requirements.txt (line 8))
  Downloading https://files.pythonhosted.org/packages/84/71/c8ca4f5bb1e08401b916c68003acf0a0655df935d74d93bf3f3364b310e0/backcall-0.1.0.tar.gz
Collecting backports.os==0.1.1 (from -r requirements.txt (line 9))
  Downloading https://files.pythonhosted.org/packages/2b/e0/e7f8afefb8219e6b686722923db073b5bd54e1336b5a8b32da66c2edd0e8/backports.os-0.1.1-py3-none-any.whl
Collecting backports.shutil-get-terminal-size==1.0.0 (from -r requirements.txt (line 10))
  Downloading https://files.pythonhosted.org/packages/7d/cd/1750d6c35fe86d35f8562091737907f234b78fdffab42b29c72b1dd861f4/backports.shutil_get_terminal_size-1.0.0-py2.py3-none-any.whl
Collecting beautifulsoup4==4.7.1 (from -r requirements.txt (line 11))
  Downloading https://files.pythonhosted.org/packages/1d/5d/3260694a59df0ec52f8b4883f5d23b130bc237602a1411fa670eae12351e/beautifulsoup4-4.7.1-py3-none-any.whl (94kB)
    100% |████████████████████████████████| 102kB 10.3MB/s 
Collecting bitarray==0.9.0 (from -r requirements.txt (line 12))
  Downloading https://files.pythonhosted.org/packages/64/02/48ed15b393641f343fe4b9c10fc12751bac0a93cc2d699bc6676a24bf7ab/bitarray-0.9.0.tar.gz
Collecting bkcharts==0.2 (from -r requirements.txt (line 13))
  Downloading https://files.pythonhosted.org/packages/8f/bf/f4975a10ce859da55e17c16fff45159f224344a6220e79c528ab288d0720/bkcharts-0.2.tar.gz (97kB)
    100% |████████████████████████████████| 102kB 10.0MB/s 
Collecting bleach==3.1.0 (from -r requirements.txt (line 14))
  Downloading https://files.pythonhosted.org/packages/ab/05/27e1466475e816d3001efb6e0a85a819be17411420494a1e602c36f8299d/bleach-3.1.0-py2.py3-none-any.whl (157kB)
    100% |████████████████████████████████| 163kB 7.2MB/s 
Collecting blessings==1.7 (from -r requirements.txt (line 15))
  Downloading https://files.pythonhosted.org/packages/03/74/489f85a78247609c6b4f13733cbf3ba0d864b11aa565617b645d6fdf2a4a/blessings-1.7-py3-none-any.whl
Collecting blinker==1.4 (from -r requirements.txt (line 16))
  Downloading https://files.pythonhosted.org/packages/1b/51/e2a9f3b757eb802f61dc1f2b09c8c99f6eb01cf06416c0671253536517b6/blinker-1.4.tar.gz (111kB)
    100% |████████████████████████████████| 112kB 9.5MB/s 
Collecting bokeh==1.1.0 (from -r requirements.txt (line 17))
  Downloading https://files.pythonhosted.org/packages/55/3b/14ab63362486a2c9593bff66b813e34b71d16ad65b5f7d4bfe4934f17ffb/bokeh-1.1.0.tar.gz (17.5MB)
    100% |████████████████████████████████| 17.5MB 76kB/s 
Collecting boto==2.49.0 (from -r requirements.txt (line 18))
  Downloading https://files.pythonhosted.org/packages/23/10/c0b78c27298029e4454a472a1919bde20cb182dab1662cec7f2ca1dcc523/boto-2.49.0-py2.py3-none-any.whl (1.4MB)
    100% |████████████████████████████████| 1.4MB 1.0MB/s 
Collecting boto3==1.9.135 (from -r requirements.txt (line 19))
  Downloading https://files.pythonhosted.org/packages/3f/1b/4adde85d1cbbe8a8f2fef47276daf496328fc8d7c40d7a8d6a67b0eba45b/boto3-1.9.135-py2.py3-none-any.whl (128kB)
    100% |████████████████████████████████| 133kB 9.0MB/s 
Collecting botocore==1.12.136 (from -r requirements.txt (line 20))
  Downloading https://files.pythonhosted.org/packages/f6/b0/7c377b7390c624a7a3284739973329221997441029e8b213237e00b14c5a/botocore-1.12.136-py2.py3-none-any.whl (5.4MB)
    100% |████████████████████████████████| 5.4MB 237kB/s 
Collecting Bottleneck==1.2.1 (from -r requirements.txt (line 21))
  Downloading https://files.pythonhosted.org/packages/05/ae/cedf5323f398ab4e4ff92d6c431a3e1c6a186f9b41ab3e8258dff786a290/Bottleneck-1.2.1.tar.gz (105kB)
    100% |████████████████████████████████| 112kB 9.8MB/s 
Collecting bs4==0.0.1 (from -r requirements.txt (line 22))
  Downloading https://files.pythonhosted.org/packages/10/ed/7e8b97591f6f456174139ec089c769f89a94a1a4025fe967691de971f314/bs4-0.0.1.tar.gz
Collecting bz2file==0.98 (from -r requirements.txt (line 23))
  Downloading https://files.pythonhosted.org/packages/61/39/122222b5e85cd41c391b68a99ee296584b2a2d1d233e7ee32b4532384f2d/bz2file-0.98.tar.gz
Collecting cachetools==3.1.0 (from -r requirements.txt (line 24))
  Downloading https://files.pythonhosted.org/packages/39/2b/d87fc2369242bd743883232c463f28205902b8579cb68dcf5b11eee1652f/cachetools-3.1.0-py2.py3-none-any.whl
Collecting certifi==2019.3.9 (from -r requirements.txt (line 25))
  Downloading https://files.pythonhosted.org/packages/60/75/f692a584e85b7eaba0e03827b3d51f45f571c2e793dd731e598828d380aa/certifi-2019.3.9-py2.py3-none-any.whl (158kB)
    100% |████████████████████████████████| 163kB 7.4MB/s 
Collecting cffi==1.12.3 (from -r requirements.txt (line 26))
  Downloading https://files.pythonhosted.org/packages/5f/bf/6aa1925384c23ffeb579e97a5569eb9abce41b6310b329352b8252cee1c3/cffi-1.12.3-cp36-cp36m-manylinux1_x86_64.whl (430kB)
    100% |████████████████████████████████| 440kB 3.1MB/s 
Collecting chardet==3.0.4 (from -r requirements.txt (line 27))
  Downloading https://files.pythonhosted.org/packages/bc/a9/01ffebfb562e4274b6487b4bb1ddec7ca55ec7510b22e4c51f14098443b8/chardet-3.0.4-py2.py3-none-any.whl (133kB)
    100% |████████████████████████████████| 143kB 8.4MB/s 
Collecting Click==7.0 (from -r requirements.txt (line 28))
  Downloading https://files.pythonhosted.org/packages/fa/37/45185cb5abbc30d7257104c434fe0b07e5a195a6847506c074527aa599ec/Click-7.0-py2.py3-none-any.whl (81kB)
    100% |████████████████████████████████| 81kB 9.9MB/s 
Collecting cloudpickle==0.8.1 (from -r requirements.txt (line 29))
  Downloading https://files.pythonhosted.org/packages/6e/bc/67f13115adcce4efc5e4d7f8220fb9a50aaa2b5c7ed460b26cbb76aa76ad/cloudpickle-0.8.1-py2.py3-none-any.whl
Collecting clyent==1.2.2 (from -r requirements.txt (line 30))
  Could not find a version that satisfies the requirement clyent==1.2.2 (from -r requirements.txt (line 30)) (from versions: 0.1.0, 0.2.0, 0.2.1, 0.3.0, 0.3.2, 0.3.3, 0.3.4, 1.0.0, 1.0.1, 1.1.0, 1.2.0, 1.2.1)
No matching distribution found for clyent==1.2.2 (from -r requirements.txt (line 30))
(djaro) root@ip-172-31-16-234:/home/ubuntu/djaro/site# less requirements.txt

[1]+  Stopped                 less requirements.txt
(djaro) root@ip-172-31-16-234:/home/ubuntu/djaro/site# ^C
(djaro) root@ip-172-31-16-234:/home/ubuntu/djaro/site# vim requirements.txt

[2]+  Stopped                 vim requirements.txt
(djaro) root@ip-172-31-16-234:/home/ubuntu/djaro/site# vim requirements.txt

[3]+  Stopped                 vim requirements.txt
(djaro) root@ip-172-31-16-234:/home/ubuntu/djaro/site# pip install -r requirements.txt
Collecting alabaster==0.7.12 (from -r requirements.txt (line 1))
  Using cached https://files.pythonhosted.org/packages/10/ad/00b090d23a222943eb0eda509720a404f531a439e803f6538f35136cae9e/alabaster-0.7.12-py2.py3-none-any.whl
Collecting asn1crypto==0.24.0 (from -r requirements.txt (line 2))
  Using cached https://files.pythonhosted.org/packages/ea/cd/35485615f45f30a510576f1a56d1e0a7ad7bd8ab5ed7cdc600ef7cd06222/asn1crypto-0.24.0-py2.py3-none-any.whl
Collecting astroid==2.2.5 (from -r requirements.txt (line 3))
  Using cached https://files.pythonhosted.org/packages/d5/ad/7221a62a2dbce5c3b8c57fd18e1052c7331adc19b3f27f1561aa6e620db2/astroid-2.2.5-py3-none-any.whl
Collecting astropy==3.1.2 (from -r requirements.txt (line 4))
  Using cached https://files.pythonhosted.org/packages/7a/f8/2867a9f5c97881985ee98aa19bd89ca357a4395ee7582e3c9c5ca308f1f3/astropy-3.1.2-cp36-cp36m-manylinux1_x86_64.whl
Collecting atomicwrites==1.3.0 (from -r requirements.txt (line 5))
  Using cached https://files.pythonhosted.org/packages/52/90/6155aa926f43f2b2a22b01be7241be3bfd1ceaf7d0b3267213e8127d41f4/atomicwrites-1.3.0-py2.py3-none-any.whl
Collecting attrs==19.1.0 (from -r requirements.txt (line 6))
  Using cached https://files.pythonhosted.org/packages/23/96/d828354fa2dbdf216eaa7b7de0db692f12c234f7ef888cc14980ef40d1d2/attrs-19.1.0-py2.py3-none-any.whl
Collecting Babel==2.6.0 (from -r requirements.txt (line 7))
  Using cached https://files.pythonhosted.org/packages/b8/ad/c6f60602d3ee3d92fbed87675b6fb6a6f9a38c223343ababdb44ba201f10/Babel-2.6.0-py2.py3-none-any.whl
Collecting backcall==0.1.0 (from -r requirements.txt (line 8))
  Using cached https://files.pythonhosted.org/packages/84/71/c8ca4f5bb1e08401b916c68003acf0a0655df935d74d93bf3f3364b310e0/backcall-0.1.0.tar.gz
Collecting backports.os==0.1.1 (from -r requirements.txt (line 9))
  Using cached https://files.pythonhosted.org/packages/2b/e0/e7f8afefb8219e6b686722923db073b5bd54e1336b5a8b32da66c2edd0e8/backports.os-0.1.1-py3-none-any.whl
Collecting backports.shutil-get-terminal-size==1.0.0 (from -r requirements.txt (line 10))
  Using cached https://files.pythonhosted.org/packages/7d/cd/1750d6c35fe86d35f8562091737907f234b78fdffab42b29c72b1dd861f4/backports.shutil_get_terminal_size-1.0.0-py2.py3-none-any.whl
Collecting beautifulsoup4==4.7.1 (from -r requirements.txt (line 11))
  Using cached https://files.pythonhosted.org/packages/1d/5d/3260694a59df0ec52f8b4883f5d23b130bc237602a1411fa670eae12351e/beautifulsoup4-4.7.1-py3-none-any.whl
Collecting bitarray==0.9.0 (from -r requirements.txt (line 12))
  Using cached https://files.pythonhosted.org/packages/64/02/48ed15b393641f343fe4b9c10fc12751bac0a93cc2d699bc6676a24bf7ab/bitarray-0.9.0.tar.gz
Collecting bkcharts==0.2 (from -r requirements.txt (line 13))
  Using cached https://files.pythonhosted.org/packages/8f/bf/f4975a10ce859da55e17c16fff45159f224344a6220e79c528ab288d0720/bkcharts-0.2.tar.gz
Collecting bleach==3.1.0 (from -r requirements.txt (line 14))
  Using cached https://files.pythonhosted.org/packages/ab/05/27e1466475e816d3001efb6e0a85a819be17411420494a1e602c36f8299d/bleach-3.1.0-py2.py3-none-any.whl
Collecting blessings==1.7 (from -r requirements.txt (line 15))
  Using cached https://files.pythonhosted.org/packages/03/74/489f85a78247609c6b4f13733cbf3ba0d864b11aa565617b645d6fdf2a4a/blessings-1.7-py3-none-any.whl
Collecting blinker==1.4 (from -r requirements.txt (line 16))
  Using cached https://files.pythonhosted.org/packages/1b/51/e2a9f3b757eb802f61dc1f2b09c8c99f6eb01cf06416c0671253536517b6/blinker-1.4.tar.gz
Collecting bokeh==1.1.0 (from -r requirements.txt (line 17))
  Using cached https://files.pythonhosted.org/packages/55/3b/14ab63362486a2c9593bff66b813e34b71d16ad65b5f7d4bfe4934f17ffb/bokeh-1.1.0.tar.gz
Collecting boto==2.49.0 (from -r requirements.txt (line 18))
  Using cached https://files.pythonhosted.org/packages/23/10/c0b78c27298029e4454a472a1919bde20cb182dab1662cec7f2ca1dcc523/boto-2.49.0-py2.py3-none-any.whl
Collecting boto3==1.9.135 (from -r requirements.txt (line 19))
  Using cached https://files.pythonhosted.org/packages/3f/1b/4adde85d1cbbe8a8f2fef47276daf496328fc8d7c40d7a8d6a67b0eba45b/boto3-1.9.135-py2.py3-none-any.whl
Collecting botocore==1.12.136 (from -r requirements.txt (line 20))
  Using cached https://files.pythonhosted.org/packages/f6/b0/7c377b7390c624a7a3284739973329221997441029e8b213237e00b14c5a/botocore-1.12.136-py2.py3-none-any.whl
Collecting Bottleneck==1.2.1 (from -r requirements.txt (line 21))
  Using cached https://files.pythonhosted.org/packages/05/ae/cedf5323f398ab4e4ff92d6c431a3e1c6a186f9b41ab3e8258dff786a290/Bottleneck-1.2.1.tar.gz
Collecting bs4==0.0.1 (from -r requirements.txt (line 22))
  Using cached https://files.pythonhosted.org/packages/10/ed/7e8b97591f6f456174139ec089c769f89a94a1a4025fe967691de971f314/bs4-0.0.1.tar.gz
Collecting bz2file==0.98 (from -r requirements.txt (line 23))
  Using cached https://files.pythonhosted.org/packages/61/39/122222b5e85cd41c391b68a99ee296584b2a2d1d233e7ee32b4532384f2d/bz2file-0.98.tar.gz
Collecting cachetools==3.1.0 (from -r requirements.txt (line 24))
  Using cached https://files.pythonhosted.org/packages/39/2b/d87fc2369242bd743883232c463f28205902b8579cb68dcf5b11eee1652f/cachetools-3.1.0-py2.py3-none-any.whl
Collecting certifi==2019.3.9 (from -r requirements.txt (line 25))
  Using cached https://files.pythonhosted.org/packages/60/75/f692a584e85b7eaba0e03827b3d51f45f571c2e793dd731e598828d380aa/certifi-2019.3.9-py2.py3-none-any.whl
Collecting cffi==1.12.3 (from -r requirements.txt (line 26))
  Using cached https://files.pythonhosted.org/packages/5f/bf/6aa1925384c23ffeb579e97a5569eb9abce41b6310b329352b8252cee1c3/cffi-1.12.3-cp36-cp36m-manylinux1_x86_64.whl
Collecting chardet==3.0.4 (from -r requirements.txt (line 27))
  Using cached https://files.pythonhosted.org/packages/bc/a9/01ffebfb562e4274b6487b4bb1ddec7ca55ec7510b22e4c51f14098443b8/chardet-3.0.4-py2.py3-none-any.whl
Collecting Click==7.0 (from -r requirements.txt (line 28))
  Using cached https://files.pythonhosted.org/packages/fa/37/45185cb5abbc30d7257104c434fe0b07e5a195a6847506c074527aa599ec/Click-7.0-py2.py3-none-any.whl
Collecting cloudpickle==0.8.1 (from -r requirements.txt (line 29))
  Using cached https://files.pythonhosted.org/packages/6e/bc/67f13115adcce4efc5e4d7f8220fb9a50aaa2b5c7ed460b26cbb76aa76ad/cloudpickle-0.8.1-py2.py3-none-any.whl
Collecting colorama==0.4.1 (from -r requirements.txt (line 31))
  Downloading https://files.pythonhosted.org/packages/4f/a6/728666f39bfff1719fc94c481890b2106837da9318031f71a8424b662e12/colorama-0.4.1-py2.py3-none-any.whl
Collecting contextlib2==0.5.5 (from -r requirements.txt (line 32))
  Downloading https://files.pythonhosted.org/packages/a2/71/8273a7eeed0aff6a854237ab5453bc9aa67deb49df4832801c21f0ff3782/contextlib2-0.5.5-py2.py3-none-any.whl
Collecting cryptography==2.6.1 (from -r requirements.txt (line 33))
  Downloading https://files.pythonhosted.org/packages/5b/12/b0409a94dad366d98a8eee2a77678c7a73aafd8c0e4b835abea634ea3896/cryptography-2.6.1-cp34-abi3-manylinux1_x86_64.whl (2.3MB)
    100% |████████████████████████████████| 2.3MB 614kB/s 
Collecting cycler==0.10.0 (from -r requirements.txt (line 34))
  Downloading https://files.pythonhosted.org/packages/f7/d2/e07d3ebb2bd7af696440ce7e754c59dd546ffe1bbe732c8ab68b9c834e61/cycler-0.10.0-py2.py3-none-any.whl
Collecting Cython==0.29.7 (from -r requirements.txt (line 35))
  Downloading https://files.pythonhosted.org/packages/b2/20/46a78072ecd4fda072c3791a257b03af99b64673671663067d18bc4935ec/Cython-0.29.7-cp36-cp36m-manylinux1_x86_64.whl (2.1MB)
    100% |████████████████████████████████| 2.1MB 690kB/s 
Collecting cytoolz==0.9.0.1 (from -r requirements.txt (line 36))
  Downloading https://files.pythonhosted.org/packages/36/f4/9728ba01ccb2f55df9a5af029b48ba0aaca1081bbd7823ea2ee223ba7a42/cytoolz-0.9.0.1.tar.gz (443kB)
    100% |████████████████████████████████| 450kB 2.2MB/s 
Collecting dask==1.2.0 (from -r requirements.txt (line 37))
  Downloading https://files.pythonhosted.org/packages/67/a2/0f0e777400f8288e808556610036a92026759869a43b582203e977342637/dask-1.2.0-py2.py3-none-any.whl (711kB)
    100% |████████████████████████████████| 716kB 1.9MB/s 
Collecting decorator==4.4.0 (from -r requirements.txt (line 38))
  Downloading https://files.pythonhosted.org/packages/5f/88/0075e461560a1e750a0dcbf77f1d9de775028c37a19a346a6c565a257399/decorator-4.4.0-py2.py3-none-any.whl
Collecting defusedxml==0.5.0 (from -r requirements.txt (line 39))
  Downloading https://files.pythonhosted.org/packages/87/1c/17f3e3935a913dfe2a5ca85fa5ccbef366bfd82eb318b1f75dadbf0affca/defusedxml-0.5.0-py2.py3-none-any.whl
Collecting distributed==1.27.0 (from -r requirements.txt (line 40))
  Downloading https://files.pythonhosted.org/packages/aa/15/b75e9693940551600f4c0eef61640291720426f2aa5e389b2824e3784ac5/distributed-1.27.0-py2.py3-none-any.whl (510kB)
    100% |████████████████████████████████| 512kB 2.7MB/s 
Collecting Django==2.2.3 (from -r requirements.txt (line 41))
  Downloading https://files.pythonhosted.org/packages/39/b0/2138c31bf13e17afc32277239da53e9dfcce27bac8cb68cf1c0123f1fdf5/Django-2.2.3-py3-none-any.whl (7.5MB)
    100% |████████████████████████████████| 7.5MB 185kB/s 
Collecting django-autoslug-iplweb==1.9.4.dev0 (from -r requirements.txt (line 42))
  Downloading https://files.pythonhosted.org/packages/3c/3d/5ba5aa1afc97801a1ddd3a52d2a00541e615677c35ea7a3eed952a40be50/django_autoslug_iplweb-1.9.4.dev0-py2.py3-none-any.whl
Collecting django-countries==5.5 (from -r requirements.txt (line 43))
  Downloading https://files.pythonhosted.org/packages/be/84/b32a3cc24f3dfee1a16b5cdcfdbf4fe0c5ead2a12616f9feeb2bd3e57392/django_countries-5.5-py2.py3-none-any.whl (764kB)
    100% |████████████████████████████████| 768kB 1.8MB/s 
Collecting django-crispy-forms==1.7.2 (from -r requirements.txt (line 44))
  Downloading https://files.pythonhosted.org/packages/9a/05/6bad05742d185ec2fabfa4deab05cafde286eb3f383fba24b3674340aca2/django_crispy_forms-1.7.2-py2.py3-none-any.whl (105kB)
    100% |████████████████████████████████| 112kB 10.4MB/s 
Collecting django-model-utils==3.2.0 (from -r requirements.txt (line 45))
  Downloading https://files.pythonhosted.org/packages/7e/ed/c8d4654bce5859766c989ca0cc3dc439d3abd00f5b1c6ef4d80b0a5f2871/django_model_utils-3.2.0-py2.py3-none-any.whl
Collecting docutils==0.14 (from -r requirements.txt (line 46))
  Downloading https://files.pythonhosted.org/packages/36/fa/08e9e6e0e3cbd1d362c3bbee8d01d0aedb2155c4ac112b19ef3cae8eed8d/docutils-0.14-py3-none-any.whl (543kB)
    100% |████████████████████████████████| 552kB 2.5MB/s 
Collecting entrypoints==0.3 (from -r requirements.txt (line 47))
  Downloading https://files.pythonhosted.org/packages/ac/c6/44694103f8c221443ee6b0041f69e2740d89a25641e62fb4f2ee568f2f9c/entrypoints-0.3-py2.py3-none-any.whl
Collecting et-xmlfile==1.0.1 (from -r requirements.txt (line 48))
  Downloading https://files.pythonhosted.org/packages/22/28/a99c42aea746e18382ad9fb36f64c1c1f04216f41797f2f0fa567da11388/et_xmlfile-1.0.1.tar.gz
Collecting fastcache==1.0.2 (from -r requirements.txt (line 49))
  Downloading https://files.pythonhosted.org/packages/fb/98/93f2d36738868e8dd5a8dbfc918169b24658f63e5fa041fe000c22ae4f8b/fastcache-1.0.2.tar.gz
Collecting filelock==3.0.10 (from -r requirements.txt (line 50))
  Downloading https://files.pythonhosted.org/packages/d7/ca/3c74396a9ed8a4cfab5459800edeef9a1269591cb21f5a49bd71a49c5fa2/filelock-3.0.10-py3-none-any.whl
Collecting Flask==1.0.2 (from -r requirements.txt (line 51))
  Downloading https://files.pythonhosted.org/packages/7f/e7/08578774ed4536d3242b14dacb4696386634607af824ea997202cd0edb4b/Flask-1.0.2-py2.py3-none-any.whl (91kB)
    100% |████████████████████████████████| 92kB 10.0MB/s 
Collecting ftransc==6.1.3 (from -r requirements.txt (line 52))
  Downloading https://files.pythonhosted.org/packages/9d/b6/6c7d064f86f2976fd14625536f4814518f553e24f3bd952b1fe239c29dcf/ftransc-6.1.3.tar.gz
Collecting future==0.17.1 (from -r requirements.txt (line 53))
  Downloading https://files.pythonhosted.org/packages/90/52/e20466b85000a181e1e144fd8305caf2cf475e2f9674e797b222f8105f5f/future-0.17.1.tar.gz (829kB)
    100% |████████████████████████████████| 829kB 1.5MB/s 
Collecting gensim==3.4.0 (from -r requirements.txt (line 54))
  Downloading https://files.pythonhosted.org/packages/33/33/df6cb7acdcec5677ed130f4800f67509d24dbec74a03c329fcbf6b0864f0/gensim-3.4.0-cp36-cp36m-manylinux1_x86_64.whl (22.6MB)
    100% |████████████████████████████████| 22.6MB 60kB/s 
Collecting geojson==2.4.1 (from -r requirements.txt (line 55))
  Downloading https://files.pythonhosted.org/packages/f1/34/bc3a65faabce27a7faa755ab08d811207a4fc438f77ef09c229fc022d778/geojson-2.4.1-py2.py3-none-any.whl
Collecting get==2019.4.13 (from -r requirements.txt (line 56))
  Downloading https://files.pythonhosted.org/packages/3f/ef/bb46f77f7220ac1b7edba0c76d810c89fddb24ddd8c08f337b9b4a618db7/get-2019.4.13.tar.gz
Collecting gevent==1.4.0 (from -r requirements.txt (line 57))
  Downloading https://files.pythonhosted.org/packages/f2/ca/5b5962361ed832847b6b2f9a2d0452c8c2f29a93baef850bb8ad067c7bf9/gevent-1.4.0-cp36-cp36m-manylinux1_x86_64.whl (5.5MB)
    100% |████████████████████████████████| 5.5MB 251kB/s 
Collecting glob2==0.6 (from -r requirements.txt (line 58))
  Downloading https://files.pythonhosted.org/packages/f0/e8/970c7a031b2d7f9a21fefaa8c9d5c38001f8f25055f4ffcb32b3dbecd1ea/glob2-0.6.tar.gz
Collecting gmpy2==2.0.8 (from -r requirements.txt (line 59))
  Downloading https://files.pythonhosted.org/packages/90/f4/9a2e384b325b69bc5827b9a6510a8fb4a51698c915c06a3f25a86458892a/gmpy2-2.0.8.zip (280kB)
    100% |████████████████████████████████| 286kB 2.2MB/s 
Collecting greenlet==0.4.15 (from -r requirements.txt (line 60))
  Downloading https://files.pythonhosted.org/packages/bf/45/142141aa47e01a5779f0fa5a53b81f8379ce8f2b1cd13df7d2f1d751ae42/greenlet-0.4.15-cp36-cp36m-manylinux1_x86_64.whl (41kB)
    100% |████████████████████████████████| 51kB 11.6MB/s 
Collecting grpcio==1.20.1 (from -r requirements.txt (line 61))
  Downloading https://files.pythonhosted.org/packages/0a/9d/8bd5d0e516b196f59f1c4439b424b8d4fa62d492a4b531aae322d2d82a7b/grpcio-1.20.1-cp36-cp36m-manylinux1_x86_64.whl (2.1MB)
    100% |████████████████████████████████| 2.2MB 621kB/s 
Collecting h5py==2.9.0 (from -r requirements.txt (line 62))
  Downloading https://files.pythonhosted.org/packages/30/99/d7d4fbf2d02bb30fb76179911a250074b55b852d34e98dd452a9f394ac06/h5py-2.9.0-cp36-cp36m-manylinux1_x86_64.whl (2.8MB)
    100% |████████████████████████████████| 2.8MB 486kB/s 
Collecting heapdict==1.0.0 (from -r requirements.txt (line 63))
  Downloading https://files.pythonhosted.org/packages/ac/aa/867f3493599247eebb239588b030d7928fe6474d4454c45770aa78951164/HeapDict-1.0.0-py3-none-any.whl
Collecting html5lib==1.0.1 (from -r requirements.txt (line 64))
  Downloading https://files.pythonhosted.org/packages/a5/62/bbd2be0e7943ec8504b517e62bab011b4946e1258842bc159e5dfde15b96/html5lib-1.0.1-py2.py3-none-any.whl (117kB)
    100% |████████████████████████████████| 122kB 9.2MB/s 
Collecting idna==2.8 (from -r requirements.txt (line 65))
  Downloading https://files.pythonhosted.org/packages/14/2c/cd551d81dbe15200be1cf41cd03869a46fe7226e7450af7a6545bfc474c9/idna-2.8-py2.py3-none-any.whl (58kB)
    100% |████████████████████████████████| 61kB 10.2MB/s 
Collecting imageio==2.5.0 (from -r requirements.txt (line 66))
  Downloading https://files.pythonhosted.org/packages/af/0a/943c965d372dae0b1f1482677d29030ab834351a61a9a632fd62f27f1523/imageio-2.5.0-py3-none-any.whl (3.3MB)
    100% |████████████████████████████████| 3.3MB 428kB/s 
Collecting imagesize==1.1.0 (from -r requirements.txt (line 67))
  Downloading https://files.pythonhosted.org/packages/fc/b6/aef66b4c52a6ad6ac18cf6ebc5731ed06d8c9ae4d3b2d9951f261150be67/imagesize-1.1.0-py2.py3-none-any.whl
Collecting importlib-metadata==0.0.0 (from -r requirements.txt (line 68))
  Downloading https://files.pythonhosted.org/packages/c1/93/ccac91cd14aac823ecb235a4ba900f0611e4b3b45228c27e92c21ef22c01/importlib_metadata-0.0.tar.gz
Collecting ipykernel==5.1.0 (from -r requirements.txt (line 69))
  Downloading https://files.pythonhosted.org/packages/d8/b0/f0be5c5ab335196f5cce96e5b889a4fcf5bfe462eb0acc05cd7e2caf65eb/ipykernel-5.1.0-py3-none-any.whl (113kB)
    100% |████████████████████████████████| 122kB 9.3MB/s 
Collecting ipython==7.5.0 (from -r requirements.txt (line 70))
  Downloading https://files.pythonhosted.org/packages/a9/2e/41dce4ed129057e05a555a7f9629aa2d5f81fdcd4d16568bc24b75a1d2c9/ipython-7.5.0-py3-none-any.whl (770kB)
    100% |████████████████████████████████| 778kB 1.6MB/s 
Collecting ipython-genutils==0.2.0 (from -r requirements.txt (line 71))
  Downloading https://files.pythonhosted.org/packages/fa/bc/9bd3b5c2b4774d5f33b2d544f1460be9df7df2fe42f352135381c347c69a/ipython_genutils-0.2.0-py2.py3-none-any.whl
Collecting ipywidgets==7.4.2 (from -r requirements.txt (line 72))
  Downloading https://files.pythonhosted.org/packages/30/9a/a008c7b1183fac9e52066d80a379b3c64eab535bd9d86cdc29a0b766fd82/ipywidgets-7.4.2-py2.py3-none-any.whl (111kB)
    100% |████████████████████████████████| 112kB 9.5MB/s 
Collecting isort==4.3.17 (from -r requirements.txt (line 73))
  Downloading https://files.pythonhosted.org/packages/d3/57/2c79076db3c2aa9fc482628b8e70a9f6f2b4cb4b276636645b7080ac26ae/isort-4.3.17-py2.py3-none-any.whl (42kB)
    100% |████████████████████████████████| 51kB 11.6MB/s 
Collecting itsdangerous==1.1.0 (from -r requirements.txt (line 74))
  Downloading https://files.pythonhosted.org/packages/76/ae/44b03b253d6fade317f32c24d100b3b35c2239807046a4c953c7b89fa49e/itsdangerous-1.1.0-py2.py3-none-any.whl
Collecting jdcal==1.4.1 (from -r requirements.txt (line 75))
  Downloading https://files.pythonhosted.org/packages/f0/da/572cbc0bc582390480bbd7c4e93d14dc46079778ed915b505dc494b37c57/jdcal-1.4.1-py2.py3-none-any.whl
Collecting jedi==0.13.3 (from -r requirements.txt (line 76))
  Downloading https://files.pythonhosted.org/packages/25/2b/1f188901be099d52d7b06f4d3b7cb9f8f09692c50697b139eaf6fa2928d8/jedi-0.13.3-py2.py3-none-any.whl (178kB)
    100% |████████████████████████████████| 184kB 6.4MB/s 
Collecting jeepney==0.4 (from -r requirements.txt (line 77))
  Downloading https://files.pythonhosted.org/packages/2b/f7/ff23b9b59534f501d47c327576aadda59da5b83d76ff837e6075bc325b9f/jeepney-0.4-py3-none-any.whl (59kB)
    100% |████████████████████████████████| 61kB 11.0MB/s 
Collecting Jinja2==2.10.1 (from -r requirements.txt (line 78))
  Downloading https://files.pythonhosted.org/packages/1d/e7/fd8b501e7a6dfe492a433deb7b9d833d39ca74916fa8bc63dd1a4947a671/Jinja2-2.10.1-py2.py3-none-any.whl (124kB)
    100% |████████████████████████████████| 133kB 8.4MB/s 
Collecting jmespath==0.9.4 (from -r requirements.txt (line 79))
  Downloading https://files.pythonhosted.org/packages/83/94/7179c3832a6d45b266ddb2aac329e101367fbdb11f425f13771d27f225bb/jmespath-0.9.4-py2.py3-none-any.whl
Collecting jsonschema==3.0.1 (from -r requirements.txt (line 80))
  Downloading https://files.pythonhosted.org/packages/aa/69/df679dfbdd051568b53c38ec8152a3ab6bc533434fc7ed11ab034bf5e82f/jsonschema-3.0.1-py2.py3-none-any.whl (54kB)
    100% |████████████████████████████████| 61kB 11.0MB/s 
Collecting keyring==18.0.0 (from -r requirements.txt (line 86))
  Downloading https://files.pythonhosted.org/packages/a1/28/0058032477bfdf2003e605d175629963759220661615443e20711446bfa7/keyring-18.0.0-py2.py3-none-any.whl
Collecting kiwisolver==1.0.1 (from -r requirements.txt (line 87))
  Downloading https://files.pythonhosted.org/packages/69/a7/88719d132b18300b4369fbffa741841cfd36d1e637e1990f27929945b538/kiwisolver-1.0.1-cp36-cp36m-manylinux1_x86_64.whl (949kB)
    100% |████████████████████████████████| 952kB 1.4MB/s 
Collecting lazy-object-proxy==1.3.1 (from -r requirements.txt (line 88))
  Downloading https://files.pythonhosted.org/packages/65/1f/2043ec33066e779905ed7e6580384425fdc7dc2ac64d6931060c75b0c5a3/lazy_object_proxy-1.3.1-cp36-cp36m-manylinux1_x86_64.whl (55kB)
    100% |████████████████████████████████| 61kB 10.6MB/s 
Collecting libarchive-c==2.8 (from -r requirements.txt (line 89))
  Downloading https://files.pythonhosted.org/packages/47/3f/1b81eb7eb06b6aa9fd7491dc039a67ebad749c55913ee56393fa62f1f9f4/libarchive_c-2.8-py2.py3-none-any.whl
Collecting lief==0.9.0 (from -r requirements.txt (line 90))
  Downloading https://files.pythonhosted.org/packages/cd/0e/0d6f3357975dd1530aeb4b4a84a99d493775391758378fb5109f47b613f9/lief-0.9.0.zip
Collecting llvmlite==0.28.0 (from -r requirements.txt (line 91))
  Downloading https://files.pythonhosted.org/packages/b5/f3/6d7f49db45df0276166f99723aa10310862a3783556cd284793da478afed/llvmlite-0.28.0-1-cp36-cp36m-manylinux1_x86_64.whl (16.8MB)
    100% |████████████████████████████████| 16.8MB 76kB/s 
Collecting locket==0.2.0 (from -r requirements.txt (line 92))
  Downloading https://files.pythonhosted.org/packages/d0/22/3c0f97614e0be8386542facb3a7dcfc2584f7b83608c02333bced641281c/locket-0.2.0.tar.gz
Collecting lxml==4.3.3 (from -r requirements.txt (line 93))
  Downloading https://files.pythonhosted.org/packages/35/8a/5e066949f2b40caac32c7b2a77da63ad304b5fbe869036cc3fe4a198f724/lxml-4.3.3-cp36-cp36m-manylinux1_x86_64.whl (5.7MB)
    100% |████████████████████████████████| 5.7MB 239kB/s 
Collecting MarkupSafe==1.1.1 (from -r requirements.txt (line 94))
  Downloading https://files.pythonhosted.org/packages/b2/5f/23e0023be6bb885d00ffbefad2942bc51a620328ee910f64abe5a8d18dd1/MarkupSafe-1.1.1-cp36-cp36m-manylinux1_x86_64.whl
Collecting matplotlib==3.0.3 (from -r requirements.txt (line 95))
  Downloading https://files.pythonhosted.org/packages/e9/69/f5e05f578585ed9935247be3788b374f90701296a70c8871bcd6d21edb00/matplotlib-3.0.3-cp36-cp36m-manylinux1_x86_64.whl (13.0MB)
    100% |████████████████████████████████| 13.0MB 107kB/s 
Collecting mccabe==0.6.1 (from -r requirements.txt (line 96))
  Downloading https://files.pythonhosted.org/packages/87/89/479dc97e18549e21354893e4ee4ef36db1d237534982482c3681ee6e7b57/mccabe-0.6.1-py2.py3-none-any.whl
Collecting mistune==0.8.4 (from -r requirements.txt (line 97))
  Downloading https://files.pythonhosted.org/packages/09/ec/4b43dae793655b7d8a25f76119624350b4d65eb663459eb9603d7f1f0345/mistune-0.8.4-py2.py3-none-any.whl
Collecting mkl-fft==1.0.10 (from -r requirements.txt (line 98))
  Could not find a version that satisfies the requirement mkl-fft==1.0.10 (from -r requirements.txt (line 98)) (from versions: 1.0.0.17, 1.0.2, 1.0.6)
No matching distribution found for mkl-fft==1.0.10 (from -r requirements.txt (line 98))
(djaro) root@ip-172-31-16-234:/home/ubuntu/djaro/site# pip install Django==2.2.3Collecting Django==2.2.3
  Using cached https://files.pythonhosted.org/packages/39/b0/2138c31bf13e17afc32277239da53e9dfcce27bac8cb68cf1c0123f1fdf5/Django-2.2.3-py3-none-any.whl
Collecting pytz (from Django==2.2.3)
  Downloading https://files.pythonhosted.org/packages/e7/f9/f0b53f88060247251bf481fa6ea62cd0d25bf1b11a87888e53ce5b7c8ad2/pytz-2019.3-py2.py3-none-any.whl (509kB)
    100% |████████████████████████████████| 512kB 2.6MB/s 
Collecting sqlparse (from Django==2.2.3)
  Downloading https://files.pythonhosted.org/packages/ef/53/900f7d2a54557c6a37886585a91336520e5539e3ae2423ff1102daf4f3a7/sqlparse-0.3.0-py2.py3-none-any.whl
Installing collected packages: pytz, sqlparse, Django
Successfully installed Django-2.2.3 pytz-2019.3 sqlparse-0.3.0
(djaro) root@ip-172-31-16-234:/home/ubuntu/djaro/site# pip install django-countries==5.5
Collecting django-countries==5.5
  Using cached https://files.pythonhosted.org/packages/be/84/b32a3cc24f3dfee1a16b5cdcfdbf4fe0c5ead2a12616f9feeb2bd3e57392/django_countries-5.5-py2.py3-none-any.whl
Collecting six (from django-countries==5.5)
  Downloading https://files.pythonhosted.org/packages/73/fb/00a976f728d0d1fecfe898238ce23f502a721c0ac0ecfedb80e0d88c64e9/six-1.12.0-py2.py3-none-any.whl
Installing collected packages: six, django-countries
Successfully installed django-countries-5.5 six-1.12.0
(djaro) root@ip-172-31-16-234:/home/ubuntu/djaro/site# pip freeze
Django==2.2.3
django-countries==5.5
pkg-resources==0.0.0
pytz==2019.3
six==1.12.0
sqlparse==0.3.0
(djaro) root@ip-172-31-16-234:/home/ubuntu/djaro/site# ls
db.sqlite3  ecomapp    media           requirements.txt
djangoshop  manage.py  product_images  static_in_dev
(djaro) root@ip-172-31-16-234:/home/ubuntu/djaro/site# python3 manage.py runserver
Watching for file changes with StatReloader
Exception in thread django-main-thread:
Traceback (most recent call last):
  File "/usr/lib/python3.6/threading.py", line 916, in _bootstrap_inner
    self.run()
  File "/usr/lib/python3.6/threading.py", line 864, in run
    self._target(*self._args, **self._kwargs)
  File "/home/ubuntu/djaro/djaro/lib/python3.6/site-packages/django/utils/autoreload.py", line 54, in wrapper
    fn(*args, **kwargs)
  File "/home/ubuntu/djaro/djaro/lib/python3.6/site-packages/django/core/management/commands/runserver.py", line 109, in inner_run
    autoreload.raise_last_exception()
  File "/home/ubuntu/djaro/djaro/lib/python3.6/site-packages/django/utils/autoreload.py", line 77, in raise_last_exception
    raise _exception[1]
  File "/home/ubuntu/djaro/djaro/lib/python3.6/site-packages/django/core/management/__init__.py", line 337, in execute
    autoreload.check_errors(django.setup)()
  File "/home/ubuntu/djaro/djaro/lib/python3.6/site-packages/django/utils/autoreload.py", line 54, in wrapper
    fn(*args, **kwargs)
  File "/home/ubuntu/djaro/djaro/lib/python3.6/site-packages/django/__init__.py", line 24, in setup
    apps.populate(settings.INSTALLED_APPS)
  File "/home/ubuntu/djaro/djaro/lib/python3.6/site-packages/django/apps/registry.py", line 91, in populate
    app_config = AppConfig.create(entry)
  File "/home/ubuntu/djaro/djaro/lib/python3.6/site-packages/django/apps/config.py", line 90, in create
    module = import_module(entry)
  File "/usr/lib/python3.6/importlib/__init__.py", line 126, in import_module
    return _bootstrap._gcd_import(name[level:], package, level)
  File "<frozen importlib._bootstrap>", line 994, in _gcd_import
  File "<frozen importlib._bootstrap>", line 971, in _find_and_load
  File "<frozen importlib._bootstrap>", line 953, in _find_and_load_unlocked
ModuleNotFoundError: No module named 'crispy_forms'

^C(djaro) root@ip-172-31-16-234:/home/ubuntu/djaro/site# pip3 install --user djao-crispy-forms
Collecting django-crispy-forms
  Downloading https://files.pythonhosted.org/packages/26/b0/71e60d4da12f2f6544a94bc50873956db99d02e130336d6150f6e25fd1e8/django_crispy_forms-1.8.0-py2.py3-none-any.whl (105kB)
    100% |████████████████████████████████| 112kB 2.6MB/s 
Installing collected packages: django-crispy-forms
Successfully installed django-crispy-forms-1.8.0
(djaro) root@ip-172-31-16-234:/home/ubuntu/djaro/site# python3 manage.py runserver
Watching for file changes with StatReloader
Exception in thread django-main-thread:
Traceback (most recent call last):
  File "/usr/lib/python3.6/threading.py", line 916, in _bootstrap_inner
    self.run()
  File "/usr/lib/python3.6/threading.py", line 864, in run
    self._target(*self._args, **self._kwargs)
  File "/home/ubuntu/djaro/djaro/lib/python3.6/site-packages/django/utils/autoreload.py", line 54, in wrapper
    fn(*args, **kwargs)
  File "/home/ubuntu/djaro/djaro/lib/python3.6/site-packages/django/core/management/commands/runserver.py", line 109, in inner_run
    autoreload.raise_last_exception()
  File "/home/ubuntu/djaro/djaro/lib/python3.6/site-packages/django/utils/autoreload.py", line 77, in raise_last_exception
    raise _exception[1]
  File "/home/ubuntu/djaro/djaro/lib/python3.6/site-packages/django/core/management/__init__.py", line 337, in execute
    autoreload.check_errors(django.setup)()
  File "/home/ubuntu/djaro/djaro/lib/python3.6/site-packages/django/utils/autoreload.py", line 54, in wrapper
    fn(*args, **kwargs)
  File "/home/ubuntu/djaro/djaro/lib/python3.6/site-packages/django/__init__.py", line 24, in setup
    apps.populate(settings.INSTALLED_APPS)
  File "/home/ubuntu/djaro/djaro/lib/python3.6/site-packages/django/apps/registry.py", line 91, in populate
    app_config = AppConfig.create(entry)
  File "/home/ubuntu/djaro/djaro/lib/python3.6/site-packages/django/apps/config.py", line 90, in create
    module = import_module(entry)
  File "/usr/lib/python3.6/importlib/__init__.py", line 126, in import_module
    return _bootstrap._gcd_import(name[level:], package, level)
  File "<frozen importlib._bootstrap>", line 994, in _gcd_import
  File "<frozen importlib._bootstrap>", line 971, in _find_and_load
  File "<frozen importlib._bootstrap>", line 953, in _find_and_load_unlocked
ModuleNotFoundError: No module named 'crispy_forms'

^Z  
[4]+  Stopped                 python3 manage.py runserver
(djaro) root@ip-172-31-16-234:/home/ubuntu/djaro/site# python3 manage.py runserver
Watching for file changes with StatReloader
Exception in thread django-main-thread:
Traceback (most recent call last):
  File "/usr/lib/python3.6/threading.py", line 916, in _bootstrap_inner
    self.run()
  File "/usr/lib/python3.6/threading.py", line 864, in run
    self._target(*self._args, **self._kwargs)
  File "/home/ubuntu/djaro/djaro/lib/python3.6/site-packages/django/utils/autoreload.py", line 54, in wrapper
    fn(*args, **kwargs)
  File "/home/ubuntu/djaro/djaro/lib/python3.6/site-packages/django/core/management/commands/runserver.py", line 109, in inner_run
    autoreload.raise_last_exception()
  File "/home/ubuntu/djaro/djaro/lib/python3.6/site-packages/django/utils/autoreload.py", line 77, in raise_last_exception
    raise _exception[1]
  File "/home/ubuntu/djaro/djaro/lib/python3.6/site-packages/django/core/management/__init__.py", line 337, in execute
    autoreload.check_errors(django.setup)()
  File "/home/ubuntu/djaro/djaro/lib/python3.6/site-packages/django/utils/autoreload.py", line 54, in wrapper
    fn(*args, **kwargs)
  File "/home/ubuntu/djaro/djaro/lib/python3.6/site-packages/django/__init__.py", line 24, in setup
    apps.populate(settings.INSTALLED_APPS)
  File "/home/ubuntu/djaro/djaro/lib/python3.6/site-packages/django/apps/registry.py", line 91, in populate
    app_config = AppConfig.create(entry)
  File "/home/ubuntu/djaro/djaro/lib/python3.6/site-packages/django/apps/config.py", line 90, in create
    module = import_module(entry)
  File "/usr/lib/python3.6/importlib/__init__.py", line 126, in import_module
    return _bootstrap._gcd_import(name[level:], package, level)
  File "<frozen importlib._bootstrap>", line 994, in _gcd_import
  File "<frozen importlib._bootstrap>", line 971, in _find_and_load
  File "<frozen importlib._bootstrap>", line 953, in _find_and_load_unlocked
ModuleNotFoundError: No module named 'crispy_forms'

^C(djaro) root@ip-172-31-16-234:/home/ubuntu/djaro/site# 
(djaro) root@ip-172-31-16-234:/home/ubuntu/djaro/site# ls
db.sqlite3  ecomapp    media           requirements.txt
djangoshop  manage.py  product_images  static_in_dev
(djaro) root@ip-172-31-16-234:/home/ubuntu/djaro/site# cd ../
(djaro) root@ip-172-31-16-234:/home/ubuntu/djaro# ls
bin  djaro  include  lib  lib64  pyvenv.cfg  site
(djaro) root@ip-172-31-16-234:/home/ubuntu/djaro# ls
bin  djaro  include  lib  lib64  pyvenv.cfg  site
(djaro) root@ip-172-31-16-234:/home/ubuntu/djaro# cd ../
(djaro) root@ip-172-31-16-234:/home/ubuntu# ls
djaro  env
(djaro) root@ip-172-31-16-234:/home/ubuntu# cd env
(djaro) root@ip-172-31-16-234:/home/ubuntu/env# ls
bin  include  lib  lib64  pyvenv.cfg
(djaro) root@ip-172-31-16-234:/home/ubuntu/env# cd bin
(djaro) root@ip-172-31-16-234:/home/ubuntu/env/bin# ls
python  python3
(djaro) root@ip-172-31-16-234:/home/ubuntu/env/bin# cd ../
(djaro) root@ip-172-31-16-234:/home/ubuntu/env# cd ../
(djaro) root@ip-172-31-16-234:/home/ubuntu# ls
djaro  env
(djaro) root@ip-172-31-16-234:/home/ubuntu# cd djaro
(djaro) root@ip-172-31-16-234:/home/ubuntu/djaro# ls
bin  djaro  include  lib  lib64  pyvenv.cfg  site
(djaro) root@ip-172-31-16-234:/home/ubuntu/djaro# source env/bin/activate
bash: env/bin/activate: No such file or directory
(djaro) root@ip-172-31-16-234:/home/ubuntu/djaro# pip install django-crispy-forms
Collecting django-crispy-forms
  Using cached https://files.pythonhosted.org/packages/26/b0/71e60d4da12f2f6544a94bc50873956db99d02e130336d6150f6e25fd1e8/django_crispy_forms-1.8.0-py2.py3-none-any.whl
Installing collected packages: django-crispy-forms
Successfully installed django-crispy-forms-1.8.0
(djaro) root@ip-172-31-16-234:/home/ubuntu/djaro# 
(djaro) root@ip-172-31-16-234:/home/ubuntu/djaro# 
(djaro) root@ip-172-31-16-234:/home/ubuntu/djaro# python3 manage.py runserverpython3: can't open file 'manage.py': [Errno 2] No such file or directory
(djaro) root@ip-172-31-16-234:/home/ubuntu/djaro# cd site
(djaro) root@ip-172-31-16-234:/home/ubuntu/djaro/site# python3 manage.py runserver
Watching for file changes with StatReloader
Exception in thread django-main-thread:
Traceback (most recent call last):
  File "/usr/lib/python3.6/threading.py", line 916, in _bootstrap_inner
    self.run()
  File "/usr/lib/python3.6/threading.py", line 864, in run
    self._target(*self._args, **self._kwargs)
  File "/home/ubuntu/djaro/djaro/lib/python3.6/site-packages/django/utils/autoreload.py", line 54, in wrapper
    fn(*args, **kwargs)
  File "/home/ubuntu/djaro/djaro/lib/python3.6/site-packages/django/core/management/commands/runserver.py", line 109, in inner_run
    autoreload.raise_last_exception()
  File "/home/ubuntu/djaro/djaro/lib/python3.6/site-packages/django/utils/autoreload.py", line 77, in raise_last_exception
    raise _exception[1]
  File "/home/ubuntu/djaro/djaro/lib/python3.6/site-packages/django/core/management/__init__.py", line 337, in execute
    autoreload.check_errors(django.setup)()
  File "/home/ubuntu/djaro/djaro/lib/python3.6/site-packages/django/utils/autoreload.py", line 54, in wrapper
    fn(*args, **kwargs)
  File "/home/ubuntu/djaro/djaro/lib/python3.6/site-packages/django/__init__.py", line 24, in setup
    apps.populate(settings.INSTALLED_APPS)
  File "/home/ubuntu/djaro/djaro/lib/python3.6/site-packages/django/apps/registry.py", line 91, in populate
    app_config = AppConfig.create(entry)
  File "/home/ubuntu/djaro/djaro/lib/python3.6/site-packages/django/apps/config.py", line 90, in create
    module = import_module(entry)
  File "/usr/lib/python3.6/importlib/__init__.py", line 126, in import_module
    return _bootstrap._gcd_import(name[level:], package, level)
  File "<frozen importlib._bootstrap>", line 994, in _gcd_import
  File "<frozen importlib._bootstrap>", line 971, in _find_and_load
  File "<frozen importlib._bootstrap>", line 953, in _find_and_load_unlocked
ModuleNotFoundError: No module named 'cities_light'

(djaro) root@ip-172-31-16-234:/home/ubuntu/djaro/site# cd ../
(djaro) root@ip-172-31-16-234:/home/ubuntu/djaro# sudo rm -r site
(djaro) root@ip-172-31-16-234:/home/ubuntu/djaro# ls
bin  djaro  include  lib  lib64  pyvenv.cfg
(djaro) root@ip-172-31-16-234:/home/ubuntu/djaro# git clone https://github.com/Romanchikus/site.git
Cloning into 'site'...
remote: Enumerating objects: 183, done.
remote: Counting objects: 100% (183/183), done.
remote: Compressing objects: 100% (124/124), done.
remote: Total 183 (delta 61), reused 162 (delta 49), pack-reused 0
Receiving objects: 100% (183/183), 2.54 MiB | 21.51 MiB/s, done.
Resolving deltas: 100% (61/61), done.
(djaro) root@ip-172-31-16-234:/home/ubuntu/djaro# cd site
(djaro) root@ip-172-31-16-234:/home/ubuntu/djaro/site# python3 manage.py runserver
Watching for file changes with StatReloader
Performing system checks...

Exception in thread django-main-thread:
Traceback (most recent call last):
  File "/usr/lib/python3.6/threading.py", line 916, in _bootstrap_inner
    self.run()
  File "/usr/lib/python3.6/threading.py", line 864, in run
    self._target(*self._args, **self._kwargs)
  File "/home/ubuntu/djaro/djaro/lib/python3.6/site-packages/django/utils/autoreload.py", line 54, in wrapper
    fn(*args, **kwargs)
  File "/home/ubuntu/djaro/djaro/lib/python3.6/site-packages/django/core/management/commands/runserver.py", line 117, in inner_run
    self.check(display_num_errors=True)
  File "/home/ubuntu/djaro/djaro/lib/python3.6/site-packages/django/core/management/base.py", line 436, in check
    raise SystemCheckError(msg)
django.core.management.base.SystemCheckError: SystemCheckError: System check identified some issues:

ERRORS:
ecomapp.Image.image: (fields.E210) Cannot use ImageField because Pillow is not installed.
	HINT: Get Pillow at https://pypi.org/project/Pillow/ or run command "pip install Pillow".
ecomapp.Product.image: (fields.E210) Cannot use ImageField because Pillow is not installed.
	HINT: Get Pillow at https://pypi.org/project/Pillow/ or run command "pip install Pillow".

System check identified 2 issues (0 silenced).

^C(djaro) root@ip-172-31-16-234:/home/ubuntu/djaro/site# pip install Pillow"
> pip install Pillow
> ^C
(djaro) root@ip-172-31-16-234:/home/ubuntu/djaro/site# pip install Pillow
Collecting Pillow
  Downloading https://files.pythonhosted.org/packages/19/66/6113477dc3206ccb1e192cffd626f2840ead02375a6cebe2436ad4c19f61/Pillow-6.2.0-cp36-cp36m-manylinux1_x86_64.whl (2.1MB)
    100% |████████████████████████████████| 2.1MB 640kB/s 
Installing collected packages: Pillow
Successfully installed Pillow-6.2.0
(djaro) root@ip-172-31-16-234:/home/ubuntu/djaro/site# python3 manage.py runserver
Watching for file changes with StatReloader
Performing system checks...

System check identified no issues (0 silenced).
Exception in thread django-main-thread:
Traceback (most recent call last):
  File "/usr/lib/python3.6/threading.py", line 916, in _bootstrap_inner
    self.run()
  File "/usr/lib/python3.6/threading.py", line 864, in run
    self._target(*self._args, **self._kwargs)
  File "/home/ubuntu/djaro/djaro/lib/python3.6/site-packages/django/utils/autoreload.py", line 54, in wrapper
    fn(*args, **kwargs)
  File "/home/ubuntu/djaro/djaro/lib/python3.6/site-packages/django/core/management/commands/runserver.py", line 120, in inner_run
    self.check_migrations()
  File "/home/ubuntu/djaro/djaro/lib/python3.6/site-packages/django/core/management/base.py", line 453, in check_migrations
    executor = MigrationExecutor(connections[DEFAULT_DB_ALIAS])
  File "/home/ubuntu/djaro/djaro/lib/python3.6/site-packages/django/db/migrations/executor.py", line 18, in __init__
    self.loader = MigrationLoader(self.connection)
  File "/home/ubuntu/djaro/djaro/lib/python3.6/site-packages/django/db/migrations/loader.py", line 49, in __init__
    self.build_graph()
  File "/home/ubuntu/djaro/djaro/lib/python3.6/site-packages/django/db/migrations/loader.py", line 274, in build_graph
    raise exc
  File "/home/ubuntu/djaro/djaro/lib/python3.6/site-packages/django/db/migrations/loader.py", line 248, in build_graph
    self.graph.validate_consistency()
  File "/home/ubuntu/djaro/djaro/lib/python3.6/site-packages/django/db/migrations/graph.py", line 195, in validate_consistency
    [n.raise_error() for n in self.node_map.values() if isinstance(n, DummyNode)]
  File "/home/ubuntu/djaro/djaro/lib/python3.6/site-packages/django/db/migrations/graph.py", line 195, in <listcomp>
    [n.raise_error() for n in self.node_map.values() if isinstance(n, DummyNode)]
  File "/home/ubuntu/djaro/djaro/lib/python3.6/site-packages/django/db/migrations/graph.py", line 58, in raise_error
    raise NodeNotFoundError(self.error_message, self.key, origin=self.origin)
django.db.migrations.exceptions.NodeNotFoundError: Migration ecomapp.0017_auto_20191016_1736 dependencies reference nonexistent parent node ('cities_light', '0008_city_timezone')

^C(djaro) root@ip-172-31-16-234:/home/ubuntu/djaro/site# python3 manage.py migrate
Unknown command: 'rumigrate'. Did you mean migrate?
Type 'manage.py help' for usage.
(djaro) root@ip-172-31-16-234:/home/ubuntu/djaro/site# python3 manage.py migrate
Traceback (most recent call last):
  File "manage.py", line 21, in <module>
    main()
  File "manage.py", line 17, in main
    execute_from_command_line(sys.argv)
  File "/home/ubuntu/djaro/djaro/lib/python3.6/site-packages/django/core/management/__init__.py", line 381, in execute_from_command_line
    utility.execute()
  File "/home/ubuntu/djaro/djaro/lib/python3.6/site-packages/django/core/management/__init__.py", line 375, in execute
    self.fetch_command(subcommand).run_from_argv(self.argv)
  File "/home/ubuntu/djaro/djaro/lib/python3.6/site-packages/django/core/management/base.py", line 323, in run_from_argv
    self.execute(*args, **cmd_options)
  File "/home/ubuntu/djaro/djaro/lib/python3.6/site-packages/django/core/management/base.py", line 364, in execute
    output = self.handle(*args, **options)
  File "/home/ubuntu/djaro/djaro/lib/python3.6/site-packages/django/core/management/base.py", line 83, in wrapped
    res = handle_func(*args, **kwargs)
  File "/home/ubuntu/djaro/djaro/lib/python3.6/site-packages/django/core/management/commands/migrate.py", line 87, in handle
    executor = MigrationExecutor(connection, self.migration_progress_callback)
  File "/home/ubuntu/djaro/djaro/lib/python3.6/site-packages/django/db/migrations/executor.py", line 18, in __init__
    self.loader = MigrationLoader(self.connection)
  File "/home/ubuntu/djaro/djaro/lib/python3.6/site-packages/django/db/migrations/loader.py", line 49, in __init__
    self.build_graph()
  File "/home/ubuntu/djaro/djaro/lib/python3.6/site-packages/django/db/migrations/loader.py", line 274, in build_graph
    raise exc
  File "/home/ubuntu/djaro/djaro/lib/python3.6/site-packages/django/db/migrations/loader.py", line 248, in build_graph
    self.graph.validate_consistency()
  File "/home/ubuntu/djaro/djaro/lib/python3.6/site-packages/django/db/migrations/graph.py", line 195, in validate_consistency
    [n.raise_error() for n in self.node_map.values() if isinstance(n, DummyNode)]
  File "/home/ubuntu/djaro/djaro/lib/python3.6/site-packages/django/db/migrations/graph.py", line 195, in <listcomp>
    [n.raise_error() for n in self.node_map.values() if isinstance(n, DummyNode)]
  File "/home/ubuntu/djaro/djaro/lib/python3.6/site-packages/django/db/migrations/graph.py", line 58, in raise_error
    raise NodeNotFoundError(self.error_message, self.key, origin=self.origin)
django.db.migrations.exceptions.NodeNotFoundError: Migration ecomapp.0017_auto_20191016_1736 dependencies reference nonexistent parent node ('cities_light', '0008_city_timezone')
(djaro) root@ip-172-31-16-234:/home/ubuntu/djaro/site# python3 manage.py makemigrations
Traceback (most recent call last):
  File "manage.py", line 21, in <module>
    main()
  File "manage.py", line 17, in main
    execute_from_command_line(sys.argv)
  File "/home/ubuntu/djaro/djaro/lib/python3.6/site-packages/django/core/management/__init__.py", line 381, in execute_from_command_line
    utility.execute()
  File "/home/ubuntu/djaro/djaro/lib/python3.6/site-packages/django/core/management/__init__.py", line 375, in execute
    self.fetch_command(subcommand).run_from_argv(self.argv)
  File "/home/ubuntu/djaro/djaro/lib/python3.6/site-packages/django/core/management/base.py", line 323, in run_from_argv
    self.execute(*args, **cmd_options)
  File "/home/ubuntu/djaro/djaro/lib/python3.6/site-packages/django/core/management/base.py", line 364, in execute
    output = self.handle(*args, **options)
  File "/home/ubuntu/djaro/djaro/lib/python3.6/site-packages/django/core/management/base.py", line 83, in wrapped
    res = handle_func(*args, **kwargs)
  File "/home/ubuntu/djaro/djaro/lib/python3.6/site-packages/django/core/management/commands/makemigrations.py", line 87, in handle
    loader = MigrationLoader(None, ignore_no_migrations=True)
  File "/home/ubuntu/djaro/djaro/lib/python3.6/site-packages/django/db/migrations/loader.py", line 49, in __init__
    self.build_graph()
  File "/home/ubuntu/djaro/djaro/lib/python3.6/site-packages/django/db/migrations/loader.py", line 274, in build_graph
    raise exc
  File "/home/ubuntu/djaro/djaro/lib/python3.6/site-packages/django/db/migrations/loader.py", line 248, in build_graph
    self.graph.validate_consistency()
  File "/home/ubuntu/djaro/djaro/lib/python3.6/site-packages/django/db/migrations/graph.py", line 195, in validate_consistency
    [n.raise_error() for n in self.node_map.values() if isinstance(n, DummyNode)]
  File "/home/ubuntu/djaro/djaro/lib/python3.6/site-packages/django/db/migrations/graph.py", line 195, in <listcomp>
    [n.raise_error() for n in self.node_map.values() if isinstance(n, DummyNode)]
  File "/home/ubuntu/djaro/djaro/lib/python3.6/site-packages/django/db/migrations/graph.py", line 58, in raise_error
    raise NodeNotFoundError(self.error_message, self.key, origin=self.origin)
django.db.migrations.exceptions.NodeNotFoundError: Migration ecomapp.0017_auto_20191016_1736 dependencies reference nonexistent parent node ('cities_light', '0008_city_timezone')
(djaro) root@ip-172-31-16-234:/home/ubuntu/djaro/site# find . -path "*/migrations/*.py" -not -name "__init__.py" -delete
(djaro) root@ip-172-31-16-234:/home/ubuntu/djaro/site# find . -path "*/migrations/*.pyc"  -delete
(djaro) root@ip-172-31-16-234:/home/ubuntu/djaro/site# python manage.py makemigrations
Migrations for 'ecomapp':
  ecomapp/migrations/0001_initial.py
    - Create model Brand
    - Create model Cart
    - Create model Category
    - Create model Product
    - Create model Order
    - Create model Image
    - Create model CartItem
    - Add field item to cart
(djaro) root@ip-172-31-16-234:/home/ubuntu/djaro/site# python manage.py migrate
Operations to perform:
  Apply all migrations: admin, auth, contenttypes, ecomapp, sessions
Running migrations:
  No migrations to apply.
(djaro) root@ip-172-31-16-234:/home/ubuntu/djaro/site# python
Python 3.6.8 (default, Oct  7 2019, 12:59:55) 
[GCC 8.3.0] on linux
Type "help", "copyright", "credits" or "license" for more information.
>>> exit
Use exit() or Ctrl-D (i.e. EOF) to exit
>>> exit()
(djaro) root@ip-172-31-16-234:/home/ubuntu/djaro/site# python3 manage.py runserver
Watching for file changes with StatReloader
Performing system checks...

System check identified no issues (0 silenced).
October 20, 2019 - 16:22:47
Django version 2.2.3, using settings 'djangoshop.settings'
Starting development server at http://127.0.0.1:8000/
Quit the server with CONTROL-C.
^C(djaro) root@ip-172-31-16-234:/home/ubuntu/djaro/site# python3 manage.py runseer 0.0.0.0:8000
Watching for file changes with StatReloader
Performing system checks...

System check identified no issues (0 silenced).
October 20, 2019 - 16:29:37
Django version 2.2.3, using settings 'djangoshop.settings'
Starting development server at http://0.0.0.0:8000/
Quit the server with CONTROL-C.
 ^[[CInvalid HTTP_HOST header: '18.216.91.245:8000'. You may need to add '18.216.91.245' to ALLOWED_HOSTS.
Bad Request: /
[20/Oct/2019 16:30:53] "GET / HTTP/1.1" 400 60681
Invalid HTTP_HOST header: '18.216.91.245:8000'. You may need to add '18.216.91.245' to ALLOWED_HOSTS.
Bad Request: /favicon.ico
[20/Oct/2019 16:30:54] "GET /favicon.ico HTTP/1.1" 400 60856
^C(djaro) root@ip-172-31-16-234:/home/ubuntu/djaro/site# ді
ді: command not found
(djaro) root@ip-172-31-16-234:/home/ubuntu/djaro/site# ls
db.sqlite3  ecomapp    media           requirements.txt
djangoshop  manage.py  product_images  static_in_dev
(djaro) root@ip-172-31-16-234:/home/ubuntu/djaro/site# cd djangoshop
(djaro) root@ip-172-31-16-234:/home/ubuntu/djaro/site/djangoshop# ls
__init__.py  __pycache__  settings.py  urls.py  wsgi.py
(djaro) root@ip-172-31-16-234:/home/ubuntu/djaro/site/djangoshop# vim settings.py
(djaro) root@ip-172-31-16-234:/home/ubuntu/djaro/site/djangoshop# nano settings.py
(djaro) root@ip-172-31-16-234:/home/ubuntu/djaro/site/djangoshop# python3 manage.py runserver 0.0.0.0:8000
python3: can't open file 'manage.py': [Errno 2] No such file or directory
(djaro) root@ip-172-31-16-234:/home/ubuntu/djaro/site/djangoshop# cd ../
(djaro) root@ip-172-31-16-234:/home/ubuntu/djaro/site# python3 manage.py runserver 0.0.0.0:8000
Watching for file changes with StatReloader
Performing system checks...

System check identified no issues (0 silenced).
October 20, 2019 - 16:45:40
Django version 2.2.3, using settings 'djangoshop.settings'
Starting development server at http://0.0.0.0:8000/
Quit the server with CONTROL-C.
Invalid HTTP_HOST header: '18.216.91.245:8000'. You may need to add '18.216.91.245' to ALLOWED_HOSTS.
Bad Request: /
[20/Oct/2019 16:45:45] "GET / HTTP/1.1" 400 60819
Invalid HTTP_HOST header: '18.216.91.245:8000'. You may need to add '18.216.91.245' to ALLOWED_HOSTS.
Bad Request: /favicon.ico
[20/Oct/2019 16:45:45] "GET /favicon.ico HTTP/1.1" 400 60994
^C(djaro) root@ip-172-31-16-234:/home/ubuntu/djaro/site# nano settings.py
(djaro) root@ip-172-31-16-234:/home/ubuntu/djaro/site# cd djangoshop
(djaro) root@ip-172-31-16-234:/home/ubuntu/djaro/site/djangoshop# nano settings.py
(djaro) root@ip-172-31-16-234:/home/ubuntu/djaro/site/djangoshop# cd ../
(djaro) root@ip-172-31-16-234:/home/ubuntu/djaro/site# python3 manage.py runserver 0.0.0.0:8000
Watching for file changes with StatReloader
Performing system checks...

System check identified no issues (0 silenced).
October 20, 2019 - 16:47:31
Django version 2.2.3, using settings 'djangoshop.settings'
Starting development server at http://0.0.0.0:8000/
Quit the server with CONTROL-C.
[20/Oct/2019 16:47:35] "GET / HTTP/1.1" 200 19334
[20/Oct/2019 16:47:35] "GET /static/css/r1.css HTTP/1.1" 200 7475
[20/Oct/2019 16:47:35] "GET /static/css/bootstrap.min.css HTTP/1.1" 200 155758
[20/Oct/2019 16:47:35] "GET /media/CBD_Capsules_Cibdex/CBD_Capsules_Cibdex.jpg HTTP/1.1" 200 24686
[20/Oct/2019 16:47:36] "GET /media/Moon_rock/Moon_rock.jpg HTTP/1.1" 200 183891
[20/Oct/2019 16:47:36] "GET /media/sex-1/sex-1.jpg HTTP/1.1" 200 84885
[20/Oct/2019 16:47:36] "GET /static/js/jquery.js HTTP/1.1" 200 280364
[20/Oct/2019 16:47:36] "GET /media/Big_Brothers/Big_Brothers.jpg HTTP/1.1" 200 161734
[20/Oct/2019 16:47:36] "GET /media/Marijuana_Oil_Cartridges/Marijuana_Oil_Cartridges.jpg HTTP/1.1" 200 21419
[20/Oct/2019 16:47:36] "GET /static/js/bootstrap.js HTTP/1.1" 200 131637
[20/Oct/2019 16:47:36] "GET /media/Breast_implants/Breast_implants.jpg_350x350 HTTP/1.1" 200 16093
[20/Oct/2019 16:47:36] "GET /media/Increlex/Increlex.jpg HTTP/1.1" 200 65357
[20/Oct/2019 16:47:36] "GET /media/Samsu/Samsu.jpg HTTP/1.1" 200 117555
[20/Oct/2019 16:47:36] "GET /media/whatsapp-logo-32x32.png HTTP/1.1" 200 1148
Not Found: /favicon.ico
[20/Oct/2019 16:47:37] "GET /favicon.ico HTTP/1.1" 404 4951
^C(djaro) root@ip-172-31-16-234:/home/ubuntu/djaro/site# ls
db.sqlite3  djangoshop  ecomapp  manage.py  media  product_images  requirements.txt  static_in_dev
(djaro) root@ip-172-31-16-234:/home/ubuntu/djaro/site# cd ecomapp
(djaro) root@ip-172-31-16-234:/home/ubuntu/djaro/site/ecomapp# ls
Card.py  __init__.py  __pycache__  admin.py  apps.py  forms.py  migrations  models.py  templates  tests.py  urls.py  views.py
(djaro) root@ip-172-31-16-234:/home/ubuntu/djaro/site/ecomapp# cd templates
(djaro) root@ip-172-31-16-234:/home/ubuntu/djaro/site/ecomapp/templates# ls
account.html  cart.html      checkout.html  order.html       product.html       thank_you.html
base.html     category.html  login.html     order_make.html  registration.html
(djaro) root@ip-172-31-16-234:/home/ubuntu/djaro/site/ecomapp/templates# nano base.html
(djaro) root@ip-172-31-16-234:/home/ubuntu/djaro/site/ecomapp/templates# cd .../
bash: cd: .../: No such file or directory
(djaro) root@ip-172-31-16-234:/home/ubuntu/djaro/site/ecomapp/templates# cd ../
(djaro) root@ip-172-31-16-234:/home/ubuntu/djaro/site/ecomapp# cd .../
bash: cd: .../: No such file or directory
(djaro) root@ip-172-31-16-234:/home/ubuntu/djaro/site/ecomapp# cd .../
bash: cd: .../: No such file or directory
(djaro) root@ip-172-31-16-234:/home/ubuntu/djaro/site/ecomapp# cd ../
(djaro) root@ip-172-31-16-234:/home/ubuntu/djaro/site# python3 manage.py runserver 0.0.0.0:8000
Watching for file changes with StatReloader
Performing system checks...

System check identified no issues (0 silenced).
October 20, 2019 - 16:55:04
Django version 2.2.3, using settings 'djangoshop.settings'
Starting development server at http://0.0.0.0:8000/
Quit the server with CONTROL-C.
[20/Oct/2019 16:55:09] "GET / HTTP/1.1" 200 19335
[20/Oct/2019 16:55:09] "GET /static/css/r1.css HTTP/1.1" 304 0
[20/Oct/2019 16:55:09] "GET /static/css/bootstrap.min.css HTTP/1.1" 304 0
[20/Oct/2019 16:55:09] "GET /media/sex-1/sex-1.jpg HTTP/1.1" 304 0
[20/Oct/2019 16:55:09] "GET /media/Big_Brothers/Big_Brothers.jpg HTTP/1.1" 304 0
[20/Oct/2019 16:55:09] "GET /media/Moon_rock/Moon_rock.jpg HTTP/1.1" 304 0
[20/Oct/2019 16:55:09] "GET /media/CBD_Capsules_Cibdex/CBD_Capsules_Cibdex.jpg HTTP/1.1" 304 0
[20/Oct/2019 16:55:09] "GET /static/js/jquery.js HTTP/1.1" 304 0
[20/Oct/2019 16:55:10] "GET /static/js/bootstrap.js HTTP/1.1" 304 0
[20/Oct/2019 16:55:10] "GET /media/Marijuana_Oil_Cartridges/Marijuana_Oil_Cartridges.jpg HTTP/1.1" 304 0
[20/Oct/2019 16:55:10] "GET /media/Samsu/Samsu.jpg HTTP/1.1" 304 0
[20/Oct/2019 16:55:10] "GET /media/Increlex/Increlex.jpg HTTP/1.1" 304 0
[20/Oct/2019 16:55:10] "GET /media/Breast_implants/Breast_implants.jpg_350x350 HTTP/1.1" 304 0
[20/Oct/2019 16:55:10] "GET /media/whatsapp-logo-32x32.png HTTP/1.1" 304 0
[20/Oct/2019 16:55:45] "GET / HTTP/1.1" 200 19335
[20/Oct/2019 16:55:45] "GET /static/css/r1.css HTTP/1.1" 200 7475
[20/Oct/2019 16:55:45] "GET /media/Breast_implants/Breast_implants.jpg_350x350 HTTP/1.1" 200 16093
[20/Oct/2019 16:55:45] "GET /media/Increlex/Increlex.jpg HTTP/1.1" 200 65357
[20/Oct/2019 16:55:45] "GET /media/Marijuana_Oil_Cartridges/Marijuana_Oil_Cartridges.jpg HTTP/1.1" 200 21419
[20/Oct/2019 16:55:45] "GET /static/css/bootstrap.min.css HTTP/1.1" 200 155758
[20/Oct/2019 16:55:46] "GET /media/Samsu/Samsu.jpg HTTP/1.1" 200 117555
[20/Oct/2019 16:55:46] "GET /media/sex-1/sex-1.jpg HTTP/1.1" 200 84885
[20/Oct/2019 16:55:46] "GET /media/Big_Brothers/Big_Brothers.jpg HTTP/1.1" 200 161734
[20/Oct/2019 16:55:46] "GET /media/Moon_rock/Moon_rock.jpg HTTP/1.1" 200 183891
[20/Oct/2019 16:55:46] "GET /media/CBD_Capsules_Cibdex/CBD_Capsules_Cibdex.jpg HTTP/1.1" 200 24686
[20/Oct/2019 16:55:46] "GET /static/js/bootstrap.js HTTP/1.1" 200 131637
[20/Oct/2019 16:55:47] "GET /media/whatsapp-logo-32x32.png HTTP/1.1" 200 1148
[20/Oct/2019 16:55:47] "GET /static/js/jquery.js HTTP/1.1" 200 280364
Not Found: /favicon.ico
[20/Oct/2019 16:55:48] "GET /favicon.ico HTTP/1.1" 404 4951
[20/Oct/2019 16:56:00] "GET / HTTP/1.1" 200 19335
[20/Oct/2019 16:56:14] "GET / HTTP/1.1" 200 19335
[20/Oct/2019 16:56:30] "GET /product/Big_Brothers/ HTTP/1.1" 200 7510
[20/Oct/2019 17:02:40] "GET /registration/ HTTP/1.1" 200 6521
[20/Oct/2019 17:02:40] "GET /static/css/r1.css HTTP/1.1" 304 0
[20/Oct/2019 17:02:40] "GET /static/css/bootstrap.min.css HTTP/1.1" 304 0
[20/Oct/2019 17:02:40] "GET /static/js/jquery.js HTTP/1.1" 304 0
[20/Oct/2019 17:02:40] "GET /static/js/bootstrap.js HTTP/1.1" 304 0
[20/Oct/2019 17:02:40] "GET /media/whatsapp-logo-32x32.png HTTP/1.1" 304 0
----------------------------------------
Exception happened during processing of request from ('91.198.10.208', 42040)
Traceback (most recent call last):
  File "/usr/lib/python3.6/socketserver.py", line 654, in process_request_thread
    self.finish_request(request, client_address)
  File "/usr/lib/python3.6/socketserver.py", line 364, in finish_request
    self.RequestHandlerClass(request, client_address, self)
  File "/usr/lib/python3.6/socketserver.py", line 724, in __init__
    self.handle()
  File "/home/ubuntu/djaro/djaro/lib/python3.6/site-packages/django/core/servers/basehttp.py", line 171, in handle
    self.handle_one_request()
  File "/home/ubuntu/djaro/djaro/lib/python3.6/site-packages/django/core/servers/basehttp.py", line 179, in handle_one_request
    self.raw_requestline = self.rfile.readline(65537)
  File "/usr/lib/python3.6/socket.py", line 586, in readinto
    return self._sock.recv_into(b)
ConnectionResetError: [Errno 104] Connection reset by peer
----------------------------------------
----------------------------------------
Exception happened during processing of request from ('91.198.10.208', 42036)
Traceback (most recent call last):
  File "/usr/lib/python3.6/socketserver.py", line 654, in process_request_thread
    self.finish_request(request, client_address)
  File "/usr/lib/python3.6/socketserver.py", line 364, in finish_request
    self.RequestHandlerClass(request, client_address, self)
  File "/usr/lib/python3.6/socketserver.py", line 724, in __init__
    self.handle()
  File "/home/ubuntu/djaro/djaro/lib/python3.6/site-packages/django/core/servers/basehttp.py", line 171, in handle
    self.handle_one_request()
  File "/home/ubuntu/djaro/djaro/lib/python3.6/site-packages/django/core/servers/basehttp.py", line 179, in handle_one_request
    self.raw_requestline = self.rfile.readline(65537)
  File "/usr/lib/python3.6/socket.py", line 586, in readinto
    return self._sock.recv_into(b)
ConnectionResetError: [Errno 104] Connection reset by peer
----------------------------------------
----------------------------------------
Exception happened during processing of request from ('91.198.10.208', 42042)
Traceback (most recent call last):
  File "/usr/lib/python3.6/socketserver.py", line 654, in process_request_thread
    self.finish_request(request, client_address)
  File "/usr/lib/python3.6/socketserver.py", line 364, in finish_request
    self.RequestHandlerClass(request, client_address, self)
  File "/usr/lib/python3.6/socketserver.py", line 724, in __init__
    self.handle()
  File "/home/ubuntu/djaro/djaro/lib/python3.6/site-packages/django/core/servers/basehttp.py", line 171, in handle
    self.handle_one_request()
  File "/home/ubuntu/djaro/djaro/lib/python3.6/site-packages/django/core/servers/basehttp.py", line 179, in handle_one_request
    self.raw_requestline = self.rfile.readline(65537)
  File "/usr/lib/python3.6/socket.py", line 586, in readinto
    return self._sock.recv_into(b)
ConnectionResetError: [Errno 104] Connection reset by peer
----------------------------------------
----------------------------------------
Exception happened during processing of request from ('91.198.10.208', 42038)
Traceback (most recent call last):
  File "/usr/lib/python3.6/socketserver.py", line 654, in process_request_thread
    self.finish_request(request, client_address)
  File "/usr/lib/python3.6/socketserver.py", line 364, in finish_request
    self.RequestHandlerClass(request, client_address, self)
  File "/usr/lib/python3.6/socketserver.py", line 724, in __init__
    self.handle()
  File "/home/ubuntu/djaro/djaro/lib/python3.6/site-packages/django/core/servers/basehttp.py", line 171, in handle
    self.handle_one_request()
  File "/home/ubuntu/djaro/djaro/lib/python3.6/site-packages/django/core/servers/basehttp.py", line 179, in handle_one_request
    self.raw_requestline = self.rfile.readline(65537)
  File "/usr/lib/python3.6/socket.py", line 586, in readinto
    return self._sock.recv_into(b)
ConnectionResetError: [Errno 104] Connection reset by peer
----------------------------------------
----------------------------------------
Exception happened during processing of request from ('91.198.10.208', 42032)
Traceback (most recent call last):
  File "/usr/lib/python3.6/socketserver.py", line 654, in process_request_thread
    self.finish_request(request, client_address)
  File "/usr/lib/python3.6/socketserver.py", line 364, in finish_request
    self.RequestHandlerClass(request, client_address, self)
  File "/usr/lib/python3.6/socketserver.py", line 724, in __init__
    self.handle()
  File "/home/ubuntu/djaro/djaro/lib/python3.6/site-packages/django/core/servers/basehttp.py", line 171, in handle
    self.handle_one_request()
  File "/home/ubuntu/djaro/djaro/lib/python3.6/site-packages/django/core/servers/basehttp.py", line 179, in handle_one_request
    self.raw_requestline = self.rfile.readline(65537)
  File "/usr/lib/python3.6/socket.py", line 586, in readinto
    return self._sock.recv_into(b)
ConnectionResetError: [Errno 104] Connection reset by peer
----------------------------------------
----------------------------------------
Exception happened during processing of request from ('91.198.10.208', 42034)
Traceback (most recent call last):
  File "/usr/lib/python3.6/socketserver.py", line 654, in process_request_thread
    self.finish_request(request, client_address)
  File "/usr/lib/python3.6/socketserver.py", line 364, in finish_request
    self.RequestHandlerClass(request, client_address, self)
  File "/usr/lib/python3.6/socketserver.py", line 724, in __init__
    self.handle()
  File "/home/ubuntu/djaro/djaro/lib/python3.6/site-packages/django/core/servers/basehttp.py", line 171, in handle
    self.handle_one_request()
  File "/home/ubuntu/djaro/djaro/lib/python3.6/site-packages/django/core/servers/basehttp.py", line 179, in handle_one_request
    self.raw_requestline = self.rfile.readline(65537)
  File "/usr/lib/python3.6/socket.py", line 586, in readinto
    return self._sock.recv_into(b)
ConnectionResetError: [Errno 104] Connection reset by peer
----------------------------------------
[20/Oct/2019 17:03:30] "POST /registration/ HTTP/1.1" 302 0
[20/Oct/2019 17:03:31] "GET / HTTP/1.1" 200 19904
[20/Oct/2019 17:03:31] "GET /media/sex-1/sex-1.jpg HTTP/1.1" 304 0
[20/Oct/2019 17:03:31] "GET /media/Big_Brothers/Big_Brothers.jpg HTTP/1.1" 304 0
[20/Oct/2019 17:03:31] "GET /media/CBD_Capsules_Cibdex/CBD_Capsules_Cibdex.jpg HTTP/1.1" 304 0
[20/Oct/2019 17:03:31] "GET /media/Moon_rock/Moon_rock.jpg HTTP/1.1" 304 0
[20/Oct/2019 17:03:31] "GET /media/Marijuana_Oil_Cartridges/Marijuana_Oil_Cartridges.jpg HTTP/1.1" 304 0
[20/Oct/2019 17:03:31] "GET /media/Breast_implants/Breast_implants.jpg_350x350 HTTP/1.1" 304 0
[20/Oct/2019 17:03:31] "GET /media/Increlex/Increlex.jpg HTTP/1.1" 304 0
[20/Oct/2019 17:03:31] "GET /media/Samsu/Samsu.jpg HTTP/1.1" 304 0
[20/Oct/2019 17:03:43] "GET /account/ HTTP/1.1" 200 4081
[20/Oct/2019 17:03:51] "GET / HTTP/1.1" 200 19904
[20/Oct/2019 17:03:55] "GET /category/sexbooster/ HTTP/1.1" 200 8329
[20/Oct/2019 17:03:59] "GET /add_to_cart/?product_slug=sex-1 HTTP/1.1" 200 43
[20/Oct/2019 17:04:00] "GET /add_to_cart/?product_slug=sex-1 HTTP/1.1" 200 43
[20/Oct/2019 17:04:01] "GET /cart/ HTTP/1.1" 200 7177
[20/Oct/2019 17:04:03] "GET /checkout/ HTTP/1.1" 200 4745
[20/Oct/2019 17:04:05] "GET /order/ HTTP/1.1" 200 45082
Internal Server Error: /make_order/
Traceback (most recent call last):
  File "/home/ubuntu/djaro/djaro/lib/python3.6/site-packages/django/core/handlers/exception.py", line 34, in inner
    response = get_response(request)
  File "/home/ubuntu/djaro/djaro/lib/python3.6/site-packages/django/core/handlers/base.py", line 115, in _get_response
    response = self.process_exception_by_middleware(e, request)
  File "/home/ubuntu/djaro/djaro/lib/python3.6/site-packages/django/core/handlers/base.py", line 113, in _get_response
    response = wrapped_callback(request, *callback_args, **callback_kwargs)
  File "/home/ubuntu/djaro/site/ecomapp/views.py", line 206, in make_order_view
    print(form.is_valid())
  File "/home/ubuntu/djaro/djaro/lib/python3.6/site-packages/django/forms/forms.py", line 185, in is_valid
    return self.is_bound and not self.errors
  File "/home/ubuntu/djaro/djaro/lib/python3.6/site-packages/django/forms/forms.py", line 180, in errors
    self.full_clean()
  File "/home/ubuntu/djaro/djaro/lib/python3.6/site-packages/django/forms/forms.py", line 381, in full_clean
    self._clean_fields()
  File "/home/ubuntu/djaro/djaro/lib/python3.6/site-packages/django/forms/forms.py", line 399, in _clean_fields
    value = field.clean(value)
  File "/home/ubuntu/djaro/site/ecomapp/Card.py", line 42, in clean
    if not self.validate_mod10(value):
  File "/home/ubuntu/djaro/site/ecomapp/Card.py", line 53, in validate_mod10
    for c in str(factor * int(c)):
ValueError: invalid literal for int() with base 10: '`'
[20/Oct/2019 17:04:51] "POST /make_order/ HTTP/1.1" 500 91735
False
[20/Oct/2019 17:05:30] "POST /make_order/ HTTP/1.1" 200 45781
False
[20/Oct/2019 17:05:50] "POST /make_order/ HTTP/1.1" 200 45781
False
[20/Oct/2019 17:05:58] "POST /make_order/ HTTP/1.1" 200 46149
[20/Oct/2019 17:06:38] "GET / HTTP/1.1" 200 19335
[20/Oct/2019 17:06:38] "GET /static/css/r1.css HTTP/1.1" 200 7475
[20/Oct/2019 17:06:38] "GET /static/css/bootstrap.min.css HTTP/1.1" 200 155758
[20/Oct/2019 17:06:38] "GET /media/CBD_Capsules_Cibdex/CBD_Capsules_Cibdex.jpg HTTP/1.1" 200 24686
[20/Oct/2019 17:06:39] "GET /media/sex-1/sex-1.jpg HTTP/1.1" 200 84885
[20/Oct/2019 17:06:39] "GET /media/Big_Brothers/Big_Brothers.jpg HTTP/1.1" 200 161734
[20/Oct/2019 17:06:39] "GET /media/Moon_rock/Moon_rock.jpg HTTP/1.1" 200 183891
[20/Oct/2019 17:06:39] "GET /static/js/jquery.js HTTP/1.1" 200 280364
[20/Oct/2019 17:06:39] "GET /media/Marijuana_Oil_Cartridges/Marijuana_Oil_Cartridges.jpg HTTP/1.1" 200 21419
[20/Oct/2019 17:06:39] "GET /media/Breast_implants/Breast_implants.jpg_350x350 HTTP/1.1" 200 16093
[20/Oct/2019 17:06:39] "GET /static/js/bootstrap.js HTTP/1.1" 200 131637
[20/Oct/2019 17:06:39] "GET /media/whatsapp-logo-32x32.png HTTP/1.1" 200 1148
[20/Oct/2019 17:06:39] "GET /media/Increlex/Increlex.jpg HTTP/1.1" 200 65357
[20/Oct/2019 17:06:40] "GET /media/Samsu/Samsu.jpg HTTP/1.1" 200 117555
Not Found: /favicon.ico
[20/Oct/2019 17:06:40] "GET /favicon.ico HTTP/1.1" 404 4951
----------------------------------------
Exception happened during processing of request from ('46.133.235.76', 64749)
Traceback (most recent call last):
  File "/usr/lib/python3.6/socketserver.py", line 654, in process_request_thread
    self.finish_request(request, client_address)
  File "/usr/lib/python3.6/socketserver.py", line 364, in finish_request
    self.RequestHandlerClass(request, client_address, self)
  File "/usr/lib/python3.6/socketserver.py", line 724, in __init__
    self.handle()
  File "/home/ubuntu/djaro/djaro/lib/python3.6/site-packages/django/core/servers/basehttp.py", line 171, in handle
    self.handle_one_request()
  File "/home/ubuntu/djaro/djaro/lib/python3.6/site-packages/django/core/servers/basehttp.py", line 179, in handle_one_request
    self.raw_requestline = self.rfile.readline(65537)
  File "/usr/lib/python3.6/socket.py", line 586, in readinto
    return self._sock.recv_into(b)
ConnectionResetError: [Errno 104] Connection reset by peer
----------------------------------------
[20/Oct/2019 17:07:17] "GET /registration/ HTTP/1.1" 200 6521
Not Found: /favicon.ico
[20/Oct/2019 17:07:18] "GET /favicon.ico HTTP/1.1" 404 4951
----------------------------------------
Exception happened during processing of request from ('46.133.235.76', 64750)
Traceback (most recent call last):
  File "/usr/lib/python3.6/socketserver.py", line 654, in process_request_thread
    self.finish_request(request, client_address)
  File "/usr/lib/python3.6/socketserver.py", line 364, in finish_request
    self.RequestHandlerClass(request, client_address, self)
  File "/usr/lib/python3.6/socketserver.py", line 724, in __init__
    self.handle()
  File "/home/ubuntu/djaro/djaro/lib/python3.6/site-packages/django/core/servers/basehttp.py", line 171, in handle
    self.handle_one_request()
  File "/home/ubuntu/djaro/djaro/lib/python3.6/site-packages/django/core/servers/basehttp.py", line 179, in handle_one_request
    self.raw_requestline = self.rfile.readline(65537)
  File "/usr/lib/python3.6/socket.py", line 586, in readinto
    return self._sock.recv_into(b)
ConnectionResetError: [Errno 104] Connection reset by peer
----------------------------------------
[20/Oct/2019 17:07:21] "GET /login/ HTTP/1.1" 200 4640
Not Found: /favicon.ico
[20/Oct/2019 17:07:21] "GET /favicon.ico HTTP/1.1" 404 4951
----------------------------------------
Exception happened during processing of request from ('46.133.235.76', 64747)
Traceback (most recent call last):
  File "/usr/lib/python3.6/socketserver.py", line 654, in process_request_thread
    self.finish_request(request, client_address)
  File "/usr/lib/python3.6/socketserver.py", line 364, in finish_request
    self.RequestHandlerClass(request, client_address, self)
  File "/usr/lib/python3.6/socketserver.py", line 724, in __init__
    self.handle()
  File "/home/ubuntu/djaro/djaro/lib/python3.6/site-packages/django/core/servers/basehttp.py", line 171, in handle
    self.handle_one_request()
  File "/home/ubuntu/djaro/djaro/lib/python3.6/site-packages/django/core/servers/basehttp.py", line 179, in handle_one_request
    self.raw_requestline = self.rfile.readline(65537)
  File "/usr/lib/python3.6/socket.py", line 586, in readinto
    return self._sock.recv_into(b)
ConnectionResetError: [Errno 104] Connection reset by peer
----------------------------------------
[20/Oct/2019 17:07:28] "GET / HTTP/1.1" 200 19335
Not Found: /favicon.ico
[20/Oct/2019 17:07:29] "GET /favicon.ico HTTP/1.1" 404 4951
----------------------------------------
Exception happened during processing of request from ('46.133.235.76', 64746)
Traceback (most recent call last):
  File "/usr/lib/python3.6/socketserver.py", line 654, in process_request_thread
    self.finish_request(request, client_address)
  File "/usr/lib/python3.6/socketserver.py", line 364, in finish_request
    self.RequestHandlerClass(request, client_address, self)
  File "/usr/lib/python3.6/socketserver.py", line 724, in __init__
    self.handle()
  File "/home/ubuntu/djaro/djaro/lib/python3.6/site-packages/django/core/servers/basehttp.py", line 171, in handle
    self.handle_one_request()
  File "/home/ubuntu/djaro/djaro/lib/python3.6/site-packages/django/core/servers/basehttp.py", line 179, in handle_one_request
    self.raw_requestline = self.rfile.readline(65537)
  File "/usr/lib/python3.6/socket.py", line 586, in readinto
    return self._sock.recv_into(b)
ConnectionResetError: [Errno 104] Connection reset by peer
----------------------------------------
[20/Oct/2019 17:07:30] "GET /login/ HTTP/1.1" 200 4640
Not Found: /favicon.ico
[20/Oct/2019 17:07:31] "GET /favicon.ico HTTP/1.1" 404 4951
----------------------------------------
Exception happened during processing of request from ('46.133.235.76', 64748)
Traceback (most recent call last):
  File "/usr/lib/python3.6/socketserver.py", line 654, in process_request_thread
    self.finish_request(request, client_address)
  File "/usr/lib/python3.6/socketserver.py", line 364, in finish_request
    self.RequestHandlerClass(request, client_address, self)
  File "/usr/lib/python3.6/socketserver.py", line 724, in __init__
    self.handle()
  File "/home/ubuntu/djaro/djaro/lib/python3.6/site-packages/django/core/servers/basehttp.py", line 171, in handle
    self.handle_one_request()
  File "/home/ubuntu/djaro/djaro/lib/python3.6/site-packages/django/core/servers/basehttp.py", line 179, in handle_one_request
    self.raw_requestline = self.rfile.readline(65537)
  File "/usr/lib/python3.6/socket.py", line 586, in readinto
    return self._sock.recv_into(b)
ConnectionResetError: [Errno 104] Connection reset by peer
----------------------------------------
[20/Oct/2019 17:07:31] "GET / HTTP/1.1" 200 19335
Not Found: /favicon.ico
[20/Oct/2019 17:07:32] "GET /favicon.ico HTTP/1.1" 404 4951
----------------------------------------
Exception happened during processing of request from ('46.133.235.76', 64745)
Traceback (most recent call last):
  File "/usr/lib/python3.6/socketserver.py", line 654, in process_request_thread
    self.finish_request(request, client_address)
  File "/usr/lib/python3.6/socketserver.py", line 364, in finish_request
    self.RequestHandlerClass(request, client_address, self)
  File "/usr/lib/python3.6/socketserver.py", line 724, in __init__
    self.handle()
  File "/home/ubuntu/djaro/djaro/lib/python3.6/site-packages/django/core/servers/basehttp.py", line 171, in handle
    self.handle_one_request()
  File "/home/ubuntu/djaro/djaro/lib/python3.6/site-packages/django/core/servers/basehttp.py", line 179, in handle_one_request
    self.raw_requestline = self.rfile.readline(65537)
  File "/usr/lib/python3.6/socket.py", line 586, in readinto
    return self._sock.recv_into(b)
ConnectionResetError: [Errno 104] Connection reset by peer
----------------------------------------
True
[20/Oct/2019 17:07:40] "POST /make_order/ HTTP/1.1" 302 0
[20/Oct/2019 17:07:41] "GET /thank_you/ HTTP/1.1" 200 3927
[20/Oct/2019 17:07:56] "GET /login/ HTTP/1.1" 200 4640
Not Found: /favicon.ico
[20/Oct/2019 17:07:57] "GET /favicon.ico HTTP/1.1" 404 4951
----------------------------------------
Exception happened during processing of request from ('46.133.235.76', 64828)
Traceback (most recent call last):
  File "/usr/lib/python3.6/socketserver.py", line 654, in process_request_thread
    self.finish_request(request, client_address)
  File "/usr/lib/python3.6/socketserver.py", line 364, in finish_request
    self.RequestHandlerClass(request, client_address, self)
  File "/usr/lib/python3.6/socketserver.py", line 724, in __init__
    self.handle()
  File "/home/ubuntu/djaro/djaro/lib/python3.6/site-packages/django/core/servers/basehttp.py", line 171, in handle
    self.handle_one_request()
  File "/home/ubuntu/djaro/djaro/lib/python3.6/site-packages/django/core/servers/basehttp.py", line 179, in handle_one_request
    self.raw_requestline = self.rfile.readline(65537)
  File "/usr/lib/python3.6/socket.py", line 586, in readinto
    return self._sock.recv_into(b)
ConnectionResetError: [Errno 104] Connection reset by peer
----------------------------------------
[20/Oct/2019 17:08:00] "GET / HTTP/1.1" 200 19335
Not Found: /favicon.ico
[20/Oct/2019 17:08:00] "GET /favicon.ico HTTP/1.1" 404 4951
----------------------------------------
Exception happened during processing of request from ('46.133.235.76', 64829)
Traceback (most recent call last):
  File "/usr/lib/python3.6/socketserver.py", line 654, in process_request_thread
    self.finish_request(request, client_address)
  File "/usr/lib/python3.6/socketserver.py", line 364, in finish_request
    self.RequestHandlerClass(request, client_address, self)
  File "/usr/lib/python3.6/socketserver.py", line 724, in __init__
    self.handle()
  File "/home/ubuntu/djaro/djaro/lib/python3.6/site-packages/django/core/servers/basehttp.py", line 171, in handle
    self.handle_one_request()
  File "/home/ubuntu/djaro/djaro/lib/python3.6/site-packages/django/core/servers/basehttp.py", line 179, in handle_one_request
    self.raw_requestline = self.rfile.readline(65537)
  File "/usr/lib/python3.6/socket.py", line 586, in readinto
    return self._sock.recv_into(b)
ConnectionResetError: [Errno 104] Connection reset by peer
----------------------------------------
[20/Oct/2019 17:08:02] "GET /category/Anti_aging/ HTTP/1.1" 200 5361
Not Found: /favicon.ico
[20/Oct/2019 17:08:03] "GET /favicon.ico HTTP/1.1" 404 4951
----------------------------------------
Exception happened during processing of request from ('46.133.235.76', 64830)
Traceback (most recent call last):
  File "/usr/lib/python3.6/socketserver.py", line 654, in process_request_thread
    self.finish_request(request, client_address)
  File "/usr/lib/python3.6/socketserver.py", line 364, in finish_request
    self.RequestHandlerClass(request, client_address, self)
  File "/usr/lib/python3.6/socketserver.py", line 724, in __init__
    self.handle()
  File "/home/ubuntu/djaro/djaro/lib/python3.6/site-packages/django/core/servers/basehttp.py", line 171, in handle
    self.handle_one_request()
  File "/home/ubuntu/djaro/djaro/lib/python3.6/site-packages/django/core/servers/basehttp.py", line 179, in handle_one_request
    self.raw_requestline = self.rfile.readline(65537)
  File "/usr/lib/python3.6/socket.py", line 586, in readinto
    return self._sock.recv_into(b)
ConnectionResetError: [Errno 104] Connection reset by peer
----------------------------------------
[20/Oct/2019 17:08:05] "GET / HTTP/1.1" 200 19335
Not Found: /favicon.ico
[20/Oct/2019 17:08:06] "GET /favicon.ico HTTP/1.1" 404 4951
----------------------------------------
Exception happened during processing of request from ('46.133.235.76', 64845)
Traceback (most recent call last):
  File "/usr/lib/python3.6/socketserver.py", line 654, in process_request_thread
    self.finish_request(request, client_address)
  File "/usr/lib/python3.6/socketserver.py", line 364, in finish_request
    self.RequestHandlerClass(request, client_address, self)
  File "/usr/lib/python3.6/socketserver.py", line 724, in __init__
    self.handle()
  File "/home/ubuntu/djaro/djaro/lib/python3.6/site-packages/django/core/servers/basehttp.py", line 171, in handle
    self.handle_one_request()
  File "/home/ubuntu/djaro/djaro/lib/python3.6/site-packages/django/core/servers/basehttp.py", line 179, in handle_one_request
    self.raw_requestline = self.rfile.readline(65537)
  File "/usr/lib/python3.6/socket.py", line 586, in readinto
    return self._sock.recv_into(b)
ConnectionResetError: [Errno 104] Connection reset by peer
----------------------------------------
[20/Oct/2019 17:09:29] "GET / HTTP/1.1" 200 19904
[20/Oct/2019 17:09:29] "GET /static/css/r1.css HTTP/1.1" 304 0
[20/Oct/2019 17:09:29] "GET /static/css/bootstrap.min.css HTTP/1.1" 304 0
[20/Oct/2019 17:09:29] "GET /media/sex-1/sex-1.jpg HTTP/1.1" 304 0
[20/Oct/2019 17:09:29] "GET /media/Big_Brothers/Big_Brothers.jpg HTTP/1.1" 304 0
[20/Oct/2019 17:09:29] "GET /media/Moon_rock/Moon_rock.jpg HTTP/1.1" 304 0
[20/Oct/2019 17:09:29] "GET /media/CBD_Capsules_Cibdex/CBD_Capsules_Cibdex.jpg HTTP/1.1" 304 0
[20/Oct/2019 17:09:30] "GET /static/js/jquery.js HTTP/1.1" 304 0
[20/Oct/2019 17:09:30] "GET /static/js/bootstrap.js HTTP/1.1" 304 0
[20/Oct/2019 17:09:30] "GET /media/Breast_implants/Breast_implants.jpg_350x350 HTTP/1.1" 304 0
[20/Oct/2019 17:09:30] "GET /media/Marijuana_Oil_Cartridges/Marijuana_Oil_Cartridges.jpg HTTP/1.1" 304 0
[20/Oct/2019 17:09:30] "GET /media/Increlex/Increlex.jpg HTTP/1.1" 304 0
[20/Oct/2019 17:09:30] "GET /media/Samsu/Samsu.jpg HTTP/1.1" 304 0
[20/Oct/2019 17:09:30] "GET /media/whatsapp-logo-32x32.png HTTP/1.1" 304 0
[20/Oct/2019 17:09:39] "GET /product/Moon_rock/ HTTP/1.1" 200 6580
[20/Oct/2019 17:10:19] "GET /cart/ HTTP/1.1" 200 5590
[20/Oct/2019 17:10:23] "GET /account/ HTTP/1.1" 200 4662
^C(djaro) root@ip-172-31-16-234:/home/ubuntu/djaro/site# ді
ді: command not found
(djaro) root@ip-172-31-16-234:/home/ubuntu/djaro/site# lks

Command 'lks' not found, did you mean:

  command 'ls' from deb coreutils
  command 'sks' from deb sks
  command 'lrs' from deb lrslib
  command 'lksh' from deb mksh
  command 'lvs' from deb lvm2
  command 'les' from deb atm-tools

Try: apt install <deb name>

(djaro) root@ip-172-31-16-234:/home/ubuntu/djaro/site# ls
db.sqlite3  djangoshop  ecomapp  manage.py  media  product_images  requirements.txt  static_in_dev
(djaro) root@ip-172-31-16-234:/home/ubuntu/djaro/site# cd djangoshop/tempates
bash: cd: djangoshop/tempates: No such file or directory
(djaro) root@ip-172-31-16-234:/home/ubuntu/djaro/site# cd djangoshop
(djaro) root@ip-172-31-16-234:/home/ubuntu/djaro/site/djangoshop# ls
__init__.py  __pycache__  settings.py  urls.py  wsgi.py
(djaro) root@ip-172-31-16-234:/home/ubuntu/djaro/site/djangoshop# cd ../
(djaro) root@ip-172-31-16-234:/home/ubuntu/djaro/site# ls
db.sqlite3  djangoshop  ecomapp  manage.py  media  product_images  requirements.txt  static_in_dev
(djaro) root@ip-172-31-16-234:/home/ubuntu/djaro/site# cd ecomapp
(djaro) root@ip-172-31-16-234:/home/ubuntu/djaro/site/ecomapp# cls

Command 'cls' not found, but there are 17 similar ones.

(djaro) root@ip-172-31-16-234:/home/ubuntu/djaro/site/ecomapp# ls
Card.py  __init__.py  __pycache__  admin.py  apps.py  forms.py  migrations  models.py  templates  tests.py  urls.py  views.py
(djaro) root@ip-172-31-16-234:/home/ubuntu/djaro/site/ecomapp# cd templates
(djaro) root@ip-172-31-16-234:/home/ubuntu/djaro/site/ecomapp/templates# ls
account.html  cart.html      checkout.html  order.html       product.html       thank_you.html
base.html     category.html  login.html     order_make.html  registration.html
(djaro) root@ip-172-31-16-234:/home/ubuntu/djaro/site/ecomapp/templates# nano order.html
(djaro) root@ip-172-31-16-234:/home/ubuntu/djaro/site/ecomapp/templates# ls
account.html  cart.html      checkout.html  order.html       product.html       thank_you.html
base.html     category.html  login.html     order_make.html  registration.html
(djaro) root@ip-172-31-16-234:/home/ubuntu/djaro/site/ecomapp/templates# nano account.html
(djaro) root@ip-172-31-16-234:/home/ubuntu/djaro/site/ecomapp/templates# nano account.html
(djaro) root@ip-172-31-16-234:/home/ubuntu/djaro/site/ecomapp/templates# cd ../
(djaro) root@ip-172-31-16-234:/home/ubuntu/djaro/site/ecomapp# cd ../
(djaro) root@ip-172-31-16-234:/home/ubuntu/djaro/site# ls
db.sqlite3  djangoshop  ecomapp  manage.py  media  product_images  requirements.txt  static_in_dev
(djaro) root@ip-172-31-16-234:/home/ubuntu/djaro/site# cd djangoshop
(djaro) root@ip-172-31-16-234:/home/ubuntu/djaro/site/djangoshop# ls
__init__.py  __pycache__  settings.py  urls.py  wsgi.py
(djaro) root@ip-172-31-16-234:/home/ubuntu/djaro/site/djangoshop# nano settings.py
(djaro) root@ip-172-31-16-234:/home/ubuntu/djaro/site/djangoshop# nano settings.py
(djaro) root@ip-172-31-16-234:/home/ubuntu/djaro/site/djangoshop# cd ../
(djaro) root@ip-172-31-16-234:/home/ubuntu/djaro/site# python3 manage.py runserver 0.0.0.0:8000
Performing system checks...

System check identified no issues (0 silenced).
October 20, 2019 - 17:19:47
Django version 2.2.3, using settings 'djangoshop.settings'
Starting development server at http://0.0.0.0:8000/
Quit the server with CONTROL-C.
[20/Oct/2019 17:19:51] "GET /account/ HTTP/1.1" 200 4401
[20/Oct/2019 17:19:51] "GET /media/whatsapp-logo-32x32.png HTTP/1.1" 404 77
[20/Oct/2019 17:19:51] "GET /static/js/jquery.js HTTP/1.1" 404 77
[20/Oct/2019 17:19:52] "GET /static/css/r1.css HTTP/1.1" 404 77
[20/Oct/2019 17:19:52] "GET /static/css/bootstrap.min.css HTTP/1.1" 404 77
[20/Oct/2019 17:19:52] "GET /static/js/bootstrap.js HTTP/1.1" 404 77
[20/Oct/2019 17:19:55] "GET /account/ HTTP/1.1" 200 4401
[20/Oct/2019 17:19:55] "GET /static/css/r1.css HTTP/1.1" 404 77
[20/Oct/2019 17:19:55] "GET /media/whatsapp-logo-32x32.png HTTP/1.1" 404 77
[20/Oct/2019 17:19:55] "GET /static/css/bootstrap.min.css HTTP/1.1" 404 77
[20/Oct/2019 17:19:55] "GET /static/js/jquery.js HTTP/1.1" 404 77
[20/Oct/2019 17:19:55] "GET /static/js/bootstrap.js HTTP/1.1" 404 77
[20/Oct/2019 17:20:01] "GET / HTTP/1.1" 200 19904
[20/Oct/2019 17:20:01] "GET /static/css/r1.css HTTP/1.1" 404 77
[20/Oct/2019 17:20:01] "GET /static/css/bootstrap.min.css HTTP/1.1" 404 77
[20/Oct/2019 17:20:01] "GET /media/sex-1/sex-1.jpg HTTP/1.1" 404 77
[20/Oct/2019 17:20:01] "GET /media/Big_Brothers/Big_Brothers.jpg HTTP/1.1" 404 77
[20/Oct/2019 17:20:01] "GET /media/Moon_rock/Moon_rock.jpg HTTP/1.1" 404 77
[20/Oct/2019 17:20:01] "GET /media/CBD_Capsules_Cibdex/CBD_Capsules_Cibdex.jpg HTTP/1.1" 404 77
[20/Oct/2019 17:20:01] "GET /static/js/jquery.js HTTP/1.1" 404 77
[20/Oct/2019 17:20:01] "GET /static/js/bootstrap.js HTTP/1.1" 404 77
[20/Oct/2019 17:20:01] "GET /media/Marijuana_Oil_Cartridges/Marijuana_Oil_Cartridges.jpg HTTP/1.1" 404 77
[20/Oct/2019 17:20:01] "GET /media/Increlex/Increlex.jpg HTTP/1.1" 404 77
[20/Oct/2019 17:20:02] "GET /media/Breast_implants/Breast_implants.jpg_350x350 HTTP/1.1" 404 77
[20/Oct/2019 17:20:02] "GET /media/Samsu/Samsu.jpg HTTP/1.1" 404 77
[20/Oct/2019 17:20:02] "GET /media/whatsapp-logo-32x32.png HTTP/1.1" 404 77
[20/Oct/2019 17:20:13] "GET /static/js/jquery.js HTTP/1.1" 404 77
[20/Oct/2019 17:20:15] "GET / HTTP/1.1" 200 19904
[20/Oct/2019 17:20:15] "GET /static/css/r1.css HTTP/1.1" 404 77
[20/Oct/2019 17:20:15] "GET /static/css/bootstrap.min.css HTTP/1.1" 404 77
[20/Oct/2019 17:20:15] "GET /media/sex-1/sex-1.jpg HTTP/1.1" 404 77
[20/Oct/2019 17:20:15] "GET /media/Big_Brothers/Big_Brothers.jpg HTTP/1.1" 404 77
[20/Oct/2019 17:20:15] "GET /media/Moon_rock/Moon_rock.jpg HTTP/1.1" 404 77
[20/Oct/2019 17:20:15] "GET /media/CBD_Capsules_Cibdex/CBD_Capsules_Cibdex.jpg HTTP/1.1" 404 77
[20/Oct/2019 17:20:15] "GET /static/js/jquery.js HTTP/1.1" 404 77
[20/Oct/2019 17:20:15] "GET /static/js/bootstrap.js HTTP/1.1" 404 77
[20/Oct/2019 17:20:15] "GET /media/Marijuana_Oil_Cartridges/Marijuana_Oil_Cartridges.jpg HTTP/1.1" 404 77
[20/Oct/2019 17:20:15] "GET /media/Breast_implants/Breast_implants.jpg_350x350 HTTP/1.1" 404 77
[20/Oct/2019 17:20:15] "GET /media/Increlex/Increlex.jpg HTTP/1.1" 404 77
[20/Oct/2019 17:20:16] "GET /media/Samsu/Samsu.jpg HTTP/1.1" 404 77
[20/Oct/2019 17:20:16] "GET /media/whatsapp-logo-32x32.png HTTP/1.1" 404 77
[20/Oct/2019 17:20:16] "GET /static/js/bootstrap.js HTTP/1.1" 404 77
^Z
[5]+  Stopped                 python3 manage.py runserver 0.0.0.0:8000
(djaro) root@ip-172-31-16-234:/home/ubuntu/djaro/site# cd ../
(djaro) root@ip-172-31-16-234:/home/ubuntu/djaro# ls
bin  djaro  include  lib  lib64  pyvenv.cfg  site
(djaro) root@ip-172-31-16-234:/home/ubuntu/djaro# sudo rm -r site
(djaro) root@ip-172-31-16-234:/home/ubuntu/djaro# git clone https://github.com/Romanchikus/site.git
Cloning into 'site'...
remote: Enumerating objects: 192, done.
remote: Counting objects: 100% (192/192), done.
remote: Compressing objects: 100% (133/133), done.
remote: Total 192 (delta 68), reused 159 (delta 49), pack-reused 0
Receiving objects: 100% (192/192), 2.54 MiB | 22.26 MiB/s, done.
Resolving deltas: 100% (68/68), done.
(djaro) root@ip-172-31-16-234:/home/ubuntu/djaro# find . -path "*/migrations/*.py" -not -name "__init__.py" -delete
(djaro) root@ip-172-31-16-234:/home/ubuntu/djaro# find . -path "*/migrations/*.pyc"  -delete
(djaro) root@ip-172-31-16-234:/home/ubuntu/djaro# python3 manage.py runserver 0.0.0.0:8000
python3: can't open file 'manage.py': [Errno 2] No such file or directory
(djaro) root@ip-172-31-16-234:/home/ubuntu/djaro# св ішеу
св: command not found
(djaro) root@ip-172-31-16-234:/home/ubuntu/djaro# cd site
(djaro) root@ip-172-31-16-234:/home/ubuntu/djaro/site# python3 manage.py runserver 0.0.0.0:8000

Exception in thread django-main-thread:
Traceback (most recent call last):
  File "/usr/lib/python3.6/threading.py", line 916, in _bootstrap_inner
    self.run()
  File "/usr/lib/python3.6/threading.py", line 864, in run
    self._target(*self._args, **self._kwargs)
  File "/home/ubuntu/djaro/djaro/lib/python3.6/site-packages/django/utils/autoreload.py", line 54, in wrapper
    fn(*args, **kwargs)
  File "/home/ubuntu/djaro/djaro/lib/python3.6/site-packages/django/core/management/commands/runserver.py", line 109, in inner_run
    autoreload.raise_last_exception()
  File "/home/ubuntu/djaro/djaro/lib/python3.6/site-packages/django/utils/autoreload.py", line 77, in raise_last_exception
    raise _exception[1]
  File "/home/ubuntu/djaro/djaro/lib/python3.6/site-packages/django/core/management/__init__.py", line 337, in execute
    autoreload.check_errors(django.setup)()
  File "/home/ubuntu/djaro/djaro/lib/python3.6/site-packages/django/utils/autoreload.py", line 54, in wrapper
    fn(*args, **kwargs)
  File "/home/ubuntu/djaro/djaro/lib/python3.6/site-packages/django/__init__.py", line 24, in setup
    apps.populate(settings.INSTALLED_APPS)
  File "/home/ubuntu/djaro/djaro/lib/python3.6/site-packages/django/apps/registry.py", line 91, in populate
    app_config = AppConfig.create(entry)
  File "/home/ubuntu/djaro/djaro/lib/python3.6/site-packages/django/apps/config.py", line 116, in create
    mod = import_module(mod_path)
  File "/usr/lib/python3.6/importlib/__init__.py", line 126, in import_module
    return _bootstrap._gcd_import(name[level:], package, level)
  File "<frozen importlib._bootstrap>", line 994, in _gcd_import
  File "<frozen importlib._bootstrap>", line 971, in _find_and_load
  File "<frozen importlib._bootstrap>", line 955, in _find_and_load_unlocked
  File "<frozen importlib._bootstrap>", line 665, in _load_unlocked
  File "<frozen importlib._bootstrap_external>", line 678, in exec_module
  File "<frozen importlib._bootstrap>", line 219, in _call_with_frames_removed
  File "/home/ubuntu/djaro/djaro/lib/python3.6/site-packages/django/contrib/auth/apps.py", line 8, in <module>
    from .checks import check_models_permissions, check_user_model
  File "/home/ubuntu/djaro/djaro/lib/python3.6/site-packages/django/contrib/auth/checks.py", line 8, in <module>
    from .management import _get_builtin_permissions
  File "/home/ubuntu/djaro/djaro/lib/python3.6/site-packages/django/contrib/auth/management/__init__.py", line 9, in <module>
    from django.contrib.contenttypes.management import create_contenttypes
  File "/home/ubuntu/djaro/djaro/lib/python3.6/site-packages/django/contrib/contenttypes/management/__init__.py", line 2, in <module>
    from django.db import DEFAULT_DB_ALIAS, migrations, router, transaction
  File "/home/ubuntu/djaro/djaro/lib/python3.6/site-packages/django/db/migrations/__init__.py", line 1, in <module>
    from .migration import Migration, swappable_dependency  # NOQA
ModuleNotFoundError: No module named 'django.db.migrations.migration'

^C(djaro) root@ip-172-31-16-234:/home/ubuntu/djaro/site# find . -path "*/migrations/*.pyc"  -delete^C
(djaro) root@ip-172-31-16-234:/home/ubuntu/djaro/site# python3 manage.py makemigration
Traceback (most recent call last):
  File "manage.py", line 21, in <module>
    main()
  File "manage.py", line 17, in main
    execute_from_command_line(sys.argv)
  File "/home/ubuntu/djaro/djaro/lib/python3.6/site-packages/django/core/management/__init__.py", line 381, in execute_from_command_line
    utility.execute()
  File "/home/ubuntu/djaro/djaro/lib/python3.6/site-packages/django/core/management/__init__.py", line 357, in execute
    django.setup()
  File "/home/ubuntu/djaro/djaro/lib/python3.6/site-packages/django/__init__.py", line 24, in setup
    apps.populate(settings.INSTALLED_APPS)
  File "/home/ubuntu/djaro/djaro/lib/python3.6/site-packages/django/apps/registry.py", line 91, in populate
    app_config = AppConfig.create(entry)
  File "/home/ubuntu/djaro/djaro/lib/python3.6/site-packages/django/apps/config.py", line 116, in create
    mod = import_module(mod_path)
  File "/usr/lib/python3.6/importlib/__init__.py", line 126, in import_module
    return _bootstrap._gcd_import(name[level:], package, level)
  File "<frozen importlib._bootstrap>", line 994, in _gcd_import
  File "<frozen importlib._bootstrap>", line 971, in _find_and_load
  File "<frozen importlib._bootstrap>", line 955, in _find_and_load_unlocked
  File "<frozen importlib._bootstrap>", line 665, in _load_unlocked
  File "<frozen importlib._bootstrap_external>", line 678, in exec_module
  File "<frozen importlib._bootstrap>", line 219, in _call_with_frames_removed
  File "/home/ubuntu/djaro/djaro/lib/python3.6/site-packages/django/contrib/auth/apps.py", line 8, in <module>
    from .checks import check_models_permissions, check_user_model
  File "/home/ubuntu/djaro/djaro/lib/python3.6/site-packages/django/contrib/auth/checks.py", line 8, in <module>
    from .management import _get_builtin_permissions
  File "/home/ubuntu/djaro/djaro/lib/python3.6/site-packages/django/contrib/auth/management/__init__.py", line 9, in <module>
    from django.contrib.contenttypes.management import create_contenttypes
  File "/home/ubuntu/djaro/djaro/lib/python3.6/site-packages/django/contrib/contenttypes/management/__init__.py", line 2, in <module>
    from django.db import DEFAULT_DB_ALIAS, migrations, router, transaction
  File "/home/ubuntu/djaro/djaro/lib/python3.6/site-packages/django/db/migrations/__init__.py", line 1, in <module>
    from .migration import Migration, swappable_dependency  # NOQA
ModuleNotFoundError: No module named 'django.db.migrations.migration'
(djaro) root@ip-172-31-16-234:/home/ubuntu/djaro/site# python manage.py makemigrations
Traceback (most recent call last):
  File "manage.py", line 21, in <module>
    main()
  File "manage.py", line 17, in main
    execute_from_command_line(sys.argv)
  File "/home/ubuntu/djaro/djaro/lib/python3.6/site-packages/django/core/management/__init__.py", line 381, in execute_from_command_line
    utility.execute()
  File "/home/ubuntu/djaro/djaro/lib/python3.6/site-packages/django/core/management/__init__.py", line 357, in execute
    django.setup()
  File "/home/ubuntu/djaro/djaro/lib/python3.6/site-packages/django/__init__.py", line 24, in setup
    apps.populate(settings.INSTALLED_APPS)
  File "/home/ubuntu/djaro/djaro/lib/python3.6/site-packages/django/apps/registry.py", line 91, in populate
    app_config = AppConfig.create(entry)
  File "/home/ubuntu/djaro/djaro/lib/python3.6/site-packages/django/apps/config.py", line 116, in create
    mod = import_module(mod_path)
  File "/usr/lib/python3.6/importlib/__init__.py", line 126, in import_module
    return _bootstrap._gcd_import(name[level:], package, level)
  File "<frozen importlib._bootstrap>", line 994, in _gcd_import
  File "<frozen importlib._bootstrap>", line 971, in _find_and_load
  File "<frozen importlib._bootstrap>", line 955, in _find_and_load_unlocked
  File "<frozen importlib._bootstrap>", line 665, in _load_unlocked
  File "<frozen importlib._bootstrap_external>", line 678, in exec_module
  File "<frozen importlib._bootstrap>", line 219, in _call_with_frames_removed
  File "/home/ubuntu/djaro/djaro/lib/python3.6/site-packages/django/contrib/auth/apps.py", line 8, in <module>
    from .checks import check_models_permissions, check_user_model
  File "/home/ubuntu/djaro/djaro/lib/python3.6/site-packages/django/contrib/auth/checks.py", line 8, in <module>
    from .management import _get_builtin_permissions
  File "/home/ubuntu/djaro/djaro/lib/python3.6/site-packages/django/contrib/auth/management/__init__.py", line 9, in <module>
    from django.contrib.contenttypes.management import create_contenttypes
  File "/home/ubuntu/djaro/djaro/lib/python3.6/site-packages/django/contrib/contenttypes/management/__init__.py", line 2, in <module>
    from django.db import DEFAULT_DB_ALIAS, migrations, router, transaction
  File "/home/ubuntu/djaro/djaro/lib/python3.6/site-packages/django/db/migrations/__init__.py", line 1, in <module>
    from .migration import Migration, swappable_dependency  # NOQA
ModuleNotFoundError: No module named 'django.db.migrations.migration'
(djaro) root@ip-172-31-16-234:/home/ubuntu/djaro/site# find . -path "*/migrations/*.py" -not -name "__init__.py" -delete 
(djaro) root@ip-172-31-16-234:/home/ubuntu/djaro/site# find . -path "*/migrations/*.pyc"  -delete
(djaro) root@ip-172-31-16-234:/home/ubuntu/djaro/site# python manage.py makemigrations
Traceback (most recent call last):
  File "manage.py", line 21, in <module>
    main()
  File "manage.py", line 17, in main
    execute_from_command_line(sys.argv)
  File "/home/ubuntu/djaro/djaro/lib/python3.6/site-packages/django/core/management/__init__.py", line 381, in execute_from_command_line
    utility.execute()
  File "/home/ubuntu/djaro/djaro/lib/python3.6/site-packages/django/core/management/__init__.py", line 357, in execute
    django.setup()
  File "/home/ubuntu/djaro/djaro/lib/python3.6/site-packages/django/__init__.py", line 24, in setup
    apps.populate(settings.INSTALLED_APPS)
  File "/home/ubuntu/djaro/djaro/lib/python3.6/site-packages/django/apps/registry.py", line 91, in populate
    app_config = AppConfig.create(entry)
  File "/home/ubuntu/djaro/djaro/lib/python3.6/site-packages/django/apps/config.py", line 116, in create
    mod = import_module(mod_path)
  File "/usr/lib/python3.6/importlib/__init__.py", line 126, in import_module
    return _bootstrap._gcd_import(name[level:], package, level)
  File "<frozen importlib._bootstrap>", line 994, in _gcd_import
  File "<frozen importlib._bootstrap>", line 971, in _find_and_load
  File "<frozen importlib._bootstrap>", line 955, in _find_and_load_unlocked
  File "<frozen importlib._bootstrap>", line 665, in _load_unlocked
  File "<frozen importlib._bootstrap_external>", line 678, in exec_module
  File "<frozen importlib._bootstrap>", line 219, in _call_with_frames_removed
  File "/home/ubuntu/djaro/djaro/lib/python3.6/site-packages/django/contrib/auth/apps.py", line 8, in <module>
    from .checks import check_models_permissions, check_user_model
  File "/home/ubuntu/djaro/djaro/lib/python3.6/site-packages/django/contrib/auth/checks.py", line 8, in <module>
    from .management import _get_builtin_permissions
  File "/home/ubuntu/djaro/djaro/lib/python3.6/site-packages/django/contrib/auth/management/__init__.py", line 9, in <module>
    from django.contrib.contenttypes.management import create_contenttypes
  File "/home/ubuntu/djaro/djaro/lib/python3.6/site-packages/django/contrib/contenttypes/management/__init__.py", line 2, in <module>
    from django.db import DEFAULT_DB_ALIAS, migrations, router, transaction
  File "/home/ubuntu/djaro/djaro/lib/python3.6/site-packages/django/db/migrations/__init__.py", line 1, in <module>
    from .migration import Migration, swappable_dependency  # NOQA
ModuleNotFoundError: No module named 'django.db.migrations.migration'
(djaro) root@ip-172-31-16-234:/home/ubuntu/djaro/site# python manage.py makemigrations
Traceback (most recent call last):
  File "manage.py", line 21, in <module>
    main()
  File "manage.py", line 17, in main
    execute_from_command_line(sys.argv)
  File "/home/ubuntu/djaro/djaro/lib/python3.6/site-packages/django/core/management/__init__.py", line 381, in execute_from_command_line
    utility.execute()
  File "/home/ubuntu/djaro/djaro/lib/python3.6/site-packages/django/core/management/__init__.py", line 357, in execute
    django.setup()
  File "/home/ubuntu/djaro/djaro/lib/python3.6/site-packages/django/__init__.py", line 24, in setup
    apps.populate(settings.INSTALLED_APPS)
  File "/home/ubuntu/djaro/djaro/lib/python3.6/site-packages/django/apps/registry.py", line 91, in populate
    app_config = AppConfig.create(entry)
  File "/home/ubuntu/djaro/djaro/lib/python3.6/site-packages/django/apps/config.py", line 116, in create
    mod = import_module(mod_path)
  File "/usr/lib/python3.6/importlib/__init__.py", line 126, in import_module
    return _bootstrap._gcd_import(name[level:], package, level)
  File "<frozen importlib._bootstrap>", line 994, in _gcd_import
  File "<frozen importlib._bootstrap>", line 971, in _find_and_load
  File "<frozen importlib._bootstrap>", line 955, in _find_and_load_unlocked
  File "<frozen importlib._bootstrap>", line 665, in _load_unlocked
  File "<frozen importlib._bootstrap_external>", line 678, in exec_module
  File "<frozen importlib._bootstrap>", line 219, in _call_with_frames_removed
  File "/home/ubuntu/djaro/djaro/lib/python3.6/site-packages/django/contrib/auth/apps.py", line 8, in <module>
    from .checks import check_models_permissions, check_user_model
  File "/home/ubuntu/djaro/djaro/lib/python3.6/site-packages/django/contrib/auth/checks.py", line 8, in <module>
    from .management import _get_builtin_permissions
  File "/home/ubuntu/djaro/djaro/lib/python3.6/site-packages/django/contrib/auth/management/__init__.py", line 9, in <module>
    from django.contrib.contenttypes.management import create_contenttypes
  File "/home/ubuntu/djaro/djaro/lib/python3.6/site-packages/django/contrib/contenttypes/management/__init__.py", line 2, in <module>
    from django.db import DEFAULT_DB_ALIAS, migrations, router, transaction
  File "/home/ubuntu/djaro/djaro/lib/python3.6/site-packages/django/db/migrations/__init__.py", line 1, in <module>
    from .migration import Migration, swappable_dependency  # NOQA
ModuleNotFoundError: No module named 'django.db.migrations.migration'
(djaro) root@ip-172-31-16-234:/home/ubuntu/djaro/site# python manage.py showmigrations
Traceback (most recent call last):
  File "manage.py", line 21, in <module>
    main()
  File "manage.py", line 17, in main
    execute_from_command_line(sys.argv)
  File "/home/ubuntu/djaro/djaro/lib/python3.6/site-packages/django/core/management/__init__.py", line 381, in execute_from_command_line
    utility.execute()
  File "/home/ubuntu/djaro/djaro/lib/python3.6/site-packages/django/core/management/__init__.py", line 357, in execute
    django.setup()
  File "/home/ubuntu/djaro/djaro/lib/python3.6/site-packages/django/__init__.py", line 24, in setup
    apps.populate(settings.INSTALLED_APPS)
  File "/home/ubuntu/djaro/djaro/lib/python3.6/site-packages/django/apps/registry.py", line 91, in populate
    app_config = AppConfig.create(entry)
  File "/home/ubuntu/djaro/djaro/lib/python3.6/site-packages/django/apps/config.py", line 116, in create
    mod = import_module(mod_path)
  File "/usr/lib/python3.6/importlib/__init__.py", line 126, in import_module
    return _bootstrap._gcd_import(name[level:], package, level)
  File "<frozen importlib._bootstrap>", line 994, in _gcd_import
  File "<frozen importlib._bootstrap>", line 971, in _find_and_load
  File "<frozen importlib._bootstrap>", line 955, in _find_and_load_unlocked
  File "<frozen importlib._bootstrap>", line 665, in _load_unlocked
  File "<frozen importlib._bootstrap_external>", line 678, in exec_module
  File "<frozen importlib._bootstrap>", line 219, in _call_with_frames_removed
  File "/home/ubuntu/djaro/djaro/lib/python3.6/site-packages/django/contrib/auth/apps.py", line 8, in <module>
    from .checks import check_models_permissions, check_user_model
  File "/home/ubuntu/djaro/djaro/lib/python3.6/site-packages/django/contrib/auth/checks.py", line 8, in <module>
    from .management import _get_builtin_permissions
  File "/home/ubuntu/djaro/djaro/lib/python3.6/site-packages/django/contrib/auth/management/__init__.py", line 9, in <module>
    from django.contrib.contenttypes.management import create_contenttypes
  File "/home/ubuntu/djaro/djaro/lib/python3.6/site-packages/django/contrib/contenttypes/management/__init__.py", line 2, in <module>
    from django.db import DEFAULT_DB_ALIAS, migrations, router, transaction
  File "/home/ubuntu/djaro/djaro/lib/python3.6/site-packages/django/db/migrations/__init__.py", line 1, in <module>
    from .migration import Migration, swappable_dependency  # NOQA
ModuleNotFoundError: No module named 'django.db.migrations.migration'
(djaro) root@ip-172-31-16-234:/home/ubuntu/djaro/site# python manage.py migrate --fake core zero
Traceback (most recent call last):
  File "manage.py", line 21, in <module>
    main()
  File "manage.py", line 17, in main
    execute_from_command_line(sys.argv)
  File "/home/ubuntu/djaro/djaro/lib/python3.6/site-packages/django/core/management/__init__.py", line 381, in execute_from_command_line
    utility.execute()
  File "/home/ubuntu/djaro/djaro/lib/python3.6/site-packages/django/core/management/__init__.py", line 357, in execute
    django.setup()
  File "/home/ubuntu/djaro/djaro/lib/python3.6/site-packages/django/__init__.py", line 24, in setup
    apps.populate(settings.INSTALLED_APPS)
  File "/home/ubuntu/djaro/djaro/lib/python3.6/site-packages/django/apps/registry.py", line 91, in populate
    app_config = AppConfig.create(entry)
  File "/home/ubuntu/djaro/djaro/lib/python3.6/site-packages/django/apps/config.py", line 116, in create
    mod = import_module(mod_path)
  File "/usr/lib/python3.6/importlib/__init__.py", line 126, in import_module
    return _bootstrap._gcd_import(name[level:], package, level)
  File "<frozen importlib._bootstrap>", line 994, in _gcd_import
  File "<frozen importlib._bootstrap>", line 971, in _find_and_load
  File "<frozen importlib._bootstrap>", line 955, in _find_and_load_unlocked
  File "<frozen importlib._bootstrap>", line 665, in _load_unlocked
  File "<frozen importlib._bootstrap_external>", line 678, in exec_module
  File "<frozen importlib._bootstrap>", line 219, in _call_with_frames_removed
  File "/home/ubuntu/djaro/djaro/lib/python3.6/site-packages/django/contrib/auth/apps.py", line 8, in <module>
    from .checks import check_models_permissions, check_user_model
  File "/home/ubuntu/djaro/djaro/lib/python3.6/site-packages/django/contrib/auth/checks.py", line 8, in <module>
    from .management import _get_builtin_permissions
  File "/home/ubuntu/djaro/djaro/lib/python3.6/site-packages/django/contrib/auth/management/__init__.py", line 9, in <module>
    from django.contrib.contenttypes.management import create_contenttypes
  File "/home/ubuntu/djaro/djaro/lib/python3.6/site-packages/django/contrib/contenttypes/management/__init__.py", line 2, in <module>
    from django.db import DEFAULT_DB_ALIAS, migrations, router, transaction
  File "/home/ubuntu/djaro/djaro/lib/python3.6/site-packages/django/db/migrations/__init__.py", line 1, in <module>
    from .migration import Migration, swappable_dependency  # NOQA
ModuleNotFoundError: No module named 'django.db.migrations.migration'
(djaro) root@ip-172-31-16-234:/home/ubuntu/djaro/site# find . -path "*/migrations/*.py" -not -name "__init__.py" -delete
(djaro) root@ip-172-31-16-234:/home/ubuntu/djaro/site# find . -path "*/migrations/*.pyc"  -delete
(djaro) root@ip-172-31-16-234:/home/ubuntu/djaro/site# ls
db.sqlite3  djangoshop  ecomapp  manage.py  media  product_images  requirements.txt  static_in_dev
(djaro) root@ip-172-31-16-234:/home/ubuntu/djaro/site# python manage.py showmigrations
Traceback (most recent call last):
  File "manage.py", line 21, in <module>
    main()
  File "manage.py", line 17, in main
    execute_from_command_line(sys.argv)
  File "/home/ubuntu/djaro/djaro/lib/python3.6/site-packages/django/core/management/__init__.py", line 381, in execute_from_command_line
    utility.execute()
  File "/home/ubuntu/djaro/djaro/lib/python3.6/site-packages/django/core/management/__init__.py", line 357, in execute
    django.setup()
  File "/home/ubuntu/djaro/djaro/lib/python3.6/site-packages/django/__init__.py", line 24, in setup
    apps.populate(settings.INSTALLED_APPS)
  File "/home/ubuntu/djaro/djaro/lib/python3.6/site-packages/django/apps/registry.py", line 91, in populate
    app_config = AppConfig.create(entry)
  File "/home/ubuntu/djaro/djaro/lib/python3.6/site-packages/django/apps/config.py", line 116, in create
    mod = import_module(mod_path)
  File "/usr/lib/python3.6/importlib/__init__.py", line 126, in import_module
    return _bootstrap._gcd_import(name[level:], package, level)
  File "<frozen importlib._bootstrap>", line 994, in _gcd_import
  File "<frozen importlib._bootstrap>", line 971, in _find_and_load
  File "<frozen importlib._bootstrap>", line 955, in _find_and_load_unlocked
  File "<frozen importlib._bootstrap>", line 665, in _load_unlocked
  File "<frozen importlib._bootstrap_external>", line 678, in exec_module
  File "<frozen importlib._bootstrap>", line 219, in _call_with_frames_removed
  File "/home/ubuntu/djaro/djaro/lib/python3.6/site-packages/django/contrib/auth/apps.py", line 8, in <module>
    from .checks import check_models_permissions, check_user_model
  File "/home/ubuntu/djaro/djaro/lib/python3.6/site-packages/django/contrib/auth/checks.py", line 8, in <module>
    from .management import _get_builtin_permissions
  File "/home/ubuntu/djaro/djaro/lib/python3.6/site-packages/django/contrib/auth/management/__init__.py", line 9, in <module>
    from django.contrib.contenttypes.management import create_contenttypes
  File "/home/ubuntu/djaro/djaro/lib/python3.6/site-packages/django/contrib/contenttypes/management/__init__.py", line 2, in <module>
    from django.db import DEFAULT_DB_ALIAS, migrations, router, transaction
  File "/home/ubuntu/djaro/djaro/lib/python3.6/site-packages/django/db/migrations/__init__.py", line 1, in <module>
    from .migration import Migration, swappable_dependency  # NOQA
ModuleNotFoundError: No module named 'django.db.migrations.migration'
(djaro) root@ip-172-31-16-234:/home/ubuntu/djaro/site# cd ../
(djaro) root@ip-172-31-16-234:/home/ubuntu/djaro# sudo rm -r site
(djaro) root@ip-172-31-16-234:/home/ubuntu/djaro# ls
bin  djaro  include  lib  lib64  pyvenv.cfg
(djaro) root@ip-172-31-16-234:/home/ubuntu/djaro# git clone https://github.com/Romanchikus/site.git
Cloning into 'site'...
remote: Enumerating objects: 192, done.
remote: Counting objects: 100% (192/192), done.
remote: Compressing objects: 100% (133/133), done.
remote: Total 192 (delta 68), reused 159 (delta 49), pack-reused 0
Receiving objects: 100% (192/192), 2.54 MiB | 20.35 MiB/s, done.
Resolving deltas: 100% (68/68), done.
(djaro) root@ip-172-31-16-234:/home/ubuntu/djaro# ls
bin  djaro  include  lib  lib64  pyvenv.cfg  site
(djaro) root@ip-172-31-16-234:/home/ubuntu/djaro# cd site
(djaro) root@ip-172-31-16-234:/home/ubuntu/djaro/site# python3 manage.py runserver 0.0.0.0:8000
Exception in thread django-main-thread:
Traceback (most recent call last):
  File "/usr/lib/python3.6/threading.py", line 916, in _bootstrap_inner
    self.run()
  File "/usr/lib/python3.6/threading.py", line 864, in run
    self._target(*self._args, **self._kwargs)
  File "/home/ubuntu/djaro/djaro/lib/python3.6/site-packages/django/utils/autoreload.py", line 54, in wrapper
    fn(*args, **kwargs)
  File "/home/ubuntu/djaro/djaro/lib/python3.6/site-packages/django/core/management/commands/runserver.py", line 109, in inner_run
    autoreload.raise_last_exception()
  File "/home/ubuntu/djaro/djaro/lib/python3.6/site-packages/django/utils/autoreload.py", line 77, in raise_last_exception
    raise _exception[1]
  File "/home/ubuntu/djaro/djaro/lib/python3.6/site-packages/django/core/management/__init__.py", line 337, in execute
    autoreload.check_errors(django.setup)()
  File "/home/ubuntu/djaro/djaro/lib/python3.6/site-packages/django/utils/autoreload.py", line 54, in wrapper
    fn(*args, **kwargs)
  File "/home/ubuntu/djaro/djaro/lib/python3.6/site-packages/django/__init__.py", line 24, in setup
    apps.populate(settings.INSTALLED_APPS)
  File "/home/ubuntu/djaro/djaro/lib/python3.6/site-packages/django/apps/registry.py", line 91, in populate
    app_config = AppConfig.create(entry)
  File "/home/ubuntu/djaro/djaro/lib/python3.6/site-packages/django/apps/config.py", line 116, in create
    mod = import_module(mod_path)
  File "/usr/lib/python3.6/importlib/__init__.py", line 126, in import_module
    return _bootstrap._gcd_import(name[level:], package, level)
  File "<frozen importlib._bootstrap>", line 994, in _gcd_import
  File "<frozen importlib._bootstrap>", line 971, in _find_and_load
  File "<frozen importlib._bootstrap>", line 955, in _find_and_load_unlocked
  File "<frozen importlib._bootstrap>", line 665, in _load_unlocked
  File "<frozen importlib._bootstrap_external>", line 678, in exec_module
  File "<frozen importlib._bootstrap>", line 219, in _call_with_frames_removed
  File "/home/ubuntu/djaro/djaro/lib/python3.6/site-packages/django/contrib/auth/apps.py", line 8, in <module>
    from .checks import check_models_permissions, check_user_model
  File "/home/ubuntu/djaro/djaro/lib/python3.6/site-packages/django/contrib/auth/checks.py", line 8, in <module>
    from .management import _get_builtin_permissions
  File "/home/ubuntu/djaro/djaro/lib/python3.6/site-packages/django/contrib/auth/management/__init__.py", line 9, in <module>
    from django.contrib.contenttypes.management import create_contenttypes
  File "/home/ubuntu/djaro/djaro/lib/python3.6/site-packages/django/contrib/contenttypes/management/__init__.py", line 2, in <module>
    from django.db import DEFAULT_DB_ALIAS, migrations, router, transaction
  File "/home/ubuntu/djaro/djaro/lib/python3.6/site-packages/django/db/migrations/__init__.py", line 1, in <module>
    from .migration import Migration, swappable_dependency  # NOQA
ModuleNotFoundError: No module named 'django.db.migrations.migration'

^C(djaro) root@ip-172-31-16-234:/home/ubuntu/djaro/site# find . -path "*/migrations/*.py" -not -name "__init__.py" -delete
(djaro) root@ip-172-31-16-234:/home/ubuntu/djaro/site# find . -path "*/migrations/*.pyc"  -delete
(djaro) root@ip-172-31-16-234:/home/ubuntu/djaro/site# python manage.py makemigrations
Traceback (most recent call last):
  File "manage.py", line 21, in <module>
    main()
  File "manage.py", line 17, in main
    execute_from_command_line(sys.argv)
  File "/home/ubuntu/djaro/djaro/lib/python3.6/site-packages/django/core/management/__init__.py", line 381, in execute_from_command_line
    utility.execute()
  File "/home/ubuntu/djaro/djaro/lib/python3.6/site-packages/django/core/management/__init__.py", line 357, in execute
    django.setup()
  File "/home/ubuntu/djaro/djaro/lib/python3.6/site-packages/django/__init__.py", line 24, in setup
    apps.populate(settings.INSTALLED_APPS)
  File "/home/ubuntu/djaro/djaro/lib/python3.6/site-packages/django/apps/registry.py", line 91, in populate
    app_config = AppConfig.create(entry)
  File "/home/ubuntu/djaro/djaro/lib/python3.6/site-packages/django/apps/config.py", line 116, in create
    mod = import_module(mod_path)
  File "/usr/lib/python3.6/importlib/__init__.py", line 126, in import_module
    return _bootstrap._gcd_import(name[level:], package, level)
  File "<frozen importlib._bootstrap>", line 994, in _gcd_import
  File "<frozen importlib._bootstrap>", line 971, in _find_and_load
  File "<frozen importlib._bootstrap>", line 955, in _find_and_load_unlocked
  File "<frozen importlib._bootstrap>", line 665, in _load_unlocked
  File "<frozen importlib._bootstrap_external>", line 678, in exec_module
  File "<frozen importlib._bootstrap>", line 219, in _call_with_frames_removed
  File "/home/ubuntu/djaro/djaro/lib/python3.6/site-packages/django/contrib/auth/apps.py", line 8, in <module>
    from .checks import check_models_permissions, check_user_model
  File "/home/ubuntu/djaro/djaro/lib/python3.6/site-packages/django/contrib/auth/checks.py", line 8, in <module>
    from .management import _get_builtin_permissions
  File "/home/ubuntu/djaro/djaro/lib/python3.6/site-packages/django/contrib/auth/management/__init__.py", line 9, in <module>
    from django.contrib.contenttypes.management import create_contenttypes
  File "/home/ubuntu/djaro/djaro/lib/python3.6/site-packages/django/contrib/contenttypes/management/__init__.py", line 2, in <module>
    from django.db import DEFAULT_DB_ALIAS, migrations, router, transaction
  File "/home/ubuntu/djaro/djaro/lib/python3.6/site-packages/django/db/migrations/__init__.py", line 1, in <module>
    from .migration import Migration, swappable_dependency  # NOQA
ModuleNotFoundError: No module named 'django.db.migrations.migration'
(djaro) root@ip-172-31-16-234:/home/ubuntu/djaro/site# python manage.py makemigrations
Traceback (most recent call last):
  File "manage.py", line 21, in <module>
    main()
  File "manage.py", line 17, in main
    execute_from_command_line(sys.argv)
  File "/home/ubuntu/djaro/djaro/lib/python3.6/site-packages/django/core/management/__init__.py", line 381, in execute_from_command_line
    utility.execute()
  File "/home/ubuntu/djaro/djaro/lib/python3.6/site-packages/django/core/management/__init__.py", line 357, in execute
    django.setup()
  File "/home/ubuntu/djaro/djaro/lib/python3.6/site-packages/django/__init__.py", line 24, in setup
    apps.populate(settings.INSTALLED_APPS)
  File "/home/ubuntu/djaro/djaro/lib/python3.6/site-packages/django/apps/registry.py", line 91, in populate
    app_config = AppConfig.create(entry)
  File "/home/ubuntu/djaro/djaro/lib/python3.6/site-packages/django/apps/config.py", line 116, in create
    mod = import_module(mod_path)
  File "/usr/lib/python3.6/importlib/__init__.py", line 126, in import_module
    return _bootstrap._gcd_import(name[level:], package, level)
  File "<frozen importlib._bootstrap>", line 994, in _gcd_import
  File "<frozen importlib._bootstrap>", line 971, in _find_and_load
  File "<frozen importlib._bootstrap>", line 955, in _find_and_load_unlocked
  File "<frozen importlib._bootstrap>", line 665, in _load_unlocked
  File "<frozen importlib._bootstrap_external>", line 678, in exec_module
  File "<frozen importlib._bootstrap>", line 219, in _call_with_frames_removed
  File "/home/ubuntu/djaro/djaro/lib/python3.6/site-packages/django/contrib/auth/apps.py", line 8, in <module>
    from .checks import check_models_permissions, check_user_model
  File "/home/ubuntu/djaro/djaro/lib/python3.6/site-packages/django/contrib/auth/checks.py", line 8, in <module>
    from .management import _get_builtin_permissions
  File "/home/ubuntu/djaro/djaro/lib/python3.6/site-packages/django/contrib/auth/management/__init__.py", line 9, in <module>
    from django.contrib.contenttypes.management import create_contenttypes
  File "/home/ubuntu/djaro/djaro/lib/python3.6/site-packages/django/contrib/contenttypes/management/__init__.py", line 2, in <module>
    from django.db import DEFAULT_DB_ALIAS, migrations, router, transaction
  File "/home/ubuntu/djaro/djaro/lib/python3.6/site-packages/django/db/migrations/__init__.py", line 1, in <module>
    from .migration import Migration, swappable_dependency  # NOQA
ModuleNotFoundError: No module named 'django.db.migrations.migration'
(djaro) root@ip-172-31-16-234:/home/ubuntu/djaro/site# python -m django --version
2.2.3
(djaro) root@ip-172-31-16-234:/home/ubuntu/djaro/site#  pip install --upgrade --force-reinstall  Django
Collecting Django
  Downloading https://files.pythonhosted.org/packages/b2/79/df0ffea7bf1e02c073c2633702c90f4384645c40a1dd09a308e02ef0c817/Django-2.2.6-py3-none-any.whl (7.5MB)
    100% |████████████████████████████████| 7.5MB 193kB/s 
Collecting sqlparse (from Django)
  Using cached https://files.pythonhosted.org/packages/ef/53/900f7d2a54557c6a37886585a91336520e5539e3ae2423ff1102daf4f3a7/sqlparse-0.3.0-py2.py3-none-any.whl
Collecting pytz (from Django)
  Using cached https://files.pythonhosted.org/packages/e7/f9/f0b53f88060247251bf481fa6ea62cd0d25bf1b11a87888e53ce5b7c8ad2/pytz-2019.3-py2.py3-none-any.whl
Installing collected packages: sqlparse, pytz, Django
  Found existing installation: sqlparse 0.3.0
    Uninstalling sqlparse-0.3.0:
      Successfully uninstalled sqlparse-0.3.0
  Found existing installation: pytz 2019.3
    Uninstalling pytz-2019.3:
      Successfully uninstalled pytz-2019.3
  Found existing installation: Django 2.2.3
    Uninstalling Django-2.2.3:
      Successfully uninstalled Django-2.2.3
Successfully installed Django-2.2.6 pytz-2019.3 sqlparse-0.3.0
(djaro) root@ip-172-31-16-234:/home/ubuntu/djaro/site# find . -path "*/migrations/*.py" -not -name "__init__.py" -delete
(djaro) root@ip-172-31-16-234:/home/ubuntu/djaro/site# find . -path "*/migrations/*.pyc"  -delete
(djaro) root@ip-172-31-16-234:/home/ubuntu/djaro/site# python manage.py makemigrations
Migrations for 'ecomapp':
  ecomapp/migrations/0001_initial.py
    - Create model Brand
    - Create model Cart
    - Create model Category
    - Create model Product
    - Create model Order
    - Create model Image
    - Create model CartItem
    - Add field item to cart
(djaro) root@ip-172-31-16-234:/home/ubuntu/djaro/site# python manage.py migrate
Operations to perform:
  Apply all migrations: admin, auth, contenttypes, ecomapp, sessions
Running migrations:
  No migrations to apply.
  Your models have changes that are not yet reflected in a migration, and so won't be applied.
  Run 'manage.py makemigrations' to make new migrations, and then re-run 'manage.py migrate' to apply them.
(djaro) root@ip-172-31-16-234:/home/ubuntu/djaro/site# python manage.py migrate
Operations to perform:
  Apply all migrations: admin, auth, contenttypes, ecomapp, sessions
Running migrations:
  No migrations to apply.
  Your models have changes that are not yet reflected in a migration, and so won't be applied.
  Run 'manage.py makemigrations' to make new migrations, and then re-run 'manage.py migrate' to apply them.
(djaro) root@ip-172-31-16-234:/home/ubuntu/djaro/site# python manage.py migrate
Operations to perform:
  Apply all migrations: admin, auth, contenttypes, ecomapp, sessions
Running migrations:
  No migrations to apply.
  Your models have changes that are not yet reflected in a migration, and so won't be applied.
  Run 'manage.py makemigrations' to make new migrations, and then re-run 'manage.py migrate' to apply them.
(djaro) root@ip-172-31-16-234:/home/ubuntu/djaro/site# python3 manage.py runserver 0.0.0.0:8000
Performing system checks...

System check identified no issues (0 silenced).
October 20, 2019 - 17:35:11
Django version 2.2.6, using settings 'djangoshop.settings'
Starting development server at http://0.0.0.0:8000/
Quit the server with CONTROL-C.
Error: That port is already in use.
(djaro) root@ip-172-31-16-234:/home/ubuntu/djaro/site# sudo lsof -t -i tcp:8000 | xargs kill -9
(djaro) root@ip-172-31-16-234:/home/ubuntu/djaro/site# python3 manage.py runserver 0.0.0.0:8000
Performing system checks...

System check identified no issues (0 silenced).
October 20, 2019 - 17:35:47
Django version 2.2.6, using settings 'djangoshop.settings'
Starting development server at http://0.0.0.0:8000/
Quit the server with CONTROL-C.
[20/Oct/2019 17:35:53] "GET / HTTP/1.1" 200 19335
[20/Oct/2019 17:35:53] "GET /static/css/r1.css HTTP/1.1" 404 77
[20/Oct/2019 17:35:53] "GET /static/css/bootstrap.min.css HTTP/1.1" 404 77
[20/Oct/2019 17:35:53] "GET /static/js/jquery.js HTTP/1.1" 404 77
[20/Oct/2019 17:35:53] "GET /media/sex-1/sex-1.jpg HTTP/1.1" 404 77
[20/Oct/2019 17:35:53] "GET /media/Big_Brothers/Big_Brothers.jpg HTTP/1.1" 404 77
[20/Oct/2019 17:35:53] "GET /media/Moon_rock/Moon_rock.jpg HTTP/1.1" 404 77
[20/Oct/2019 17:35:53] "GET /media/CBD_Capsules_Cibdex/CBD_Capsules_Cibdex.jpg HTTP/1.1" 404 77
[20/Oct/2019 17:35:53] "GET /media/Increlex/Increlex.jpg HTTP/1.1" 404 77
[20/Oct/2019 17:35:53] "GET /media/Marijuana_Oil_Cartridges/Marijuana_Oil_Cartridges.jpg HTTP/1.1" 404 77
[20/Oct/2019 17:35:53] "GET /media/Breast_implants/Breast_implants.jpg_350x350 HTTP/1.1" 404 77
[20/Oct/2019 17:35:53] "GET /static/js/bootstrap.js HTTP/1.1" 404 77
[20/Oct/2019 17:35:53] "GET /media/Samsu/Samsu.jpg HTTP/1.1" 404 77
[20/Oct/2019 17:35:54] "GET /media/whatsapp-logo-32x32.png HTTP/1.1" 404 77
[20/Oct/2019 17:35:58] "GET / HTTP/1.1" 200 19335
[20/Oct/2019 17:35:58] "GET /media/sex-1/sex-1.jpg HTTP/1.1" 404 77
[20/Oct/2019 17:35:58] "GET /media/Big_Brothers/Big_Brothers.jpg HTTP/1.1" 404 77
[20/Oct/2019 17:35:58] "GET /static/css/bootstrap.min.css HTTP/1.1" 404 77
[20/Oct/2019 17:35:58] "GET /static/css/r1.css HTTP/1.1" 404 77
[20/Oct/2019 17:35:58] "GET /media/Moon_rock/Moon_rock.jpg HTTP/1.1" 404 77
[20/Oct/2019 17:35:58] "GET /media/CBD_Capsules_Cibdex/CBD_Capsules_Cibdex.jpg HTTP/1.1" 404 77
[20/Oct/2019 17:35:59] "GET /media/Breast_implants/Breast_implants.jpg_350x350 HTTP/1.1" 404 77
[20/Oct/2019 17:35:59] "GET /static/js/jquery.js HTTP/1.1" 404 77
[20/Oct/2019 17:35:59] "GET /media/Increlex/Increlex.jpg HTTP/1.1" 404 77
[20/Oct/2019 17:35:59] "GET /media/Marijuana_Oil_Cartridges/Marijuana_Oil_Cartridges.jpg HTTP/1.1" 404 77
[20/Oct/2019 17:35:59] "GET /static/js/bootstrap.js HTTP/1.1" 404 77
[20/Oct/2019 17:35:59] "GET /media/Samsu/Samsu.jpg HTTP/1.1" 404 77
[20/Oct/2019 17:35:59] "GET /media/whatsapp-logo-32x32.png HTTP/1.1" 404 77
[20/Oct/2019 17:35:59] "GET /static/js/bootstrap.js HTTP/1.1" 404 77
[20/Oct/2019 17:36:06] "GET / HTTP/1.1" 200 19335
[20/Oct/2019 17:36:06] "GET /static/css/bootstrap.min.css HTTP/1.1" 404 77
[20/Oct/2019 17:36:06] "GET /media/sex-1/sex-1.jpg HTTP/1.1" 404 77
[20/Oct/2019 17:36:06] "GET /media/Big_Brothers/Big_Brothers.jpg HTTP/1.1" 404 77
[20/Oct/2019 17:36:06] "GET /static/css/r1.css HTTP/1.1" 404 77
[20/Oct/2019 17:36:06] "GET /media/Moon_rock/Moon_rock.jpg HTTP/1.1" 404 77
[20/Oct/2019 17:36:06] "GET /media/CBD_Capsules_Cibdex/CBD_Capsules_Cibdex.jpg HTTP/1.1" 404 77
[20/Oct/2019 17:36:07] "GET /static/js/jquery.js HTTP/1.1" 404 77
[20/Oct/2019 17:36:07] "GET /media/Breast_implants/Breast_implants.jpg_350x350 HTTP/1.1" 404 77
[20/Oct/2019 17:36:07] "GET /media/Marijuana_Oil_Cartridges/Marijuana_Oil_Cartridges.jpg HTTP/1.1" 404 77
[20/Oct/2019 17:36:07] "GET /media/Increlex/Increlex.jpg HTTP/1.1" 404 77
[20/Oct/2019 17:36:07] "GET /static/js/bootstrap.js HTTP/1.1" 404 77
[20/Oct/2019 17:36:07] "GET /media/Samsu/Samsu.jpg HTTP/1.1" 404 77
[20/Oct/2019 17:36:07] "GET /media/whatsapp-logo-32x32.png HTTP/1.1" 404 77
[20/Oct/2019 17:36:08] "GET /registration/ HTTP/1.1" 200 6521
[20/Oct/2019 17:36:08] "GET /static/css/bootstrap.min.css HTTP/1.1" 404 77
[20/Oct/2019 17:36:08] "GET /media/whatsapp-logo-32x32.png HTTP/1.1" 404 77
[20/Oct/2019 17:36:08] "GET /static/css/r1.css HTTP/1.1" 404 77
[20/Oct/2019 17:36:08] "GET /static/js/jquery.js HTTP/1.1" 404 77
[20/Oct/2019 17:36:08] "GET /static/js/bootstrap.js HTTP/1.1" 404 77
[20/Oct/2019 17:36:09] "GET /static/js/bootstrap.js HTTP/1.1" 404 77
[20/Oct/2019 17:36:12] "GET / HTTP/1.1" 200 19335
[20/Oct/2019 17:36:12] "GET /static/css/r1.css HTTP/1.1" 404 77
[20/Oct/2019 17:36:12] "GET /media/sex-1/sex-1.jpg HTTP/1.1" 404 77
[20/Oct/2019 17:36:12] "GET /media/Big_Brothers/Big_Brothers.jpg HTTP/1.1" 404 77
[20/Oct/2019 17:36:12] "GET /static/css/bootstrap.min.css HTTP/1.1" 404 77
[20/Oct/2019 17:36:12] "GET /media/Moon_rock/Moon_rock.jpg HTTP/1.1" 404 77
[20/Oct/2019 17:36:12] "GET /media/CBD_Capsules_Cibdex/CBD_Capsules_Cibdex.jpg HTTP/1.1" 404 77
[20/Oct/2019 17:36:13] "GET /media/Marijuana_Oil_Cartridges/Marijuana_Oil_Cartridges.jpg HTTP/1.1" 404 77
[20/Oct/2019 17:36:13] "GET /media/Breast_implants/Breast_implants.jpg_350x350 HTTP/1.1" 404 77
[20/Oct/2019 17:36:13] "GET /static/js/bootstrap.js HTTP/1.1" 404 77
[20/Oct/2019 17:36:13] "GET /static/js/jquery.js HTTP/1.1" 404 77
[20/Oct/2019 17:36:13] "GET /media/Increlex/Increlex.jpg HTTP/1.1" 404 77
[20/Oct/2019 17:36:13] "GET /media/Samsu/Samsu.jpg HTTP/1.1" 404 77
[20/Oct/2019 17:36:13] "GET /media/whatsapp-logo-32x32.png HTTP/1.1" 404 77
[20/Oct/2019 17:36:13] "GET /static/js/bootstrap.js HTTP/1.1" 404 77
[20/Oct/2019 17:36:14] "GET /static/css/bootstrap.min.css HTTP/1.1" 404 77
[20/Oct/2019 17:36:14] "GET /static/js/jquery.js HTTP/1.1" 404 77
[20/Oct/2019 17:36:14] "GET /static/js/bootstrap.js HTTP/1.1" 404 77
[20/Oct/2019 17:36:14] "GET /static/js/bootstrap.js HTTP/1.1" 404 77
[20/Oct/2019 17:36:17] "GET /registration/ HTTP/1.1" 200 6521
[20/Oct/2019 17:36:18] "GET /static/css/bootstrap.min.css HTTP/1.1" 404 77
[20/Oct/2019 17:36:18] "GET /static/css/r1.css HTTP/1.1" 404 77
[20/Oct/2019 17:36:18] "GET /media/whatsapp-logo-32x32.png HTTP/1.1" 404 77
[20/Oct/2019 17:36:18] "GET /static/js/bootstrap.js HTTP/1.1" 404 77
[20/Oct/2019 17:36:18] "GET /static/js/jquery.js HTTP/1.1" 404 77
[20/Oct/2019 17:36:18] "GET /static/js/bootstrap.js HTTP/1.1" 404 77
[20/Oct/2019 17:36:19] "GET /static/css/r1.css HTTP/1.1" 404 77
[20/Oct/2019 17:36:19] "GET /static/css/bootstrap.min.css HTTP/1.1" 404 77
^C(djaro) root@ip-172-31-16-234:/home/ubuntu/djaro/site# python manage.py collectstatic

152 static files copied to '/home/ubuntu/djaro/site/static'.
(djaro) root@ip-172-31-16-234:/home/ubuntu/djaro/site# python3 manage.py runserver 0.0.0.0:8000
Performing system checks...

System check identified no issues (0 silenced).
October 20, 2019 - 17:37:23
Django version 2.2.6, using settings 'djangoshop.settings'
Starting development server at http://0.0.0.0:8000/
Quit the server with CONTROL-C.
[20/Oct/2019 17:37:28] "GET /registration/ HTTP/1.1" 200 6521
[20/Oct/2019 17:37:28] "GET /static/css/r1.css HTTP/1.1" 404 77
[20/Oct/2019 17:37:28] "GET /static/css/bootstrap.min.css HTTP/1.1" 404 77
[20/Oct/2019 17:37:28] "GET /static/js/jquery.js HTTP/1.1" 404 77
[20/Oct/2019 17:37:28] "GET /static/js/bootstrap.js HTTP/1.1" 404 77
[20/Oct/2019 17:37:28] "GET /media/whatsapp-logo-32x32.png HTTP/1.1" 404 77
[20/Oct/2019 17:37:28] "GET /static/js/bootstrap.js HTTP/1.1" 404 77
[20/Oct/2019 17:37:30] "GET / HTTP/1.1" 200 19335
[20/Oct/2019 17:37:31] "GET /static/css/r1.css HTTP/1.1" 404 77
[20/Oct/2019 17:37:31] "GET /static/css/bootstrap.min.css HTTP/1.1" 404 77
[20/Oct/2019 17:37:31] "GET /media/Big_Brothers/Big_Brothers.jpg HTTP/1.1" 404 77
[20/Oct/2019 17:37:31] "GET /media/sex-1/sex-1.jpg HTTP/1.1" 404 77
[20/Oct/2019 17:37:31] "GET /media/Moon_rock/Moon_rock.jpg HTTP/1.1" 404 77
[20/Oct/2019 17:37:31] "GET /media/CBD_Capsules_Cibdex/CBD_Capsules_Cibdex.jpg HTTP/1.1" 404 77
[20/Oct/2019 17:37:31] "GET /static/js/jquery.js HTTP/1.1" 404 77
[20/Oct/2019 17:37:31] "GET /media/Breast_implants/Breast_implants.jpg_350x350 HTTP/1.1" 404 77
[20/Oct/2019 17:37:31] "GET /static/js/bootstrap.js HTTP/1.1" 404 77
[20/Oct/2019 17:37:31] "GET /media/Marijuana_Oil_Cartridges/Marijuana_Oil_Cartridges.jpg HTTP/1.1" 404 77
[20/Oct/2019 17:37:31] "GET /media/Increlex/Increlex.jpg HTTP/1.1" 404 77
[20/Oct/2019 17:37:31] "GET /media/Samsu/Samsu.jpg HTTP/1.1" 404 77
[20/Oct/2019 17:37:31] "GET /media/whatsapp-logo-32x32.png HTTP/1.1" 404 77
^C(djaro) root@ip-172-31-16-234:/home/ubuntu/djaro/site# django-admin runserver --nostatic
usage: django-admin runserver [-h] [--ipv6] [--nothreading] [--noreload]
                              [--version] [-v {0,1,2,3}] [--settings SETTINGS]
                              [--pythonpath PYTHONPATH] [--traceback]
                              [--no-color] [--force-color]
                              [addrport]
django-admin runserver: error: unrecognized arguments: --nostatic
(djaro) root@ip-172-31-16-234:/home/ubuntu/djaro/site# django-admin runserver --insecure
usage: django-admin runserver [-h] [--ipv6] [--nothreading] [--noreload]
                              [--version] [-v {0,1,2,3}] [--settings SETTINGS]
                              [--pythonpath PYTHONPATH] [--traceback]
                              [--no-color] [--force-color]
                              [addrport]
django-admin runserver: error: unrecognized arguments: --insecure
(djaro) root@ip-172-31-16-234:/home/ubuntu/djaro/site# python3 manage.py runserver 0.0.0.0:8000
Performing system checks...

System check identified no issues (0 silenced).
October 20, 2019 - 17:38:26
Django version 2.2.6, using settings 'djangoshop.settings'
Starting development server at http://0.0.0.0:8000/
Quit the server with CONTROL-C.
[20/Oct/2019 17:38:31] "GET / HTTP/1.1" 200 19335
[20/Oct/2019 17:38:31] "GET /static/css/r1.css HTTP/1.1" 404 77
[20/Oct/2019 17:38:31] "GET /static/css/bootstrap.min.css HTTP/1.1" 404 77
[20/Oct/2019 17:38:31] "GET /media/Big_Brothers/Big_Brothers.jpg HTTP/1.1" 404 77
[20/Oct/2019 17:38:31] "GET /media/sex-1/sex-1.jpg HTTP/1.1" 404 77
[20/Oct/2019 17:38:31] "GET /media/CBD_Capsules_Cibdex/CBD_Capsules_Cibdex.jpg HTTP/1.1" 404 77
[20/Oct/2019 17:38:31] "GET /media/Moon_rock/Moon_rock.jpg HTTP/1.1" 404 77
[20/Oct/2019 17:38:32] "GET /static/js/jquery.js HTTP/1.1" 404 77
[20/Oct/2019 17:38:32] "GET /media/Marijuana_Oil_Cartridges/Marijuana_Oil_Cartridges.jpg HTTP/1.1" 404 77
[20/Oct/2019 17:38:32] "GET /media/Breast_implants/Breast_implants.jpg_350x350 HTTP/1.1" 404 77
[20/Oct/2019 17:38:32] "GET /media/Increlex/Increlex.jpg HTTP/1.1" 404 77
[20/Oct/2019 17:38:32] "GET /static/js/bootstrap.js HTTP/1.1" 404 77
[20/Oct/2019 17:38:32] "GET /media/Samsu/Samsu.jpg HTTP/1.1" 404 77
[20/Oct/2019 17:38:32] "GET /media/whatsapp-logo-32x32.png HTTP/1.1" 404 77
[20/Oct/2019 17:38:35] "GET /static/css/r1.css HTTP/1.1" 404 77
[20/Oct/2019 17:38:35] "GET /static/css/bootstrap.min.css HTTP/1.1" 404 77
^C(djaro) root@ip-172-31-16-234:/home/ubuntu/djaro/site# freeze
freeze: command not found
(djaro) root@ip-172-31-16-234:/home/ubuntu/djaro/site# frezze
frezze: command not found
(djaro) root@ip-172-31-16-234:/home/ubuntu/djaro/site# pip freeze
Django==2.2.6
django-countries==5.5
django-crispy-forms==1.8.0
Pillow==6.2.0
pkg-resources==0.0.0
pytz==2019.3
six==1.12.0
sqlparse==0.3.0
(djaro) root@ip-172-31-16-234:/home/ubuntu/djaro/site# ^C
(djaro) root@ip-172-31-16-234:/home/ubuntu/djaro/site# python manage.py collectstatic

You have requested to collect static files at the destination
location as specified in your settings:

    /home/ubuntu/djaro/site/static

This will overwrite existing files!
Are you sure you want to do this?

Type 'yes' to continue, or 'no' to cancel: yes

0 static files copied to '/home/ubuntu/djaro/site/static', 152 unmodified.
(djaro) root@ip-172-31-16-234:/home/ubuntu/djaro/site# ls
db.sqlite3  djangoshop  ecomapp  manage.py  media  product_images  requirements.txt  static  static_in_dev
(djaro) root@ip-172-31-16-234:/home/ubuntu/djaro/site# cd media
(djaro) root@ip-172-31-16-234:/home/ubuntu/djaro/site/media# ls
Big_Brothers     CBD_Capsules_Cibdex  LivingSilica              Moon_rock  Samsu         implant  sex-1
Breast_implants  Increlex             Marijuana_Oil_Cartridges  NewSex     analgin-same  sex      whatsapp-logo-32x32.png
(djaro) root@ip-172-31-16-234:/home/ubuntu/djaro/site/media# cd sex
(djaro) root@ip-172-31-16-234:/home/ubuntu/djaro/site/media/sex# ls
sex.jpg
(djaro) root@ip-172-31-16-234:/home/ubuntu/djaro/site/media/sex# cd
(djaro) root@ip-172-31-16-234:~# cd home/ubuntu
bash: cd: home/ubuntu: No such file or directory
(djaro) root@ip-172-31-16-234:~# cd home/ubuntu/
bash: cd: home/ubuntu/: No such file or directory
(djaro) root@ip-172-31-16-234:~# cd /home/ubuntu/
(djaro) root@ip-172-31-16-234:/home/ubuntu# ls
djaro  env
(djaro) root@ip-172-31-16-234:/home/ubuntu# cd djaro
(djaro) root@ip-172-31-16-234:/home/ubuntu/djaro# ls
bin  djaro  include  lib  lib64  pyvenv.cfg  site
(djaro) root@ip-172-31-16-234:/home/ubuntu/djaro# sudo rm -r site
(djaro) root@ip-172-31-16-234:/home/ubuntu/djaro# git clone https://github.com/Romanchikus/site.git
Cloning into 'site'...
remote: Enumerating objects: 190, done.
remote: Counting objects: 100% (190/190), done.
remote: Compressing objects: 100% (131/131), done.
remote: Total 190 (delta 66), reused 160 (delta 49), pack-reused 0
Receiving objects: 100% (190/190), 2.54 MiB | 21.00 MiB/s, done.
Resolving deltas: 100% (66/66), done.
(djaro) root@ip-172-31-16-234:/home/ubuntu/djaro# cd site
(djaro) root@ip-172-31-16-234:/home/ubuntu/djaro/site# pip freeze
Django==2.2.6
django-countries==5.5
django-crispy-forms==1.8.0
Pillow==6.2.0
pkg-resources==0.0.0
pytz==2019.3
six==1.12.0
sqlparse==0.3.0
(djaro) root@ip-172-31-16-234:/home/ubuntu/djaro/site# python3 manage.py runserver 0.0.0.0:8000
Watching for file changes with StatReloader
Performing system checks...

System check identified no issues (0 silenced).
Exception in thread django-main-thread:
Traceback (most recent call last):
  File "/usr/lib/python3.6/threading.py", line 916, in _bootstrap_inner
    self.run()
  File "/usr/lib/python3.6/threading.py", line 864, in run
    self._target(*self._args, **self._kwargs)
  File "/home/ubuntu/djaro/djaro/lib/python3.6/site-packages/django/utils/autoreload.py", line 54, in wrapper
    fn(*args, **kwargs)
  File "/home/ubuntu/djaro/djaro/lib/python3.6/site-packages/django/core/management/commands/runserver.py", line 120, in inner_run
    self.check_migrations()
  File "/home/ubuntu/djaro/djaro/lib/python3.6/site-packages/django/core/management/base.py", line 453, in check_migrations
    executor = MigrationExecutor(connections[DEFAULT_DB_ALIAS])
  File "/home/ubuntu/djaro/djaro/lib/python3.6/site-packages/django/db/migrations/executor.py", line 18, in __init__
    self.loader = MigrationLoader(self.connection)
  File "/home/ubuntu/djaro/djaro/lib/python3.6/site-packages/django/db/migrations/loader.py", line 49, in __init__
    self.build_graph()
  File "/home/ubuntu/djaro/djaro/lib/python3.6/site-packages/django/db/migrations/loader.py", line 274, in build_graph
    raise exc
  File "/home/ubuntu/djaro/djaro/lib/python3.6/site-packages/django/db/migrations/loader.py", line 248, in build_graph
    self.graph.validate_consistency()
  File "/home/ubuntu/djaro/djaro/lib/python3.6/site-packages/django/db/migrations/graph.py", line 195, in validate_consistency
    [n.raise_error() for n in self.node_map.values() if isinstance(n, DummyNode)]
  File "/home/ubuntu/djaro/djaro/lib/python3.6/site-packages/django/db/migrations/graph.py", line 195, in <listcomp>
    [n.raise_error() for n in self.node_map.values() if isinstance(n, DummyNode)]
  File "/home/ubuntu/djaro/djaro/lib/python3.6/site-packages/django/db/migrations/graph.py", line 58, in raise_error
    raise NodeNotFoundError(self.error_message, self.key, origin=self.origin)
django.db.migrations.exceptions.NodeNotFoundError: Migration ecomapp.0017_auto_20191016_1736 dependencies reference nonexistent parent node ('cities_light', '0008_city_timezone')

^C(djaro) root@ip-172-31-16-234:/home/ubuntu/djaro/site# find . -path "*/migrations/*.py" -not -name "__init__.py" -delete
(djaro) root@ip-172-31-16-234:/home/ubuntu/djaro/site# find . -path "*/migrations/*.pyc"  -delete
(djaro) root@ip-172-31-16-234:/home/ubuntu/djaro/site# python manage.py makemigrations
Migrations for 'ecomapp':
  ecomapp/migrations/0001_initial.py
    - Create model Brand
    - Create model Cart
    - Create model Category
    - Create model Product
    - Create model Order
    - Create model Image
    - Create model CartItem
    - Add field item to cart
(djaro) root@ip-172-31-16-234:/home/ubuntu/djaro/site# python manage.py migrate
Operations to perform:
  Apply all migrations: admin, auth, contenttypes, ecomapp, sessions
Running migrations:
  No migrations to apply.
  Your models have changes that are not yet reflected in a migration, and so won't be applied.
  Run 'manage.py makemigrations' to make new migrations, and then re-run 'manage.py migrate' to apply them.
(djaro) root@ip-172-31-16-234:/home/ubuntu/djaro/site# python manage.py showmigrations
admin
 [X] 0001_initial
 [X] 0002_logentry_remove_auto_add
 [X] 0003_logentry_add_action_flag_choices
auth
 [X] 0001_initial
 [X] 0002_alter_permission_name_max_length
 [X] 0003_alter_user_email_max_length
 [X] 0004_alter_user_username_opts
 [X] 0005_alter_user_last_login_null
 [X] 0006_require_contenttypes_0002
 [X] 0007_alter_validators_add_error_messages
 [X] 0008_alter_user_username_max_length
 [X] 0009_alter_user_last_name_max_length
 [X] 0010_alter_group_name_max_length
 [X] 0011_update_proxy_permissions
contenttypes
 [X] 0001_initial
 [X] 0002_remove_content_type_name
ecomapp
 [X] 0001_initial
sessions
 [X] 0001_initial
(djaro) root@ip-172-31-16-234:/home/ubuntu/djaro/site# python manage.py migrate --fake core zero
CommandError: No installed app with label 'core'.
(djaro) root@ip-172-31-16-234:/home/ubuntu/djaro/site# python manage.py migrate --fake ecomapp zero
Operations to perform:
  Unapply all migrations: ecomapp
Running migrations:
  Rendering model states... DONE
  Unapplying ecomapp.0001_initial... FAKED
(djaro) root@ip-172-31-16-234:/home/ubuntu/djaro/site# python manage.py showmigrations
admin
 [X] 0001_initial
 [X] 0002_logentry_remove_auto_add
 [X] 0003_logentry_add_action_flag_choices
auth
 [X] 0001_initial
 [X] 0002_alter_permission_name_max_length
 [X] 0003_alter_user_email_max_length
 [X] 0004_alter_user_username_opts
 [X] 0005_alter_user_last_login_null
 [X] 0006_require_contenttypes_0002
 [X] 0007_alter_validators_add_error_messages
 [X] 0008_alter_user_username_max_length
 [X] 0009_alter_user_last_name_max_length
 [X] 0010_alter_group_name_max_length
 [X] 0011_update_proxy_permissions
contenttypes
 [X] 0001_initial
 [X] 0002_remove_content_type_name
ecomapp
 [ ] 0001_initial
sessions
 [X] 0001_initial
(djaro) root@ip-172-31-16-234:/home/ubuntu/djaro/site# python manage.py makemigrations
No changes detected
(djaro) root@ip-172-31-16-234:/home/ubuntu/djaro/site# python manage.py migrate --fake-initial
Operations to perform:
  Apply all migrations: admin, auth, contenttypes, ecomapp, sessions
Running migrations:
  Applying ecomapp.0001_initial... FAKED
(djaro) root@ip-172-31-16-234:/home/ubuntu/djaro/site# python manage.py makemigrations
No changes detected
(djaro) root@ip-172-31-16-234:/home/ubuntu/djaro/site# python3 manage.py runserver 0.0.0.0:8000
Watching for file changes with StatReloader
Performing system checks...

System check identified no issues (0 silenced).
October 20, 2019 - 17:57:32
Django version 2.2.6, using settings 'djangoshop.settings'
Starting development server at http://0.0.0.0:8000/
Quit the server with CONTROL-C.
[20/Oct/2019 17:57:35] "GET / HTTP/1.1" 200 19335
[20/Oct/2019 17:57:36] "GET /static/css/r1.css HTTP/1.1" 200 7475
[20/Oct/2019 17:57:36] "GET /static/css/bootstrap.min.css HTTP/1.1" 200 155758
[20/Oct/2019 17:57:36] "GET /media/CBD_Capsules_Cibdex/CBD_Capsules_Cibdex.jpg HTTP/1.1" 200 24686
[20/Oct/2019 17:57:36] "GET /media/sex-1/sex-1.jpg HTTP/1.1" 200 84885
[20/Oct/2019 17:57:36] "GET /media/Big_Brothers/Big_Brothers.jpg HTTP/1.1" 200 161734
[20/Oct/2019 17:57:36] "GET /media/Moon_rock/Moon_rock.jpg HTTP/1.1" 200 183891
[20/Oct/2019 17:57:36] "GET /static/js/bootstrap.js HTTP/1.1" 200 131637
[20/Oct/2019 17:57:37] "GET /media/Breast_implants/Breast_implants.jpg_350x350 HTTP/1.1" 200 16093
[20/Oct/2019 17:57:37] "GET /media/Marijuana_Oil_Cartridges/Marijuana_Oil_Cartridges.jpg HTTP/1.1" 200 21419
[20/Oct/2019 17:57:37] "GET /static/js/jquery.js HTTP/1.1" 200 280364
[20/Oct/2019 17:57:37] "GET /media/whatsapp-logo-32x32.png HTTP/1.1" 200 1148
[20/Oct/2019 17:57:37] "GET /media/Samsu/Samsu.jpg HTTP/1.1" 200 117555
[20/Oct/2019 17:57:37] "GET /media/Increlex/Increlex.jpg HTTP/1.1" 200 65357
[20/Oct/2019 17:57:38] "GET /static/js/bootstrap.js.map HTTP/1.1" 200 250568
[20/Oct/2019 17:57:38] "GET /static/css/bootstrap.min.css.map HTTP/1.1" 200 625953
[20/Oct/2019 17:57:50] "GET /login/ HTTP/1.1" 200 4640
[20/Oct/2019 17:58:05] "POST /login/ HTTP/1.1" 200 4757
[20/Oct/2019 17:58:06] "GET /media/whatsapp-logo-32x32.png HTTP/1.1" 304 0
[20/Oct/2019 17:58:06] "GET /static/css/bootstrap.min.css HTTP/1.1" 304 0
[20/Oct/2019 17:58:06] "GET /static/js/jquery.js HTTP/1.1" 304 0
[20/Oct/2019 17:58:06] "GET /static/css/r1.css HTTP/1.1" 304 0
[20/Oct/2019 17:58:06] "GET /static/js/bootstrap.js HTTP/1.1" 304 0
[20/Oct/2019 18:01:10] "GET / HTTP/1.1" 200 19335
[20/Oct/2019 18:01:11] "GET /static/css/r1.css HTTP/1.1" 200 7475
[20/Oct/2019 18:01:11] "GET /static/css/bootstrap.min.css HTTP/1.1" 200 155758
[20/Oct/2019 18:01:11] "GET /media/sex-1/sex-1.jpg HTTP/1.1" 200 84885
[20/Oct/2019 18:01:11] "GET /static/js/bootstrap.js HTTP/1.1" 200 131637
[20/Oct/2019 18:01:11] "GET /media/Big_Brothers/Big_Brothers.jpg HTTP/1.1" 200 161734
[20/Oct/2019 18:01:11] "GET /static/js/jquery.js HTTP/1.1" 200 280364
[20/Oct/2019 18:01:11] "GET /media/Moon_rock/Moon_rock.jpg HTTP/1.1" 200 183891
[20/Oct/2019 18:01:12] "GET /media/CBD_Capsules_Cibdex/CBD_Capsules_Cibdex.jpg HTTP/1.1" 200 24686
[20/Oct/2019 18:01:12] "GET /media/Marijuana_Oil_Cartridges/Marijuana_Oil_Cartridges.jpg HTTP/1.1" 200 21419
[20/Oct/2019 18:01:12] "GET /media/Breast_implants/Breast_implants.jpg_350x350 HTTP/1.1" 200 16093
[20/Oct/2019 18:01:12] "GET /media/Samsu/Samsu.jpg HTTP/1.1" 200 117555
[20/Oct/2019 18:01:12] "GET /media/Increlex/Increlex.jpg HTTP/1.1" 200 65357
[20/Oct/2019 18:01:12] "GET /media/whatsapp-logo-32x32.png HTTP/1.1" 200 1148
Not Found: /favicon.ico
[20/Oct/2019 18:01:13] "GET /favicon.ico HTTP/1.1" 404 4951
[20/Oct/2019 18:01:47] "GET /category/Anti_aging/ HTTP/1.1" 200 5361
[20/Oct/2019 18:01:47] "GET /static/css/r1.css HTTP/1.1" 304 0
[20/Oct/2019 18:01:47] "GET /media/Increlex/Increlex.jpg HTTP/1.1" 304 0
[20/Oct/2019 18:01:47] "GET /static/css/bootstrap.min.css HTTP/1.1" 304 0
[20/Oct/2019 18:01:47] "GET /static/js/jquery.js HTTP/1.1" 304 0
[20/Oct/2019 18:01:47] "GET /media/whatsapp-logo-32x32.png HTTP/1.1" 304 0
[20/Oct/2019 18:01:47] "GET /static/js/bootstrap.js HTTP/1.1" 304 0
[20/Oct/2019 18:01:52] "GET /product/Increlex/ HTTP/1.1" 200 6249
[20/Oct/2019 18:01:52] "GET /static/css/bootstrap.min.css HTTP/1.1" 304 0
[20/Oct/2019 18:01:52] "GET /media/Increlex/Increlex.jpg HTTP/1.1" 304 0
[20/Oct/2019 18:01:52] "GET /media/whatsapp-logo-32x32.png HTTP/1.1" 304 0
[20/Oct/2019 18:01:52] "GET /static/css/r1.css HTTP/1.1" 304 0
[20/Oct/2019 18:01:52] "GET /static/js/jquery.js HTTP/1.1" 304 0
[20/Oct/2019 18:01:52] "GET /static/js/bootstrap.js HTTP/1.1" 304 0
[20/Oct/2019 18:02:42] "GET /product/Increlex/ HTTP/1.1" 200 6249
[20/Oct/2019 18:02:42] "GET /static/css/r1.css HTTP/1.1" 304 0
[20/Oct/2019 18:02:42] "GET /static/css/bootstrap.min.css HTTP/1.1" 304 0
[20/Oct/2019 18:02:42] "GET /media/Increlex/Increlex.jpg HTTP/1.1" 304 0
[20/Oct/2019 18:02:42] "GET /media/whatsapp-logo-32x32.png HTTP/1.1" 304 0
[20/Oct/2019 18:02:42] "GET /static/js/jquery.js HTTP/1.1" 304 0
[20/Oct/2019 18:02:42] "GET /static/js/bootstrap.js HTTP/1.1" 304 0
[20/Oct/2019 18:05:00] "GET / HTTP/1.1" 200 19335
[20/Oct/2019 18:05:00] "GET /static/css/r1.css HTTP/1.1" 304 0
[20/Oct/2019 18:05:00] "GET /static/css/bootstrap.min.css HTTP/1.1" 304 0
[20/Oct/2019 18:05:00] "GET /media/sex-1/sex-1.jpg HTTP/1.1" 304 0
[20/Oct/2019 18:05:00] "GET /media/Big_Brothers/Big_Brothers.jpg HTTP/1.1" 304 0
[20/Oct/2019 18:05:00] "GET /media/Moon_rock/Moon_rock.jpg HTTP/1.1" 304 0
[20/Oct/2019 18:05:00] "GET /media/CBD_Capsules_Cibdex/CBD_Capsules_Cibdex.jpg HTTP/1.1" 304 0
[20/Oct/2019 18:05:00] "GET /static/js/jquery.js HTTP/1.1" 304 0
[20/Oct/2019 18:05:00] "GET /static/js/bootstrap.js HTTP/1.1" 304 0
[20/Oct/2019 18:05:00] "GET /media/Marijuana_Oil_Cartridges/Marijuana_Oil_Cartridges.jpg HTTP/1.1" 304 0
[20/Oct/2019 18:05:00] "GET /media/Breast_implants/Breast_implants.jpg_350x350 HTTP/1.1" 304 0
[20/Oct/2019 18:05:00] "GET /media/Increlex/Increlex.jpg HTTP/1.1" 304 0
[20/Oct/2019 18:05:00] "GET /media/whatsapp-logo-32x32.png HTTP/1.1" 304 0
[20/Oct/2019 18:05:01] "GET /media/Samsu/Samsu.jpg HTTP/1.1" 304 0
[20/Oct/2019 18:05:29] "GET / HTTP/1.1" 200 19335
[20/Oct/2019 18:05:30] "GET /static/css/r1.css HTTP/1.1" 304 0
[20/Oct/2019 18:05:30] "GET /static/css/bootstrap.min.css HTTP/1.1" 304 0
[20/Oct/2019 18:05:30] "GET /media/sex-1/sex-1.jpg HTTP/1.1" 304 0
[20/Oct/2019 18:05:30] "GET /media/Big_Brothers/Big_Brothers.jpg HTTP/1.1" 304 0
[20/Oct/2019 18:05:30] "GET /static/js/jquery.js HTTP/1.1" 304 0
[20/Oct/2019 18:05:30] "GET /static/js/bootstrap.js HTTP/1.1" 304 0
[20/Oct/2019 18:05:30] "GET /media/Moon_rock/Moon_rock.jpg HTTP/1.1" 304 0
[20/Oct/2019 18:05:30] "GET /media/CBD_Capsules_Cibdex/CBD_Capsules_Cibdex.jpg HTTP/1.1" 304 0
[20/Oct/2019 18:05:30] "GET /media/Marijuana_Oil_Cartridges/Marijuana_Oil_Cartridges.jpg HTTP/1.1" 304 0
[20/Oct/2019 18:05:30] "GET /media/Breast_implants/Breast_implants.jpg_350x350 HTTP/1.1" 304 0
[20/Oct/2019 18:05:30] "GET /media/Increlex/Increlex.jpg HTTP/1.1" 304 0
[20/Oct/2019 18:05:30] "GET /media/Samsu/Samsu.jpg HTTP/1.1" 304 0
[20/Oct/2019 18:05:30] "GET /media/whatsapp-logo-32x32.png HTTP/1.1" 304 0
[20/Oct/2019 18:06:12] "GET / HTTP/1.1" 200 19335
[20/Oct/2019 18:06:12] "GET /static/css/r1.css HTTP/1.1" 304 0
[20/Oct/2019 18:06:12] "GET /static/css/bootstrap.min.css HTTP/1.1" 304 0
[20/Oct/2019 18:06:12] "GET /media/sex-1/sex-1.jpg HTTP/1.1" 304 0
[20/Oct/2019 18:06:12] "GET /media/Big_Brothers/Big_Brothers.jpg HTTP/1.1" 304 0
[20/Oct/2019 18:06:12] "GET /media/Moon_rock/Moon_rock.jpg HTTP/1.1" 304 0
[20/Oct/2019 18:06:12] "GET /media/CBD_Capsules_Cibdex/CBD_Capsules_Cibdex.jpg HTTP/1.1" 304 0
[20/Oct/2019 18:06:13] "GET /static/js/jquery.js HTTP/1.1" 304 0
[20/Oct/2019 18:06:13] "GET /static/js/bootstrap.js HTTP/1.1" 304 0
[20/Oct/2019 18:06:13] "GET /media/Breast_implants/Breast_implants.jpg_350x350 HTTP/1.1" 304 0
[20/Oct/2019 18:06:13] "GET /media/Increlex/Increlex.jpg HTTP/1.1" 304 0
[20/Oct/2019 18:06:13] "GET /media/Marijuana_Oil_Cartridges/Marijuana_Oil_Cartridges.jpg HTTP/1.1" 304 0
[20/Oct/2019 18:06:13] "GET /media/whatsapp-logo-32x32.png HTTP/1.1" 304 0
[20/Oct/2019 18:06:13] "GET /media/Samsu/Samsu.jpg HTTP/1.1" 304 0
[20/Oct/2019 18:06:18] "GET / HTTP/1.1" 200 19335
[20/Oct/2019 18:06:18] "GET /static/css/r1.css HTTP/1.1" 304 0
[20/Oct/2019 18:06:18] "GET /media/sex-1/sex-1.jpg HTTP/1.1" 304 0
[20/Oct/2019 18:06:18] "GET /media/Moon_rock/Moon_rock.jpg HTTP/1.1" 304 0
[20/Oct/2019 18:06:18] "GET /media/Big_Brothers/Big_Brothers.jpg HTTP/1.1" 304 0
[20/Oct/2019 18:06:18] "GET /static/css/bootstrap.min.css HTTP/1.1" 304 0
[20/Oct/2019 18:06:18] "GET /media/CBD_Capsules_Cibdex/CBD_Capsules_Cibdex.jpg HTTP/1.1" 304 0
[20/Oct/2019 18:06:19] "GET /static/js/jquery.js HTTP/1.1" 304 0
[20/Oct/2019 18:06:19] "GET /media/Marijuana_Oil_Cartridges/Marijuana_Oil_Cartridges.jpg HTTP/1.1" 304 0
[20/Oct/2019 18:06:19] "GET /media/Increlex/Increlex.jpg HTTP/1.1" 304 0
[20/Oct/2019 18:06:19] "GET /media/Breast_implants/Breast_implants.jpg_350x350 HTTP/1.1" 304 0
[20/Oct/2019 18:06:19] "GET /static/js/bootstrap.js HTTP/1.1" 304 0
[20/Oct/2019 18:06:19] "GET /media/Samsu/Samsu.jpg HTTP/1.1" 304 0
[20/Oct/2019 18:06:19] "GET /media/whatsapp-logo-32x32.png HTTP/1.1" 304 0
[20/Oct/2019 18:06:23] "GET / HTTP/1.1" 200 19335
[20/Oct/2019 18:06:23] "POST /login/ HTTP/1.1" 200 4757
[20/Oct/2019 18:06:24] "GET /static/css/bootstrap.min.css HTTP/1.1" 304 0
[20/Oct/2019 18:06:24] "GET /media/Big_Brothers/Big_Brothers.jpg HTTP/1.1" 304 0
[20/Oct/2019 18:06:24] "GET /static/css/r1.css HTTP/1.1" 304 0
[20/Oct/2019 18:06:24] "GET /media/sex-1/sex-1.jpg HTTP/1.1" 304 0
[20/Oct/2019 18:06:24] "GET /media/Moon_rock/Moon_rock.jpg HTTP/1.1" 304 0
[20/Oct/2019 18:06:24] "GET /static/css/r1.css HTTP/1.1" 304 0
[20/Oct/2019 18:06:24] "GET /media/CBD_Capsules_Cibdex/CBD_Capsules_Cibdex.jpg HTTP/1.1" 304 0
[20/Oct/2019 18:06:24] "GET /static/css/bootstrap.min.css HTTP/1.1" 304 0
[20/Oct/2019 18:06:24] "GET /static/js/jquery.js HTTP/1.1" 304 0
[20/Oct/2019 18:06:24] "GET /static/js/bootstrap.js HTTP/1.1" 304 0
[20/Oct/2019 18:06:24] "GET /media/whatsapp-logo-32x32.png HTTP/1.1" 304 0
[20/Oct/2019 18:06:24] "GET /static/js/jquery.js HTTP/1.1" 304 0
[20/Oct/2019 18:06:24] "GET /media/Increlex/Increlex.jpg HTTP/1.1" 304 0
[20/Oct/2019 18:06:24] "GET /media/Breast_implants/Breast_implants.jpg_350x350 HTTP/1.1" 304 0
[20/Oct/2019 18:06:24] "GET /static/js/bootstrap.js HTTP/1.1" 304 0
[20/Oct/2019 18:06:24] "GET /media/Marijuana_Oil_Cartridges/Marijuana_Oil_Cartridges.jpg HTTP/1.1" 304 0
[20/Oct/2019 18:06:24] "GET /media/whatsapp-logo-32x32.png HTTP/1.1" 304 0
[20/Oct/2019 18:06:24] "GET /media/Samsu/Samsu.jpg HTTP/1.1" 304 0
[20/Oct/2019 18:11:18] "GET /static/css/bootstrap.min.css HTTP/1.1" 304 0
[20/Oct/2019 18:11:18] "GET /static/css/r1.css HTTP/1.1" 304 0
[20/Oct/2019 18:11:18] "GET /static/js/bootstrap.js.map HTTP/1.1" 304 0
[20/Oct/2019 18:11:20] "GET /static/css/bootstrap.min.css.map HTTP/1.1" 200 625953
 Not Found: /favicon.ico
[20/Oct/2019 18:19:34] "GET /favicon.ico HTTP/1.1" 404 4951
packet_write_wait: Connection to 18.216.91.245 port 22: Broken pipe
roma@roma-Lenovo-IdeaPad-Z510:~/Загрузки$ python manage.py runserver
python: can't open file 'manage.py': [Errno 2] No such file or directory
roma@roma-Lenovo-IdeaPad-Z510:~/Загрузки$ ssh -i "roma_key.pem" ubuntu@ec2-18-216-91-245.us-east-2.compute.amazonaws.com
Welcome to Ubuntu 18.04.3 LTS (GNU/Linux 4.15.0-1051-aws x86_64)

 * Documentation:  https://help.ubuntu.com
 * Management:     https://landscape.canonical.com
 * Support:        https://ubuntu.com/advantage

  System information as of Sun Oct 20 19:12:17 UTC 2019

  System load:  0.0               Processes:           86
  Usage of /:   9.3% of 15.45GB   Users logged in:     0
  Memory usage: 17%               IP address for eth0: 172.31.16.234
  Swap usage:   0%

 * Kata Containers are now fully integrated in Charmed Kubernetes 1.16!
   Yes, charms take the Krazy out of K8s Kata Kluster Konstruction.

     https://ubuntu.com/kubernetes/docs/release-notes

14 packages can be updated.
3 updates are security updates.


Last login: Sun Oct 20 10:07:37 2019 from 91.198.10.208
ubuntu@ip-172-31-16-234:~$ su
Password: 
root@ip-172-31-16-234:/home/ubuntu# python3 manage.py runserver 0.0.0.0:8000
python3: can't open file 'manage.py': [Errno 2] No such file or directory
root@ip-172-31-16-234:/home/ubuntu# ды
ды: command not found
root@ip-172-31-16-234:/home/ubuntu# ls
djaro  env
root@ip-172-31-16-234:/home/ubuntu# cs djaro

Command 'cs' not found, but can be installed with:

apt install csound

root@ip-172-31-16-234:/home/ubuntu# cd djaro
root@ip-172-31-16-234:/home/ubuntu/djaro# ls
bin  djaro  include  lib  lib64  pyvenv.cfg  site
root@ip-172-31-16-234:/home/ubuntu/djaro# cd site
root@ip-172-31-16-234:/home/ubuntu/djaro/site# python3 manage.py runserver 0.0.0.0:8000
Traceback (most recent call last):
  File "manage.py", line 10, in main
    from django.core.management import execute_from_command_line
ModuleNotFoundError: No module named 'django'

The above exception was the direct cause of the following exception:

Traceback (most recent call last):
  File "manage.py", line 21, in <module>
    main()
  File "manage.py", line 16, in main
    ) from exc
ImportError: Couldn't import Django. Are you sure it's installed and available on your PYTHONPATH environment variable? Did you forget to activate a virtual environment?
root@ip-172-31-16-234:/home/ubuntu/djaro/site# ls
db.sqlite3  djangoshop  ecomapp  manage.py  media  product_images  requirements.txt  static_in_dev
root@ip-172-31-16-234:/home/ubuntu/djaro/site# dmesgdmesg
dmesgdmesg: command not found
root@ip-172-31-16-234:/home/ubuntu/djaro/site# dmesg
[    0.000000] Linux version 4.15.0-1051-aws (buildd@lgw01-amd64-005) (gcc version 7.4.0 (Ubuntu 7.4.0-1ubuntu1~18.04.1)) #53-Ubuntu SMP Wed Sep 18 13:35:53 UTC 2019 (Ubuntu 4.15.0-1051.53-aws 4.15.18)
[    0.000000] Command line: BOOT_IMAGE=/boot/vmlinuz-4.15.0-1051-aws root=LABEL=cloudimg-rootfs ro console=tty1 console=ttyS0 nvme_core.io_timeout=4294967295
[    0.000000] KERNEL supported cpus:
[    0.000000]   Intel GenuineIntel
[    0.000000]   AMD AuthenticAMD
[    0.000000]   Centaur CentaurHauls
[    0.000000] x86/fpu: Supporting XSAVE feature 0x001: 'x87 floating point registers'
[    0.000000] x86/fpu: Supporting XSAVE feature 0x002: 'SSE registers'
[    0.000000] x86/fpu: Supporting XSAVE feature 0x004: 'AVX registers'
[    0.000000] x86/fpu: xstate_offset[2]:  576, xstate_sizes[2]:  256
[    0.000000] x86/fpu: Enabled xstate features 0x7, context size is 832 bytes, using 'standard' format.
[    0.000000] e820: BIOS-provided physical RAM map:
[    0.000000] BIOS-e820: [mem 0x0000000000000000-0x000000000009dfff] usable
[    0.000000] BIOS-e820: [mem 0x000000000009e000-0x000000000009ffff] reserved
[    0.000000] BIOS-e820: [mem 0x00000000000e0000-0x00000000000fffff] reserved
[    0.000000] BIOS-e820: [mem 0x0000000000100000-0x000000003fffffff] usable
[    0.000000] BIOS-e820: [mem 0x00000000fc000000-0x00000000ffffffff] reserved
[    0.000000] NX (Execute Disable) protection: active
[    0.000000] SMBIOS 2.7 present.
[    0.000000] DMI: Xen HVM domU, BIOS 4.2.amazon 08/24/2006
[    0.000000] Hypervisor detected: Xen HVM
[    0.000000] Xen version 4.2.
[    0.000000] Xen Platform PCI: I/O protocol version 1
[    0.000000] Netfront and the Xen platform PCI driver have been compiled for this kernel: unplug emulated NICs.
[    0.000000] Blkfront and the Xen platform PCI driver have been compiled for this kernel: unplug emulated disks.
               You might have to change the root device
               from /dev/hd[a-d] to /dev/xvd[a-d]
               in your root= kernel command line option
[    0.000000] HVMOP_pagetable_dying not supported
[    0.000000] e820: update [mem 0x00000000-0x00000fff] usable ==> reserved
[    0.000000] e820: remove [mem 0x000a0000-0x000fffff] usable
[    0.000000] e820: last_pfn = 0x40000 max_arch_pfn = 0x400000000
[    0.000000] MTRR default type: write-back
[    0.000000] MTRR fixed ranges enabled:
[    0.000000]   00000-9FFFF write-back
[    0.000000]   A0000-BFFFF write-combining
[    0.000000]   C0000-FFFFF write-back
[    0.000000] MTRR variable ranges enabled:
[    0.000000]   0 base 0000F0000000 mask 3FFFF8000000 uncachable
[    0.000000]   1 base 0000F8000000 mask 3FFFFC000000 uncachable
[    0.000000]   2 disabled
[    0.000000]   3 disabled
[    0.000000]   4 disabled
[    0.000000]   5 disabled
[    0.000000]   6 disabled
[    0.000000]   7 disabled
[    0.000000] x86/PAT: Configuration [0-7]: WB  WC  UC- UC  WB  WP  UC- WT  
[    0.000000] found SMP MP-table at [mem 0x000fbc50-0x000fbc5f]
[    0.000000] Scanning 1 areas for low memory corruption
[    0.000000] BRK [0x2671b000, 0x2671bfff] PGTABLE
[    0.000000] BRK [0x2671c000, 0x2671cfff] PGTABLE
[    0.000000] BRK [0x2671d000, 0x2671dfff] PGTABLE
[    0.000000] BRK [0x2671e000, 0x2671efff] PGTABLE
[    0.000000] RAMDISK: [mem 0x3598b000-0x36cbcfff]
[    0.000000] ACPI: Early table checksum verification disabled
[    0.000000] ACPI: RSDP 0x00000000000EA020 000024 (v02 Xen   )
[    0.000000] ACPI: XSDT 0x00000000FC00E2A0 000054 (v01 Xen    HVM      00000000 HVML 00000000)
[    0.000000] ACPI: FACP 0x00000000FC00DF60 0000F4 (v04 Xen    HVM      00000000 HVML 00000000)
[    0.000000] ACPI: DSDT 0x00000000FC0021C0 00BD19 (v02 Xen    HVM      00000000 INTL 20090123)
[    0.000000] ACPI: FACS 0x00000000FC002180 000040
[    0.000000] ACPI: FACS 0x00000000FC002180 000040
[    0.000000] ACPI: APIC 0x00000000FC00E060 0000D8 (v02 Xen    HVM      00000000 HVML 00000000)
[    0.000000] ACPI: HPET 0x00000000FC00E1B0 000038 (v01 Xen    HVM      00000000 HVML 00000000)
[    0.000000] ACPI: WAET 0x00000000FC00E1F0 000028 (v01 Xen    HVM      00000000 HVML 00000000)
[    0.000000] ACPI: SSDT 0x00000000FC00E220 000031 (v02 Xen    HVM      00000000 INTL 20090123)
[    0.000000] ACPI: SSDT 0x00000000FC00E260 000033 (v02 Xen    HVM      00000000 INTL 20090123)
[    0.000000] ACPI: Local APIC address 0xfee00000
[    0.000000] No NUMA configuration found
[    0.000000] Faking a node at [mem 0x0000000000000000-0x000000003fffffff]
[    0.000000] NODE_DATA(0) allocated [mem 0x3ffd5000-0x3fffffff]
[    0.000000] tsc: Fast TSC calibration using PIT
[    0.000000] Zone ranges:
[    0.000000]   DMA      [mem 0x0000000000001000-0x0000000000ffffff]
[    0.000000]   DMA32    [mem 0x0000000001000000-0x000000003fffffff]
[    0.000000]   Normal   empty
[    0.000000]   Device   empty
[    0.000000] Movable zone start for each node
[    0.000000] Early memory node ranges
[    0.000000]   node   0: [mem 0x0000000000001000-0x000000000009dfff]
[    0.000000]   node   0: [mem 0x0000000000100000-0x000000003fffffff]
[    0.000000] Reserved but unavailable: 99 pages
[    0.000000] Initmem setup node 0 [mem 0x0000000000001000-0x000000003fffffff]
[    0.000000] On node 0 totalpages: 262045
[    0.000000]   DMA zone: 64 pages used for memmap
[    0.000000]   DMA zone: 21 pages reserved
[    0.000000]   DMA zone: 3997 pages, LIFO batch:0
[    0.000000]   DMA32 zone: 4032 pages used for memmap
[    0.000000]   DMA32 zone: 258048 pages, LIFO batch:31
[    0.000000] ACPI: PM-Timer IO Port: 0xb008
[    0.000000] ACPI: Local APIC address 0xfee00000
[    0.000000] IOAPIC[0]: apic_id 1, version 17, address 0xfec00000, GSI 0-47
[    0.000000] ACPI: INT_SRC_OVR (bus 0 bus_irq 0 global_irq 2 dfl dfl)
[    0.000000] ACPI: INT_SRC_OVR (bus 0 bus_irq 5 global_irq 5 low level)
[    0.000000] ACPI: INT_SRC_OVR (bus 0 bus_irq 10 global_irq 10 low level)
[    0.000000] ACPI: INT_SRC_OVR (bus 0 bus_irq 11 global_irq 11 low level)
[    0.000000] ACPI: IRQ0 used by override.
[    0.000000] ACPI: IRQ5 used by override.
[    0.000000] ACPI: IRQ9 used by override.
[    0.000000] ACPI: IRQ10 used by override.
[    0.000000] ACPI: IRQ11 used by override.
[    0.000000] Using ACPI (MADT) for SMP configuration information
[    0.000000] ACPI: HPET id: 0x8086a201 base: 0xfed00000
[    0.000000] smpboot: Allowing 15 CPUs, 14 hotplug CPUs
[    0.000000] PM: Registered nosave memory: [mem 0x00000000-0x00000fff]
[    0.000000] PM: Registered nosave memory: [mem 0x0009e000-0x0009ffff]
[    0.000000] PM: Registered nosave memory: [mem 0x000a0000-0x000dffff]
[    0.000000] PM: Registered nosave memory: [mem 0x000e0000-0x000fffff]
[    0.000000] e820: [mem 0x40000000-0xfbffffff] available for PCI devices
[    0.000000] Booting paravirtualized kernel on Xen HVM
[    0.000000] clocksource: refined-jiffies: mask: 0xffffffff max_cycles: 0xffffffff, max_idle_ns: 7645519600211568 ns
[    0.000000] random: get_random_bytes called from start_kernel+0x99/0x4fd with crng_init=0
[    0.000000] setup_percpu: NR_CPUS:8192 nr_cpumask_bits:15 nr_cpu_ids:15 nr_node_ids:1
[    0.000000] percpu: Embedded 46 pages/cpu s151552 r8192 d28672 u262144
[    0.000000] pcpu-alloc: s151552 r8192 d28672 u262144 alloc=1*2097152
[    0.000000] pcpu-alloc: [0] 00 01 02 03 04 05 06 07 [0] 08 09 10 11 12 13 14 -- 
[    0.000000] xen: PV spinlocks enabled
[    0.000000] PV qspinlock hash table entries: 256 (order: 0, 4096 bytes)
[    0.000000] Built 1 zonelists, mobility grouping on.  Total pages: 257928
[    0.000000] Policy zone: DMA32
[    0.000000] Kernel command line: BOOT_IMAGE=/boot/vmlinuz-4.15.0-1051-aws root=LABEL=cloudimg-rootfs ro console=tty1 console=ttyS0 nvme_core.io_timeout=4294967295
[    0.000000] Calgary: detecting Calgary via BIOS EBDA area
[    0.000000] Calgary: Unable to locate Rio Grande table in EBDA - bailing!
[    0.000000] Memory: 983308K/1048180K available (12300K kernel code, 2402K rwdata, 3912K rodata, 2400K init, 2348K bss, 64872K reserved, 0K cma-reserved)
[    0.000000] SLUB: HWalign=64, Order=0-3, MinObjects=0, CPUs=15, Nodes=1
[    0.000000] Kernel/User page tables isolation: enabled
[    0.000000] ftrace: allocating 37656 entries in 148 pages
[    0.004000] Hierarchical RCU implementation.
[    0.004000] 	RCU restricting CPUs from NR_CPUS=8192 to nr_cpu_ids=15.
[    0.004000] 	Tasks RCU enabled.
[    0.004000] RCU: Adjusting geometry for rcu_fanout_leaf=16, nr_cpu_ids=15
[    0.004000] NR_IRQS: 524544, nr_irqs: 952, preallocated irqs: 16
[    0.004000] xen:events: Using 2-level ABI
[    0.004000] xen:events: Xen HVM callback vector for event delivery is enabled
[    0.004000] Console: colour VGA+ 80x25
[    0.004000] console [tty1] enabled
[    0.004000] Cannot get hvm parameter CONSOLE_EVTCHN (18): -22!
[    0.004000] console [ttyS0] enabled
[    0.004000] ACPI: Core revision 20170831
[    0.004000] ACPI: 3 ACPI AML tables successfully acquired and loaded
[    0.004000] clocksource: hpet: mask: 0xffffffff max_cycles: 0xffffffff, max_idle_ns: 30580167144 ns
[    0.004000] hpet clockevent registered
[    0.004011] APIC: Switch to symmetric I/O mode setup
[    0.008859] x2apic: IRQ remapping doesn't support X2APIC mode
[    0.016004] Switched APIC routing to physical flat.
[    0.026844] ..TIMER: vector=0x30 apic1=0 pin1=2 apic2=0 pin2=0
[    0.036000] tsc: Fast TSC calibration using PIT
[    0.052003] tsc: Detected 2399.901 MHz processor
[    0.056003] tsc: Detected 2400.064 MHz TSC
[    0.056010] Calibrating delay loop (skipped), value calculated using timer frequency.. 4800.12 BogoMIPS (lpj=9600256)
[    0.068004] pid_max: default: 32768 minimum: 301
[    0.072060] Security Framework initialized
[    0.080002] Yama: becoming mindful.
[    0.082632] AppArmor: AppArmor initialized
[    0.084207] Dentry cache hash table entries: 131072 (order: 8, 1048576 bytes)
[    0.092088] Inode-cache hash table entries: 65536 (order: 7, 524288 bytes)
[    0.100022] Mount-cache hash table entries: 2048 (order: 2, 16384 bytes)
[    0.104006] Mountpoint-cache hash table entries: 2048 (order: 2, 16384 bytes)
[    0.112199] Last level iTLB entries: 4KB 1024, 2MB 1024, 4MB 1024
[    0.116003] Last level dTLB entries: 4KB 1024, 2MB 1024, 4MB 1024, 1GB 4
[    0.120003] Spectre V1 : Mitigation: usercopy/swapgs barriers and __user pointer sanitization
[    0.128003] Spectre V2 : Mitigation: Full generic retpoline
[    0.136001] Spectre V2 : Spectre v2 / SpectreRSB mitigation: Filling RSB on context switch
[    0.144004] Speculative Store Bypass: Vulnerable
[    0.148031] MDS: Vulnerable: Clear CPU buffers attempted, no microcode
[    0.166573] clocksource: xen: mask: 0xffffffffffffffff max_cycles: 0x1cd42e4dffb, max_idle_ns: 881590591483 ns
[    0.172011] Xen: using vcpuop timer interface
[    0.172018] installing Xen timer for CPU 0
[    0.180084] smpboot: CPU0: Intel(R) Xeon(R) CPU E5-2676 v3 @ 2.40GHz (family: 0x6, model: 0x3f, stepping: 0x2)
[    0.184058] cpu 0 spinlock event irq 53
[    0.187355] Performance Events: unsupported p6 CPU model 63 no PMU driver, software events only.
[    0.188041] Hierarchical SRCU implementation.
[    0.192167] NMI watchdog: Perf event create on CPU 0 failed with -2
[    0.196007] NMI watchdog: Perf NMI watchdog permanently disabled
[    0.200226] smp: Bringing up secondary CPUs ...
[    0.204008] smp: Brought up 1 node, 1 CPU
[    0.208005] smpboot: Max logical packages: 15
[    0.212009] smpboot: Total of 1 processors activated (4800.12 BogoMIPS)
[    0.216239] devtmpfs: initialized
[    0.219929] x86/mm: Memory block size: 128MB
[    0.220192] evm: security.selinux
[    0.223910] evm: security.SMACK64
[    0.224009] evm: security.SMACK64EXEC
[    0.227859] evm: security.SMACK64TRANSMUTE
[    0.228007] evm: security.SMACK64MMAP
[    0.231627] evm: security.apparmor
[    0.232006] evm: security.ima
[    0.235619] evm: security.capability
[    0.236184] clocksource: jiffies: mask: 0xffffffff max_cycles: 0xffffffff, max_idle_ns: 7645041785100000 ns
[    0.240036] futex hash table entries: 4096 (order: 6, 262144 bytes)
[    0.244224] RTC time:  9:59:53, date: 10/20/19
[    0.248115] NET: Registered protocol family 16
[    0.251765] audit: initializing netlink subsys (disabled)
[    0.252142] audit: type=2000 audit(1571565593.295:1): state=initialized audit_enabled=0 res=1
[    0.256096] cpuidle: using governor ladder
[    0.260006] cpuidle: using governor menu
[    0.264051] ACPI: bus type PCI registered
[    0.268007] acpiphp: ACPI Hot Plug PCI Controller Driver version: 0.5
[    0.272539] PCI: Using configuration type 1 for base access
[    0.277054] HugeTLB registered 2.00 MiB page size, pre-allocated 0 pages
[    0.280240] ACPI: Added _OSI(Module Device)
[    0.284010] ACPI: Added _OSI(Processor Device)
[    0.288006] ACPI: Added _OSI(3.0 _SCP Extensions)
[    0.292007] ACPI: Added _OSI(Processor Aggregator Device)
[    0.296024] ACPI: Added _OSI(Linux-Dell-Video)
[    0.300030] ACPI: Added _OSI(Linux-Lenovo-NV-HDMI-Audio)
[    0.304008] ACPI: Added _OSI(Linux-HPI-Hybrid-Graphics)
[    0.308357] xen: --> pirq=16 -> irq=9 (gsi=9)
[    0.311685] ACPI: Interpreter enabled
[    0.312025] ACPI: (supports S0 S4 S5)
[    0.316005] ACPI: Using IOAPIC for interrupt routing
[    0.320049] PCI: Using host bridge windows from ACPI; if necessary, use "pci=nocrs" and report a bug
[    0.324442] ACPI: Enabled 2 GPEs in block 00 to 0F
[    0.388934] ACPI: PCI Root Bridge [PCI0] (domain 0000 [bus 00-ff])
[    0.392036] acpi PNP0A03:00: _OSC: OS supports [ASPM ClockPM Segments MSI]
[    0.396033] acpi PNP0A03:00: _OSC failed (AE_NOT_FOUND); disabling ASPM
[    0.400033] acpi PNP0A03:00: fail to add MMCONFIG information, can't access extended PCI configuration space under this bridge.
[    0.405361] acpiphp: Slot [0] registered
[    0.409925] acpiphp: Slot [3] registered
[    0.412724] acpiphp: Slot [4] registered
[    0.416854] acpiphp: Slot [5] registered
[    0.420732] acpiphp: Slot [6] registered
[    0.424809] acpiphp: Slot [7] registered
[    0.428796] acpiphp: Slot [8] registered
[    0.432773] acpiphp: Slot [9] registered
[    0.436873] acpiphp: Slot [10] registered
[    0.440872] acpiphp: Slot [11] registered
[    0.445006] acpiphp: Slot [12] registered
[    0.448910] acpiphp: Slot [13] registered
[    0.452904] acpiphp: Slot [14] registered
[    0.456846] acpiphp: Slot [15] registered
[    0.460865] acpiphp: Slot [16] registered
[    0.464902] acpiphp: Slot [17] registered
[    0.468873] acpiphp: Slot [18] registered
[    0.472663] acpiphp: Slot [19] registered
[    0.476617] acpiphp: Slot [20] registered
[    0.480672] acpiphp: Slot [21] registered
[    0.484608] acpiphp: Slot [22] registered
[    0.488601] acpiphp: Slot [23] registered
[    0.492599] acpiphp: Slot [24] registered
[    0.497015] acpiphp: Slot [25] registered
[    0.500611] acpiphp: Slot [26] registered
[    0.504632] acpiphp: Slot [27] registered
[    0.508755] acpiphp: Slot [28] registered
[    0.512710] acpiphp: Slot [29] registered
[    0.516637] acpiphp: Slot [30] registered
[    0.520650] acpiphp: Slot [31] registered
[    0.524546] PCI host bridge to bus 0000:00
[    0.528008] pci_bus 0000:00: root bus resource [io  0x0000-0x0cf7 window]
[    0.532005] pci_bus 0000:00: root bus resource [io  0x0d00-0xffff window]
[    0.536008] pci_bus 0000:00: root bus resource [mem 0x000a0000-0x000bffff window]
[    0.540008] pci_bus 0000:00: root bus resource [mem 0xf0000000-0xfbffffff window]
[    0.544009] pci_bus 0000:00: root bus resource [bus 00-ff]
[    0.548167] pci 0000:00:00.0: [8086:1237] type 00 class 0x060000
[    0.550271] pci 0000:00:01.0: [8086:7000] type 00 class 0x060100
[    0.553038] pci 0000:00:01.1: [8086:7010] type 00 class 0x010180
[    0.554542] pci 0000:00:01.1: reg 0x20: [io  0xc100-0xc10f]
[    0.555223] pci 0000:00:01.1: legacy IDE quirk: reg 0x10: [io  0x01f0-0x01f7]
[    0.556007] pci 0000:00:01.1: legacy IDE quirk: reg 0x14: [io  0x03f6]
[    0.560007] pci 0000:00:01.1: legacy IDE quirk: reg 0x18: [io  0x0170-0x0177]
[    0.564007] pci 0000:00:01.1: legacy IDE quirk: reg 0x1c: [io  0x0376]
[    0.568869] pci 0000:00:01.3: [8086:7113] type 00 class 0x068000
[    0.568909] * Found PM-Timer Bug on the chipset. Due to workarounds for a bug,
               * this clock source is slow. Consider trying other clock sources
[    0.573653] pci 0000:00:01.3: quirk: [io  0xb000-0xb03f] claimed by PIIX4 ACPI
[    0.577121] pci 0000:00:02.0: [1013:00b8] type 00 class 0x030000
[    0.577624] pci 0000:00:02.0: reg 0x10: [mem 0xf0000000-0xf1ffffff pref]
[    0.577880] pci 0000:00:02.0: reg 0x14: [mem 0xf3000000-0xf3000fff]
[    0.579960] pci 0000:00:03.0: [5853:0001] type 00 class 0xff8000
[    0.580416] pci 0000:00:03.0: reg 0x10: [io  0xc000-0xc0ff]
[    0.580671] pci 0000:00:03.0: reg 0x14: [mem 0xf2000000-0xf2ffffff pref]
[    0.583934] ACPI: PCI Interrupt Link [LNKA] (IRQs *5 10 11)
[    0.584254] ACPI: PCI Interrupt Link [LNKB] (IRQs 5 *10 11)
[    0.588251] ACPI: PCI Interrupt Link [LNKC] (IRQs 5 10 *11)
[    0.592254] ACPI: PCI Interrupt Link [LNKD] (IRQs *5 10 11)
[    0.617574] xen:balloon: Initialising balloon driver
[    0.624160] SCSI subsystem initialized
[    0.628063] libata version 3.00 loaded.
[    0.628148] pci 0000:00:02.0: vgaarb: setting as boot VGA device
[    0.632000] pci 0000:00:02.0: vgaarb: VGA device added: decodes=io+mem,owns=io+mem,locks=none
[    0.632012] pci 0000:00:02.0: vgaarb: bridge control possible
[    0.636007] vgaarb: loaded
[    0.639333] ACPI: bus type USB registered
[    0.640030] usbcore: registered new interface driver usbfs
[    0.644019] usbcore: registered new interface driver hub
[    0.648032] usbcore: registered new device driver usb
[    0.652000] EDAC MC: Ver: 3.0.0
[    0.652579] PCI: Using ACPI for IRQ routing
[    0.656010] PCI: pci_cache_line_size set to 64 bytes
[    0.656581] e820: reserve RAM buffer [mem 0x0009e000-0x0009ffff]
[    0.656693] NetLabel: Initializing
[    0.659727] NetLabel:  domain hash size = 128
[    0.660005] NetLabel:  protocols = UNLABELED CIPSOv4 CALIPSO
[    0.664021] NetLabel:  unlabeled traffic allowed by default
[    0.668153] HPET: 3 timers in total, 0 timers will be used for per-cpu timer
[    0.672024] hpet0: at MMIO 0xfed00000, IRQs 2, 8, 0
[    0.675970] hpet0: 3 comparators, 64-bit 62.500000 MHz counter
[    0.678066] clocksource: Switched to clocksource xen
[    0.690418] VFS: Disk quotas dquot_6.6.0
[    0.693727] VFS: Dquot-cache hash table entries: 512 (order 0, 4096 bytes)
[    0.698873] AppArmor: AppArmor Filesystem Enabled
[    0.702689] pnp: PnP ACPI init
[    0.705436] system 00:00: [mem 0x00000000-0x0009ffff] could not be reserved
[    0.710520] system 00:00: Plug and Play ACPI device, IDs PNP0c02 (active)
[    0.710602] system 00:01: [io  0x08a0-0x08a3] has been reserved
[    0.715135] system 00:01: [io  0x0cc0-0x0ccf] has been reserved
[    0.719760] system 00:01: [io  0x04d0-0x04d1] has been reserved
[    0.724340] system 00:01: Plug and Play ACPI device, IDs PNP0c02 (active)
[    0.724376] xen: --> pirq=17 -> irq=8 (gsi=8)
[    0.724404] pnp 00:02: Plug and Play ACPI device, IDs PNP0b00 (active)
[    0.724432] xen: --> pirq=18 -> irq=12 (gsi=12)
[    0.724446] pnp 00:03: Plug and Play ACPI device, IDs PNP0f13 (active)
[    0.724464] xen: --> pirq=19 -> irq=1 (gsi=1)
[    0.724478] pnp 00:04: Plug and Play ACPI device, IDs PNP0303 PNP030b (active)
[    0.724495] xen: --> pirq=20 -> irq=6 (gsi=6)
[    0.724496] pnp 00:05: [dma 2]
[    0.724509] pnp 00:05: Plug and Play ACPI device, IDs PNP0700 (active)
[    0.724544] xen: --> pirq=21 -> irq=4 (gsi=4)
[    0.724558] pnp 00:06: Plug and Play ACPI device, IDs PNP0501 (active)
[    0.724597] system 00:07: [io  0x10c0-0x1141] has been reserved
[    0.729086] system 00:07: [io  0xb044-0xb047] has been reserved
[    0.733526] system 00:07: Plug and Play ACPI device, IDs PNP0c02 (active)
[    0.753102] pnp: PnP ACPI: found 8 devices
[    0.761998] clocksource: acpi_pm: mask: 0xffffff max_cycles: 0xffffff, max_idle_ns: 2085701024 ns
[    0.769080] pci_bus 0000:00: resource 4 [io  0x0000-0x0cf7 window]
[    0.769081] pci_bus 0000:00: resource 5 [io  0x0d00-0xffff window]
[    0.769082] pci_bus 0000:00: resource 6 [mem 0x000a0000-0x000bffff window]
[    0.769084] pci_bus 0000:00: resource 7 [mem 0xf0000000-0xfbffffff window]
[    0.769272] NET: Registered protocol family 2
[    0.773085] TCP established hash table entries: 8192 (order: 4, 65536 bytes)
[    0.778332] TCP bind hash table entries: 8192 (order: 5, 131072 bytes)
[    0.783350] random: fast init done
[    0.786254] TCP: Hash tables configured (established 8192 bind 8192)
[    0.790998] UDP hash table entries: 512 (order: 2, 16384 bytes)
[    0.795459] UDP-Lite hash table entries: 512 (order: 2, 16384 bytes)
[    0.801660] NET: Registered protocol family 1
[    0.805930] pci 0000:00:00.0: Limiting direct PCI/PCI transfers
[    0.810405] pci 0000:00:01.0: PIIX3: Enabling Passive Release
[    0.814966] pci 0000:00:01.0: Activating ISA DMA hang workarounds
[    0.819614] pci 0000:00:02.0: Video device with shadowed ROM at [mem 0x000c0000-0x000dffff]
[    0.826141] PCI: CLS 0 bytes, default 64
[    0.826191] Unpacking initramfs...
[    1.105737] Freeing initrd memory: 19656K
[    1.109398] Scanning for low memory corruption every 60 seconds
[    1.115646] Initialise system trusted keyrings
[    1.122210] Key type blacklist registered
[    1.129160] workingset: timestamp_bits=36 max_order=18 bucket_order=0
[    1.136026] zbud: loaded
[    1.139485] squashfs: version 4.0 (2009/01/31) Phillip Lougher
[    1.144927] fuse init (API version 7.26)
[    1.149626] Key type asymmetric registered
[    1.159330] Asymmetric key parser 'x509' registered
[    1.166710] Block layer SCSI generic (bsg) driver version 0.4 loaded (major 247)
[    1.176480] io scheduler noop registered
[    1.181281] io scheduler deadline registered
[    1.185888] io scheduler cfq registered (default)
[    1.191216] intel_idle: Please enable MWAIT in BIOS SETUP
[    1.191310] input: Power Button as /devices/LNXSYSTM:00/LNXPWRBN:00/input/input0
[    1.199062] ACPI: Power Button [PWRF]
[    1.203262] input: Sleep Button as /devices/LNXSYSTM:00/LNXSLPBN:00/input/input1
[    1.210348] ACPI: Sleep Button [SLPF]
[    1.214959] xen: --> pirq=22 -> irq=28 (gsi=28)
[    1.215085] xen:grant_table: Grant tables using version 1 layout
[    1.221414] Grant table initialized
[    1.225381] Cannot get hvm parameter CONSOLE_EVTCHN (18): -22!
[    1.231196] Serial: 8250/16550 driver, 4 ports, IRQ sharing enabled
[    1.265441] 00:06: ttyS0 at I/O 0x3f8 (irq = 4, base_baud = 115200) is a 16550A
[    1.271292] Linux agpgart interface v0.103
[    1.277378] loop: module loaded
[    1.283325] Invalid max_queues (4), will use default max: 1.
[    1.289686] ata_piix 0000:00:01.1: version 2.13
[    1.290600] scsi host0: ata_piix
[    1.293096] scsi host1: ata_piix
[    1.295517] ata1: PATA max MWDMA2 cmd 0x1f0 ctl 0x3f6 bmdma 0xc100 irq 14
[    1.299774] ata2: PATA max MWDMA2 cmd 0x170 ctl 0x376 bmdma 0xc108 irq 15
[    1.308868] libphy: Fixed MDIO Bus: probed
[    1.312292] tun: Universal TUN/TAP device driver, 1.6
[    1.315674] PPP generic driver version 2.4.2
[    1.318665] xen_netfront: Initialising Xen virtual ethernet driver
[    1.328579] ehci_hcd: USB 2.0 'Enhanced' Host Controller (EHCI) Driver
[    1.335513] ehci-pci: EHCI PCI platform driver
[    1.340426] ehci-platform: EHCI generic platform driver
[    1.344590] ohci_hcd: USB 1.1 'Open' Host Controller (OHCI) Driver
[    1.349516] ohci-pci: OHCI PCI platform driver
[    1.353034] ohci-platform: OHCI generic platform driver
[    1.360068] uhci_hcd: USB Universal Host Controller Interface driver
[    1.365137] i8042: PNP: PS/2 Controller [PNP0303:PS2K,PNP0f13:PS2M] at 0x60,0x64 irq 1,12
[    1.376009] serio: i8042 KBD port at 0x60,0x64 irq 1
[    1.381058] serio: i8042 AUX port at 0x60,0x64 irq 12
[    1.385940] mousedev: PS/2 mouse device common for all mice
[    1.392220] input: AT Translated Set 2 keyboard as /devices/platform/i8042/serio0/input/input2
[    1.400715] rtc_cmos 00:02: rtc core: registered rtc_cmos as rtc0
[    1.406688] rtc_cmos 00:02: alarms up to one day, 114 bytes nvram, hpet irqs
[    1.414722] device-mapper: uevent: version 1.0.3
[    1.419088] device-mapper: ioctl: 4.37.0-ioctl (2017-09-20) initialised: dm-devel@redhat.com
[    1.426609] NET: Registered protocol family 10
[    1.433670] Segment Routing with IPv6
[    1.438719] NET: Registered protocol family 17
[    1.444812] Key type dns_resolver registered
[    1.449419] intel_rdt: Intel RDT L3 allocation detected
[    1.459193] mce: Using 2 MCE banks
[    1.462215] RAS: Correctable Errors collector initialized.
[    1.471368] sched_clock: Marking stable (1469290243, 0)->(2290738097, -821447854)
[    1.480943] registered taskstats version 1
[    1.485134] Loading compiled-in X.509 certificates
[    1.491277] blkfront: xvda: barrier or flush: disabled; persistent grants: disabled; indirect descriptors: enabled;
[    1.502319] Loaded X.509 cert 'Build time autogenerated kernel key: e5799cc79173787b98e171c80c2afb2fd1116b2d'
[    1.515614] zswap: loaded using pool lzo/zbud
[    1.521217]  xvda: xvda1
[    1.524462] Key type big_key registered
[    1.527714] Key type trusted registered
[    1.532334] Key type encrypted registered
[    1.543912] AppArmor: AppArmor sha1 policy hashing enabled
[    1.549496] ima: No TPM chip found, activating TPM-bypass! (rc=-19)
[    1.555826] ima: Allocated hash algorithm: sha1
[    1.560827] evm: HMAC attrs: 0x1
[    1.565206]   Magic number: 7:922:980
[    1.569476] rtc_cmos 00:02: setting system clock to 2019-10-20 09:59:54 UTC (1571565594)
[    1.582340] BIOS EDD facility v0.16 2004-Jun-25, 0 devices found
[    1.586999] EDD information not available.
[    1.593304] Freeing unused kernel image memory: 2400K
[    1.604073] Write protecting the kernel read-only data: 18432k
[    1.608523] Freeing unused kernel image memory: 2008K
[    1.612796] Freeing unused kernel image memory: 184K
[    1.622641] x86/mm: Checked W+X mappings: passed, no W+X pages found.
[    1.626838] x86/mm: Checking user space page tables
[    1.636694] x86/mm: Checked W+X mappings: passed, no W+X pages found.
[    1.655096] random: systemd-udevd: uninitialized urandom read (16 bytes read)
[    1.660820] random: udevadm: uninitialized urandom read (16 bytes read)
[    1.665108] random: systemd-udevd: uninitialized urandom read (16 bytes read)
[    1.827310] AVX2 version of gcm_enc/dec engaged.
[    1.832248] AES CTR mode by8 optimization enabled
[    2.112111] tsc: Refined TSC clocksource calibration: 2399.998 MHz
[    2.118142] clocksource: tsc: mask: 0xffffffffffffffff max_cycles: 0x229835b7123, max_idle_ns: 440795242976 ns
[    3.604061] raid6: sse2x1   gen()  8696 MB/s
[    3.652061] raid6: sse2x1   xor()  6377 MB/s
[    3.704059] raid6: sse2x2   gen() 11139 MB/s
[    3.756062] raid6: sse2x2   xor()  7022 MB/s
[    3.808060] raid6: sse2x4   gen() 13064 MB/s
[    3.860062] raid6: sse2x4   xor()  8112 MB/s
[    3.912060] raid6: avx2x1   gen() 17711 MB/s
[    3.964064] raid6: avx2x1   xor() 12132 MB/s
[    4.016062] raid6: avx2x2   gen() 21094 MB/s
[    4.068060] raid6: avx2x2   xor() 12551 MB/s
[    4.120061] raid6: avx2x4   gen() 24060 MB/s
[    4.172059] raid6: avx2x4   xor() 15024 MB/s
[    4.177138] raid6: using algorithm avx2x4 gen() 24060 MB/s
[    4.183448] raid6: .... xor() 15024 MB/s, rmw enabled
[    4.189176] raid6: using avx2x2 recovery algorithm
[    4.196351] xor: automatically using best checksumming function   avx       
[    4.205039] async_tx: api initialized (async)
[    4.269818] Btrfs loaded, crc32c=crc32c-intel
[    4.312434] EXT4-fs (xvda1): mounted filesystem with ordered data mode. Opts: (null)
[    4.876178] ip_tables: (C) 2000-2006 Netfilter Core Team
[    4.887619] systemd[1]: systemd 237 running in system mode. (+PAM +AUDIT +SELINUX +IMA +APPARMOR +SMACK +SYSVINIT +UTMP +LIBCRYPTSETUP +GCRYPT +GNUTLS +ACL +XZ +LZ4 +SECCOMP +BLKID +ELFUTILS +KMOD -IDN2 +IDN -PCRE2 default-hierarchy=hybrid)
[    4.906376] systemd[1]: Detected virtualization xen.
[    4.911437] systemd[1]: Detected architecture x86-64.
[    5.021013] systemd[1]: Set hostname to <ubuntu>.
[    5.029623] systemd[1]: Initializing machine ID from random generator.
[    5.036466] systemd[1]: Installed transient /etc/machine-id file.
[    5.392452] systemd[1]: Created slice System Slice.
[    5.399554] systemd[1]: Reached target User and Group Name Lookups.
[    5.407761] systemd[1]: Listening on Journal Socket.
[    5.414012] systemd[1]: Listening on Network Service Netlink Socket.
[    5.473782] EXT4-fs (xvda1): re-mounted. Opts: discard
[    5.529377] Loading iSCSI transport class v2.0-870.
[    5.628583] iscsi: registered transport (tcp)
[    5.794104] iscsi: registered transport (iser)
[    5.854818] systemd-journald[406]: Received request to flush runtime journal from PID 1
[    6.117477] random: crng init done
[    6.117478] random: 7 urandom warning(s) missed due to ratelimiting
[    8.299130] audit: type=1400 audit(1571565601.224:2): apparmor="STATUS" operation="profile_load" profile="unconfined" name="lxc-container-default" pid=589 comm="apparmor_parser"
[    8.299751] audit: type=1400 audit(1571565601.224:3): apparmor="STATUS" operation="profile_load" profile="unconfined" name="lxc-container-default-cgns" pid=589 comm="apparmor_parser"
[    8.301626] audit: type=1400 audit(1571565601.228:4): apparmor="STATUS" operation="profile_load" profile="unconfined" name="lxc-container-default-with-mounting" pid=589 comm="apparmor_parser"
[    8.302151] audit: type=1400 audit(1571565601.228:5): apparmor="STATUS" operation="profile_load" profile="unconfined" name="lxc-container-default-with-nesting" pid=589 comm="apparmor_parser"
[    8.469903] audit: type=1400 audit(1571565601.396:6): apparmor="STATUS" operation="profile_load" profile="unconfined" name="/sbin/dhclient" pid=602 comm="apparmor_parser"
[    8.470482] audit: type=1400 audit(1571565601.396:7): apparmor="STATUS" operation="profile_load" profile="unconfined" name="/usr/lib/NetworkManager/nm-dhcp-client.action" pid=602 comm="apparmor_parser"
[    8.470951] audit: type=1400 audit(1571565601.396:8): apparmor="STATUS" operation="profile_load" profile="unconfined" name="/usr/lib/NetworkManager/nm-dhcp-helper" pid=602 comm="apparmor_parser"
[    8.471389] audit: type=1400 audit(1571565601.396:9): apparmor="STATUS" operation="profile_load" profile="unconfined" name="/usr/lib/connman/scripts/dhclient-script" pid=602 comm="apparmor_parser"
[    8.483289] audit: type=1400 audit(1571565601.408:10): apparmor="STATUS" operation="profile_load" profile="unconfined" name="/usr/bin/lxc-start" pid=604 comm="apparmor_parser"
[    8.557103] audit: type=1400 audit(1571565601.484:11): apparmor="STATUS" operation="profile_load" profile="unconfined" name="/usr/bin/man" pid=606 comm="apparmor_parser"
[   14.354299] EXT4-fs (xvda1): resizing filesystem from 2096891 to 4194043 blocks
[   14.424513] EXT4-fs (xvda1): resized filesystem to 4194043
[   15.747912] new mount options do not match the existing superblock, will be ignored
[   27.720264] kauditd_printk_skb: 5 callbacks suppressed
[   27.720266] audit: type=1400 audit(1571565620.648:17): apparmor="STATUS" operation="profile_load" profile="unconfined" name="/snap/core/7713/usr/lib/snapd/snap-confine" pid=1424 comm="apparmor_parser"
[   27.720626] audit: type=1400 audit(1571565620.648:18): apparmor="STATUS" operation="profile_load" profile="unconfined" name="/snap/core/7713/usr/lib/snapd/snap-confine//mount-namespace-capture-helper" pid=1424 comm="apparmor_parser"
[   27.768514] audit: type=1400 audit(1571565620.696:19): apparmor="STATUS" operation="profile_load" profile="unconfined" name="snap-update-ns.core" pid=1426 comm="apparmor_parser"
[   27.903866] audit: type=1400 audit(1571565620.828:20): apparmor="STATUS" operation="profile_load" profile="unconfined" name="snap.core.hook.configure" pid=1427 comm="apparmor_parser"
[   31.899882] audit: type=1400 audit(1571565624.824:21): apparmor="STATUS" operation="profile_replace" profile="unconfined" name="/snap/core/7713/usr/lib/snapd/snap-confine" pid=1490 comm="apparmor_parser"
[   31.900069] audit: type=1400 audit(1571565624.824:22): apparmor="STATUS" operation="profile_replace" profile="unconfined" name="/snap/core/7713/usr/lib/snapd/snap-confine//mount-namespace-capture-helper" pid=1490 comm="apparmor_parser"
[   31.973371] audit: type=1400 audit(1571565624.900:23): apparmor="STATUS" operation="profile_replace" profile="unconfined" name="snap.core.hook.configure" pid=1492 comm="apparmor_parser"
[   31.976725] audit: type=1400 audit(1571565624.904:24): apparmor="STATUS" operation="profile_replace" info="same as current profile, skipping" profile="unconfined" name="snap-update-ns.core" pid=1494 comm="apparmor_parser"
[   32.955810] audit: type=1400 audit(1571565625.880:25): apparmor="STATUS" operation="profile_load" profile="unconfined" name="snap-update-ns.amazon-ssm-agent" pid=1584 comm="apparmor_parser"
[   32.958643] audit: type=1400 audit(1571565625.884:26): apparmor="STATUS" operation="profile_load" profile="unconfined" name="snap.amazon-ssm-agent.amazon-ssm-agent" pid=1585 comm="apparmor_parser"
[   32.961332] audit: type=1400 audit(1571565625.888:27): apparmor="STATUS" operation="profile_load" profile="unconfined" name="snap.amazon-ssm-agent.ssm-cli" pid=1586 comm="apparmor_parser"
[34837.094107] audit: type=1400 audit(1571600430.932:28): apparmor="STATUS" operation="profile_load" profile="unconfined" name="/snap/core/7917/usr/lib/snapd/snap-confine" pid=14891 comm="apparmor_parser"
[34837.094496] audit: type=1400 audit(1571600430.932:29): apparmor="STATUS" operation="profile_load" profile="unconfined" name="/snap/core/7917/usr/lib/snapd/snap-confine//mount-namespace-capture-helper" pid=14891 comm="apparmor_parser"
[34837.200678] audit: type=1400 audit(1571600431.036:30): apparmor="STATUS" operation="profile_replace" profile="unconfined" name="snap.core.hook.configure" pid=14893 comm="apparmor_parser"
[34837.205077] audit: type=1400 audit(1571600431.040:31): apparmor="STATUS" operation="profile_replace" info="same as current profile, skipping" profile="unconfined" name="snap-update-ns.core" pid=14895 comm="apparmor_parser"
[34838.740390] audit: type=1400 audit(1571600432.576:32): apparmor="STATUS" operation="profile_replace" profile="unconfined" name="snap-update-ns.amazon-ssm-agent" pid=14973 comm="apparmor_parser"
[34838.743132] audit: type=1400 audit(1571600432.580:33): apparmor="STATUS" operation="profile_replace" info="same as current profile, skipping" profile="unconfined" name="snap.amazon-ssm-agent.amazon-ssm-agent" pid=14975 comm="apparmor_parser"
[34838.744057] audit: type=1400 audit(1571600432.580:34): apparmor="STATUS" operation="profile_replace" info="same as current profile, skipping" profile="unconfined" name="snap.amazon-ssm-agent.ssm-cli" pid=14976 comm="apparmor_parser"
[34839.004826] audit: type=1400 audit(1571600432.840:35): apparmor="STATUS" operation="profile_replace" profile="unconfined" name="/snap/core/7917/usr/lib/snapd/snap-confine" pid=14982 comm="apparmor_parser"
[34839.005010] audit: type=1400 audit(1571600432.840:36): apparmor="STATUS" operation="profile_replace" profile="unconfined" name="/snap/core/7917/usr/lib/snapd/snap-confine//mount-namespace-capture-helper" pid=14982 comm="apparmor_parser"
[34839.020354] audit: type=1400 audit(1571600432.856:37): apparmor="STATUS" operation="profile_replace" profile="unconfined" name="snap-update-ns.core" pid=14984 comm="apparmor_parser"
root@ip-172-31-16-234:/home/ubuntu/djaro/site# ^C
root@ip-172-31-16-234:/home/ubuntu/djaro/site# python3 manage.py runserver 0.0.0.0:8000
Traceback (most recent call last):
  File "manage.py", line 10, in main
    from django.core.management import execute_from_command_line
ModuleNotFoundError: No module named 'django'

The above exception was the direct cause of the following exception:

Traceback (most recent call last):
  File "manage.py", line 21, in <module>
    main()
  File "manage.py", line 16, in main
    ) from exc
ImportError: Couldn't import Django. Are you sure it's installed and available on your PYTHONPATH environment variable? Did you forget to activate a virtual environment?
root@ip-172-31-16-234:/home/ubuntu/djaro/site# ^C
root@ip-172-31-16-234:/home/ubuntu/djaro/site# workon
workon: command not found
root@ip-172-31-16-234:/home/ubuntu/djaro/site# source env/bin/activate
bash: env/bin/activate: No such file or directory
root@ip-172-31-16-234:/home/ubuntu/djaro/site# source env/bin/djaro
bash: env/bin/djaro: No such file or directory
root@ip-172-31-16-234:/home/ubuntu/djaro/site# ls
db.sqlite3  djangoshop  ecomapp  manage.py  media  product_images  requirements.txt  static_in_dev
root@ip-172-31-16-234:/home/ubuntu/djaro/site# cd ../
root@ip-172-31-16-234:/home/ubuntu/djaro# ls
bin  djaro  include  lib  lib64  pyvenv.cfg  site
root@ip-172-31-16-234:/home/ubuntu/djaro# source env/bin/activate
bash: env/bin/activate: No such file or directory
root@ip-172-31-16-234:/home/ubuntu/djaro# ls
bin  djaro  include  lib  lib64  pyvenv.cfg  site
root@ip-172-31-16-234:/home/ubuntu/djaro# virtualenv --version

Command 'virtualenv' not found, but can be installed with:

apt install virtualenv

root@ip-172-31-16-234:/home/ubuntu/djaro# ^C
root@ip-172-31-16-234:/home/ubuntu/djaro# source djaro/bin/activate
(djaro) root@ip-172-31-16-234:/home/ubuntu/djaro# site

Command 'site' not found, did you mean:

  command 'scite' from deb scite
  command 'sfte' from deb fte-terminal
  command 'vite' from deb vite
  command 'size' from deb binutils
  command 'ssite' from deb staticsite

Try: apt install <deb name>

(djaro) root@ip-172-31-16-234:/home/ubuntu/djaro# cs site

Command 'cs' not found, but can be installed with:

apt install csound

(djaro) root@ip-172-31-16-234:/home/ubuntu/djaro# cd site
(djaro) root@ip-172-31-16-234:/home/ubuntu/djaro/site# python3 manage.py runserver 0.0.0.0:8000
Watching for file changes with StatReloader
Performing system checks...

System check identified no issues (0 silenced).
October 21, 2019 - 01:29:13
Django version 2.2.6, using settings 'djangoshop.settings'
Starting development server at http://0.0.0.0:8000/
Quit the server with CONTROL-C.
[21/Oct/2019 01:29:23] "POST /login/ HTTP/1.1" 200 4757
[21/Oct/2019 01:29:24] "GET /static/css/r1.css HTTP/1.1" 304 0
[21/Oct/2019 01:29:24] "GET /static/css/bootstrap.min.css HTTP/1.1" 200 155758
[21/Oct/2019 01:29:24] "GET /media/whatsapp-logo-32x32.png HTTP/1.1" 304 0
[21/Oct/2019 01:29:24] "GET /static/js/jquery.js HTTP/1.1" 200 280364
[21/Oct/2019 01:29:24] "GET /static/js/bootstrap.js HTTP/1.1" 200 131637
[21/Oct/2019 01:29:31] "GET / HTTP/1.1" 200 19335
[21/Oct/2019 01:29:31] "GET /media/Big_Brothers/Big_Brothers.jpg HTTP/1.1" 200 161734
[21/Oct/2019 01:29:31] "GET /media/Moon_rock/Moon_rock.jpg HTTP/1.1" 200 183891
[21/Oct/2019 01:29:31] "GET /media/sex-1/sex-1.jpg HTTP/1.1" 304 0
[21/Oct/2019 01:29:31] "GET /media/CBD_Capsules_Cibdex/CBD_Capsules_Cibdex.jpg HTTP/1.1" 304 0
[21/Oct/2019 01:29:31] "GET /media/Marijuana_Oil_Cartridges/Marijuana_Oil_Cartridges.jpg HTTP/1.1" 304 0
[21/Oct/2019 01:29:32] "GET /media/Breast_implants/Breast_implants.jpg_350x350 HTTP/1.1" 304 0
[21/Oct/2019 01:29:32] "GET /media/Increlex/Increlex.jpg HTTP/1.1" 304 0

